[0.245s] DEBUG:colcon:Command line arguments: ['/usr/bin/colcon', 'build']
[0.245s] DEBUG:colcon:Parsed command line arguments: Namespace(log_base=None, log_level=None, verb_name='build', build_base='build', install_base='install', merge_install=False, symlink_install=False, test_result_base=None, continue_on_error=False, executor='parallel', parallel_workers=8, event_handlers=None, ignore_user_meta=False, metas=['./colcon.meta'], base_paths=['.'], packages_ignore=None, packages_ignore_regex=None, paths=None, packages_up_to=None, packages_up_to_regex=None, packages_above=None, packages_above_and_dependencies=None, packages_above_depth=None, packages_select_by_dep=None, packages_skip_by_dep=None, packages_skip_up_to=None, packages_select_build_failed=False, packages_skip_build_finished=False, packages_select_test_failures=False, packages_skip_test_passed=False, packages_select=None, packages_skip=None, packages_select_regex=None, packages_skip_regex=None, packages_start=None, packages_end=None, allow_overriding=[], cmake_args=None, cmake_target=None, cmake_target_skip_unavailable=False, cmake_clean_cache=False, cmake_clean_first=False, cmake_force_configure=False, ament_cmake_args=None, catkin_cmake_args=None, catkin_skip_building_tests=False, mixin_files=None, mixin=None, verb_parser=<colcon_mixin.mixin.mixin_argument.MixinArgumentDecorator object at 0x793e22856050>, verb_extension=<colcon_core.verb.build.BuildVerb object at 0x793e2296a680>, main=<bound method BuildVerb.main of <colcon_core.verb.build.BuildVerb object at 0x793e2296a680>>, mixin_verb=('build',))
[0.534s] Level 1:colcon.colcon_core.package_discovery:discover_packages(colcon_meta) check parameters
[0.534s] Level 1:colcon.colcon_core.package_discovery:discover_packages(recursive) check parameters
[0.534s] Level 1:colcon.colcon_core.package_discovery:discover_packages(ignore) check parameters
[0.534s] Level 1:colcon.colcon_core.package_discovery:discover_packages(path) check parameters
[0.534s] Level 1:colcon.colcon_core.package_discovery:discover_packages(colcon_meta) discover
[0.534s] Level 1:colcon.colcon_core.package_discovery:discover_packages(recursive) discover
[0.534s] INFO:colcon.colcon_core.package_discovery:Crawling recursively for packages in '/home/loeder/Documents/BlueRov/bluerov_ws/src'
[0.534s] Level 1:colcon.colcon_core.package_identification:_identify(.) by extensions ['ignore', 'ignore_ament_install']
[0.534s] Level 1:colcon.colcon_core.package_identification:_identify(.) by extension 'ignore'
[0.535s] Level 1:colcon.colcon_core.package_identification:_identify(.) by extension 'ignore_ament_install'
[0.535s] Level 1:colcon.colcon_core.package_identification:_identify(.) by extensions ['colcon_pkg']
[0.535s] Level 1:colcon.colcon_core.package_identification:_identify(.) by extension 'colcon_pkg'
[0.535s] Level 1:colcon.colcon_core.package_identification:_identify(.) by extensions ['colcon_meta']
[0.535s] Level 1:colcon.colcon_core.package_identification:_identify(.) by extension 'colcon_meta'
[0.535s] Level 1:colcon.colcon_core.package_identification:_identify(.) by extensions ['ros']
[0.535s] Level 1:colcon.colcon_core.package_identification:_identify(.) by extension 'ros'
[0.553s] Level 1:colcon.colcon_core.package_identification:_identify(.) by extensions ['cmake', 'python']
[0.553s] Level 1:colcon.colcon_core.package_identification:_identify(.) by extension 'cmake'
[0.553s] Level 1:colcon.colcon_core.package_identification:_identify(.) by extension 'python'
[0.553s] Level 1:colcon.colcon_core.package_identification:_identify(.) by extensions ['python_setup_py']
[0.553s] Level 1:colcon.colcon_core.package_identification:_identify(.) by extension 'python_setup_py'
[0.553s] Level 1:colcon.colcon_core.package_identification:_identify(autonomous_rov) by extensions ['ignore', 'ignore_ament_install']
[0.553s] Level 1:colcon.colcon_core.package_identification:_identify(autonomous_rov) by extension 'ignore'
[0.553s] Level 1:colcon.colcon_core.package_identification:_identify(autonomous_rov) by extension 'ignore_ament_install'
[0.553s] Level 1:colcon.colcon_core.package_identification:_identify(autonomous_rov) by extensions ['colcon_pkg']
[0.553s] Level 1:colcon.colcon_core.package_identification:_identify(autonomous_rov) by extension 'colcon_pkg'
[0.553s] Level 1:colcon.colcon_core.package_identification:_identify(autonomous_rov) by extensions ['colcon_meta']
[0.553s] Level 1:colcon.colcon_core.package_identification:_identify(autonomous_rov) by extension 'colcon_meta'
[0.554s] Level 1:colcon.colcon_core.package_identification:_identify(autonomous_rov) by extensions ['ros']
[0.554s] Level 1:colcon.colcon_core.package_identification:_identify(autonomous_rov) by extension 'ros'
[0.559s] DEBUG:colcon.colcon_core.package_identification:Package 'autonomous_rov' with type 'ros.ament_python' and name 'autonomous_rov'
[0.559s] Level 1:colcon.colcon_core.package_identification:_identify(build) by extensions ['ignore', 'ignore_ament_install']
[0.559s] Level 1:colcon.colcon_core.package_identification:_identify(build) by extension 'ignore'
[0.559s] Level 1:colcon.colcon_core.package_identification:_identify(build) ignored
[0.560s] Level 1:colcon.colcon_core.package_identification:_identify(depth_control_docs) by extensions ['ignore', 'ignore_ament_install']
[0.560s] Level 1:colcon.colcon_core.package_identification:_identify(depth_control_docs) by extension 'ignore'
[0.560s] Level 1:colcon.colcon_core.package_identification:_identify(depth_control_docs) by extension 'ignore_ament_install'
[0.560s] Level 1:colcon.colcon_core.package_identification:_identify(depth_control_docs) by extensions ['colcon_pkg']
[0.560s] Level 1:colcon.colcon_core.package_identification:_identify(depth_control_docs) by extension 'colcon_pkg'
[0.560s] Level 1:colcon.colcon_core.package_identification:_identify(depth_control_docs) by extensions ['colcon_meta']
[0.560s] Level 1:colcon.colcon_core.package_identification:_identify(depth_control_docs) by extension 'colcon_meta'
[0.560s] Level 1:colcon.colcon_core.package_identification:_identify(depth_control_docs) by extensions ['ros']
[0.560s] Level 1:colcon.colcon_core.package_identification:_identify(depth_control_docs) by extension 'ros'
[0.560s] Level 1:colcon.colcon_core.package_identification:_identify(depth_control_docs) by extensions ['cmake', 'python']
[0.560s] Level 1:colcon.colcon_core.package_identification:_identify(depth_control_docs) by extension 'cmake'
[0.560s] Level 1:colcon.colcon_core.package_identification:_identify(depth_control_docs) by extension 'python'
[0.560s] Level 1:colcon.colcon_core.package_identification:_identify(depth_control_docs) by extensions ['python_setup_py']
[0.560s] Level 1:colcon.colcon_core.package_identification:_identify(depth_control_docs) by extension 'python_setup_py'
[0.561s] Level 1:colcon.colcon_core.package_identification:_identify(install) by extensions ['ignore', 'ignore_ament_install']
[0.561s] Level 1:colcon.colcon_core.package_identification:_identify(install) by extension 'ignore'
[0.561s] Level 1:colcon.colcon_core.package_identification:_identify(install) ignored
[0.561s] Level 1:colcon.colcon_core.package_identification:_identify(log) by extensions ['ignore', 'ignore_ament_install']
[0.561s] Level 1:colcon.colcon_core.package_identification:_identify(log) by extension 'ignore'
[0.561s] Level 1:colcon.colcon_core.package_identification:_identify(log) ignored
[0.561s] Level 1:colcon.colcon_core.package_identification:_identify(ping_sonar_ros-master) by extensions ['ignore', 'ignore_ament_install']
[0.561s] Level 1:colcon.colcon_core.package_identification:_identify(ping_sonar_ros-master) by extension 'ignore'
[0.561s] Level 1:colcon.colcon_core.package_identification:_identify(ping_sonar_ros-master) by extension 'ignore_ament_install'
[0.561s] Level 1:colcon.colcon_core.package_identification:_identify(ping_sonar_ros-master) by extensions ['colcon_pkg']
[0.561s] Level 1:colcon.colcon_core.package_identification:_identify(ping_sonar_ros-master) by extension 'colcon_pkg'
[0.562s] Level 1:colcon.colcon_core.package_identification:_identify(ping_sonar_ros-master) by extensions ['colcon_meta']
[0.562s] Level 1:colcon.colcon_core.package_identification:_identify(ping_sonar_ros-master) by extension 'colcon_meta'
[0.562s] Level 1:colcon.colcon_core.package_identification:_identify(ping_sonar_ros-master) by extensions ['ros']
[0.562s] Level 1:colcon.colcon_core.package_identification:_identify(ping_sonar_ros-master) by extension 'ros'
[0.562s] DEBUG:colcon.colcon_core.package_identification:Package 'ping_sonar_ros-master' with type 'ros.ament_python' and name 'ping_sonar_ros'
[0.562s] Level 1:colcon.colcon_core.package_discovery:discover_packages(recursive) using defaults
[0.563s] Level 1:colcon.colcon_core.package_discovery:discover_packages(ignore) discover
[0.563s] Level 1:colcon.colcon_core.package_discovery:discover_packages(ignore) using defaults
[0.563s] Level 1:colcon.colcon_core.package_discovery:discover_packages(path) discover
[0.563s] Level 1:colcon.colcon_core.package_discovery:discover_packages(path) using defaults
[0.597s] Level 1:colcon.colcon_core.package_discovery:discover_packages(prefix_path) check parameters
[0.597s] Level 1:colcon.colcon_core.package_discovery:discover_packages(prefix_path) discover
[0.601s] DEBUG:colcon.colcon_installed_package_information.package_discovery:Found 2 installed packages in /home/loeder/Documents/BlueRov/bluerov_ws/install
[0.601s] DEBUG:colcon.colcon_installed_package_information.package_discovery:Found 2 installed packages in /home/loeder/ros2_ws/install
[0.603s] DEBUG:colcon.colcon_installed_package_information.package_discovery:Found 280 installed packages in /opt/ros/humble
[0.630s] Level 1:colcon.colcon_core.package_discovery:discover_packages(prefix_path) using defaults
[0.680s] Level 5:colcon.colcon_core.verb:set package 'autonomous_rov' build argument 'cmake_args' from command line to 'None'
[0.680s] Level 5:colcon.colcon_core.verb:set package 'autonomous_rov' build argument 'cmake_target' from command line to 'None'
[0.680s] Level 5:colcon.colcon_core.verb:set package 'autonomous_rov' build argument 'cmake_target_skip_unavailable' from command line to 'False'
[0.680s] Level 5:colcon.colcon_core.verb:set package 'autonomous_rov' build argument 'cmake_clean_cache' from command line to 'False'
[0.680s] Level 5:colcon.colcon_core.verb:set package 'autonomous_rov' build argument 'cmake_clean_first' from command line to 'False'
[0.680s] Level 5:colcon.colcon_core.verb:set package 'autonomous_rov' build argument 'cmake_force_configure' from command line to 'False'
[0.680s] Level 5:colcon.colcon_core.verb:set package 'autonomous_rov' build argument 'ament_cmake_args' from command line to 'None'
[0.680s] Level 5:colcon.colcon_core.verb:set package 'autonomous_rov' build argument 'catkin_cmake_args' from command line to 'None'
[0.680s] Level 5:colcon.colcon_core.verb:set package 'autonomous_rov' build argument 'catkin_skip_building_tests' from command line to 'False'
[0.680s] DEBUG:colcon.colcon_core.verb:Building package 'autonomous_rov' with the following arguments: {'ament_cmake_args': None, 'build_base': '/home/loeder/Documents/BlueRov/bluerov_ws/src/build/autonomous_rov', 'catkin_cmake_args': None, 'catkin_skip_building_tests': False, 'cmake_args': None, 'cmake_clean_cache': False, 'cmake_clean_first': False, 'cmake_force_configure': False, 'cmake_target': None, 'cmake_target_skip_unavailable': False, 'install_base': '/home/loeder/Documents/BlueRov/bluerov_ws/src/install/autonomous_rov', 'merge_install': False, 'path': '/home/loeder/Documents/BlueRov/bluerov_ws/src/autonomous_rov', 'symlink_install': False, 'test_result_base': None}
[0.681s] Level 5:colcon.colcon_core.verb:set package 'ping_sonar_ros' build argument 'cmake_args' from command line to 'None'
[0.681s] Level 5:colcon.colcon_core.verb:set package 'ping_sonar_ros' build argument 'cmake_target' from command line to 'None'
[0.681s] Level 5:colcon.colcon_core.verb:set package 'ping_sonar_ros' build argument 'cmake_target_skip_unavailable' from command line to 'False'
[0.681s] Level 5:colcon.colcon_core.verb:set package 'ping_sonar_ros' build argument 'cmake_clean_cache' from command line to 'False'
[0.681s] Level 5:colcon.colcon_core.verb:set package 'ping_sonar_ros' build argument 'cmake_clean_first' from command line to 'False'
[0.681s] Level 5:colcon.colcon_core.verb:set package 'ping_sonar_ros' build argument 'cmake_force_configure' from command line to 'False'
[0.681s] Level 5:colcon.colcon_core.verb:set package 'ping_sonar_ros' build argument 'ament_cmake_args' from command line to 'None'
[0.681s] Level 5:colcon.colcon_core.verb:set package 'ping_sonar_ros' build argument 'catkin_cmake_args' from command line to 'None'
[0.681s] Level 5:colcon.colcon_core.verb:set package 'ping_sonar_ros' build argument 'catkin_skip_building_tests' from command line to 'False'
[0.681s] DEBUG:colcon.colcon_core.verb:Building package 'ping_sonar_ros' with the following arguments: {'ament_cmake_args': None, 'build_base': '/home/loeder/Documents/BlueRov/bluerov_ws/src/build/ping_sonar_ros', 'catkin_cmake_args': None, 'catkin_skip_building_tests': False, 'cmake_args': None, 'cmake_clean_cache': False, 'cmake_clean_first': False, 'cmake_force_configure': False, 'cmake_target': None, 'cmake_target_skip_unavailable': False, 'install_base': '/home/loeder/Documents/BlueRov/bluerov_ws/src/install/ping_sonar_ros', 'merge_install': False, 'path': '/home/loeder/Documents/BlueRov/bluerov_ws/src/ping_sonar_ros-master', 'symlink_install': False, 'test_result_base': None}
[0.681s] INFO:colcon.colcon_core.executor:Executing jobs using 'parallel' executor
[0.683s] DEBUG:colcon.colcon_parallel_executor.executor.parallel:run_until_complete
[0.683s] INFO:colcon.colcon_ros.task.ament_python.build:Building ROS package in '/home/loeder/Documents/BlueRov/bluerov_ws/src/autonomous_rov' with build type 'ament_python'
[0.683s] Level 1:colcon.colcon_core.shell:create_environment_hook('autonomous_rov', 'ament_prefix_path')
[0.688s] INFO:colcon.colcon_core.plugin_system:Skipping extension 'colcon_core.shell.bat': Not used on non-Windows systems
[0.688s] INFO:colcon.colcon_core.shell:Creating environment hook '/home/loeder/Documents/BlueRov/bluerov_ws/src/install/autonomous_rov/share/autonomous_rov/hook/ament_prefix_path.ps1'
[0.690s] INFO:colcon.colcon_core.shell:Creating environment descriptor '/home/loeder/Documents/BlueRov/bluerov_ws/src/install/autonomous_rov/share/autonomous_rov/hook/ament_prefix_path.dsv'
[0.691s] INFO:colcon.colcon_core.shell:Creating environment hook '/home/loeder/Documents/BlueRov/bluerov_ws/src/install/autonomous_rov/share/autonomous_rov/hook/ament_prefix_path.sh'
[0.692s] INFO:colcon.colcon_core.shell:Skip shell extension 'powershell' for command environment: Not usable outside of PowerShell
[0.693s] DEBUG:colcon.colcon_core.shell:Skip shell extension 'dsv' for command environment
[0.697s] INFO:colcon.colcon_ros.task.ament_python.build:Building ROS package in '/home/loeder/Documents/BlueRov/bluerov_ws/src/ping_sonar_ros-master' with build type 'ament_python'
[0.698s] Level 1:colcon.colcon_core.shell:create_environment_hook('ping_sonar_ros', 'ament_prefix_path')
[0.698s] INFO:colcon.colcon_core.shell:Creating environment hook '/home/loeder/Documents/BlueRov/bluerov_ws/src/install/ping_sonar_ros/share/ping_sonar_ros/hook/ament_prefix_path.ps1'
[0.699s] INFO:colcon.colcon_core.shell:Creating environment descriptor '/home/loeder/Documents/BlueRov/bluerov_ws/src/install/ping_sonar_ros/share/ping_sonar_ros/hook/ament_prefix_path.dsv'
[0.699s] INFO:colcon.colcon_core.shell:Creating environment hook '/home/loeder/Documents/BlueRov/bluerov_ws/src/install/ping_sonar_ros/share/ping_sonar_ros/hook/ament_prefix_path.sh'
[0.700s] INFO:colcon.colcon_core.shell:Skip shell extension 'powershell' for command environment: Not usable outside of PowerShell
[0.700s] DEBUG:colcon.colcon_core.shell:Skip shell extension 'dsv' for command environment
[1.087s] INFO:colcon.colcon_core.task.python.build:Building Python package in '/home/loeder/Documents/BlueRov/bluerov_ws/src/autonomous_rov'
[1.088s] INFO:colcon.colcon_core.shell:Skip shell extension 'powershell' for command environment: Not usable outside of PowerShell
[1.088s] DEBUG:colcon.colcon_core.shell:Skip shell extension 'dsv' for command environment
[1.458s] INFO:colcon.colcon_core.task.python.build:Building Python package in '/home/loeder/Documents/BlueRov/bluerov_ws/src/ping_sonar_ros-master'
[1.459s] INFO:colcon.colcon_core.shell:Skip shell extension 'powershell' for command environment: Not usable outside of PowerShell
[1.459s] DEBUG:colcon.colcon_core.shell:Skip shell extension 'dsv' for command environment
[1.986s] DEBUG:colcon.colcon_core.event_handler.log_command:Invoking command in '/home/loeder/Documents/BlueRov/bluerov_ws/src/ping_sonar_ros-master': PYTHONPATH=/home/loeder/Documents/BlueRov/bluerov_ws/src/build/ping_sonar_ros/prefix_override:/usr/lib/python3/dist-packages/colcon_core/task/python/colcon_distutils_commands:/home/loeder/Documents/BlueRov/bluerov_ws/src/install/ping_sonar_ros/lib/python3.10/site-packages:${PYTHONPATH} /usr/bin/python3 -W ignore:setup.py install is deprecated setup.py egg_info --egg-base ../build/ping_sonar_ros build --build-base /home/loeder/Documents/BlueRov/bluerov_ws/src/build/ping_sonar_ros/build install --record /home/loeder/Documents/BlueRov/bluerov_ws/src/build/ping_sonar_ros/install.log --single-version-externally-managed install_data
[1.994s] DEBUG:colcon.colcon_core.event_handler.log_command:Invoking command in '/home/loeder/Documents/BlueRov/bluerov_ws/src/autonomous_rov': PYTHONPATH=/home/loeder/Documents/BlueRov/bluerov_ws/src/build/autonomous_rov/prefix_override:/usr/lib/python3/dist-packages/colcon_core/task/python/colcon_distutils_commands:/home/loeder/Documents/BlueRov/bluerov_ws/src/install/autonomous_rov/lib/python3.10/site-packages:${PYTHONPATH} /usr/bin/python3 -W ignore:setup.py install is deprecated setup.py egg_info --egg-base ../build/autonomous_rov build --build-base /home/loeder/Documents/BlueRov/bluerov_ws/src/build/autonomous_rov/build install --record /home/loeder/Documents/BlueRov/bluerov_ws/src/build/autonomous_rov/install.log --single-version-externally-managed install_data
[2.428s] DEBUG:colcon.colcon_core.event_handler.log_command:Invoked command in '/home/loeder/Documents/BlueRov/bluerov_ws/src/ping_sonar_ros-master' returned '0': PYTHONPATH=/home/loeder/Documents/BlueRov/bluerov_ws/src/build/ping_sonar_ros/prefix_override:/usr/lib/python3/dist-packages/colcon_core/task/python/colcon_distutils_commands:/home/loeder/Documents/BlueRov/bluerov_ws/src/install/ping_sonar_ros/lib/python3.10/site-packages:${PYTHONPATH} /usr/bin/python3 -W ignore:setup.py install is deprecated setup.py egg_info --egg-base ../build/ping_sonar_ros build --build-base /home/loeder/Documents/BlueRov/bluerov_ws/src/build/ping_sonar_ros/build install --record /home/loeder/Documents/BlueRov/bluerov_ws/src/build/ping_sonar_ros/install.log --single-version-externally-managed install_data
[2.434s] Level 1:colcon.colcon_core.environment:checking '/home/loeder/Documents/BlueRov/bluerov_ws/src/install/ping_sonar_ros' for CMake module files
[2.434s] Level 1:colcon.colcon_core.environment:checking '/home/loeder/Documents/BlueRov/bluerov_ws/src/install/ping_sonar_ros' for CMake config files
[2.435s] Level 1:colcon.colcon_core.environment:checking '/home/loeder/Documents/BlueRov/bluerov_ws/src/install/ping_sonar_ros/lib'
[2.435s] Level 1:colcon.colcon_core.environment:checking '/home/loeder/Documents/BlueRov/bluerov_ws/src/install/ping_sonar_ros/bin'
[2.435s] Level 1:colcon.colcon_core.environment:checking '/home/loeder/Documents/BlueRov/bluerov_ws/src/install/ping_sonar_ros/lib/pkgconfig/ping_sonar_ros.pc'
[2.436s] Level 1:colcon.colcon_core.environment:checking '/home/loeder/Documents/BlueRov/bluerov_ws/src/install/ping_sonar_ros/lib/python3.10/site-packages'
[2.436s] Level 1:colcon.colcon_core.shell:create_environment_hook('ping_sonar_ros', 'pythonpath')
[2.436s] INFO:colcon.colcon_core.shell:Creating environment hook '/home/loeder/Documents/BlueRov/bluerov_ws/src/install/ping_sonar_ros/share/ping_sonar_ros/hook/pythonpath.ps1'
[2.437s] INFO:colcon.colcon_core.shell:Creating environment descriptor '/home/loeder/Documents/BlueRov/bluerov_ws/src/install/ping_sonar_ros/share/ping_sonar_ros/hook/pythonpath.dsv'
[2.437s] INFO:colcon.colcon_core.shell:Creating environment hook '/home/loeder/Documents/BlueRov/bluerov_ws/src/install/ping_sonar_ros/share/ping_sonar_ros/hook/pythonpath.sh'
[2.438s] Level 1:colcon.colcon_core.environment:checking '/home/loeder/Documents/BlueRov/bluerov_ws/src/install/ping_sonar_ros/bin'
[2.439s] Level 1:colcon.colcon_core.environment:create_environment_scripts_only(ping_sonar_ros)
[2.439s] INFO:colcon.colcon_core.shell:Creating package script '/home/loeder/Documents/BlueRov/bluerov_ws/src/install/ping_sonar_ros/share/ping_sonar_ros/package.ps1'
[2.441s] INFO:colcon.colcon_core.shell:Creating package descriptor '/home/loeder/Documents/BlueRov/bluerov_ws/src/install/ping_sonar_ros/share/ping_sonar_ros/package.dsv'
[2.442s] INFO:colcon.colcon_core.shell:Creating package script '/home/loeder/Documents/BlueRov/bluerov_ws/src/install/ping_sonar_ros/share/ping_sonar_ros/package.sh'
[2.443s] INFO:colcon.colcon_core.shell:Creating package script '/home/loeder/Documents/BlueRov/bluerov_ws/src/install/ping_sonar_ros/share/ping_sonar_ros/package.bash'
[2.444s] INFO:colcon.colcon_core.shell:Creating package script '/home/loeder/Documents/BlueRov/bluerov_ws/src/install/ping_sonar_ros/share/ping_sonar_ros/package.zsh'
[2.445s] Level 1:colcon.colcon_core.environment:create_file_with_runtime_dependencies(/home/loeder/Documents/BlueRov/bluerov_ws/src/install/ping_sonar_ros/share/colcon-core/packages/ping_sonar_ros)
[2.447s] Level 1:colcon.colcon_core.environment:checking '/home/loeder/Documents/BlueRov/bluerov_ws/src/install/autonomous_rov' for CMake module files
[2.448s] DEBUG:colcon.colcon_core.event_handler.log_command:Invoked command in '/home/loeder/Documents/BlueRov/bluerov_ws/src/autonomous_rov' returned '0': PYTHONPATH=/home/loeder/Documents/BlueRov/bluerov_ws/src/build/autonomous_rov/prefix_override:/usr/lib/python3/dist-packages/colcon_core/task/python/colcon_distutils_commands:/home/loeder/Documents/BlueRov/bluerov_ws/src/install/autonomous_rov/lib/python3.10/site-packages:${PYTHONPATH} /usr/bin/python3 -W ignore:setup.py install is deprecated setup.py egg_info --egg-base ../build/autonomous_rov build --build-base /home/loeder/Documents/BlueRov/bluerov_ws/src/build/autonomous_rov/build install --record /home/loeder/Documents/BlueRov/bluerov_ws/src/build/autonomous_rov/install.log --single-version-externally-managed install_data
[2.448s] Level 1:colcon.colcon_core.environment:checking '/home/loeder/Documents/BlueRov/bluerov_ws/src/install/autonomous_rov' for CMake config files
[2.449s] Level 1:colcon.colcon_core.environment:checking '/home/loeder/Documents/BlueRov/bluerov_ws/src/install/autonomous_rov/lib'
[2.449s] Level 1:colcon.colcon_core.environment:checking '/home/loeder/Documents/BlueRov/bluerov_ws/src/install/autonomous_rov/bin'
[2.449s] Level 1:colcon.colcon_core.environment:checking '/home/loeder/Documents/BlueRov/bluerov_ws/src/install/autonomous_rov/lib/pkgconfig/autonomous_rov.pc'
[2.450s] Level 1:colcon.colcon_core.environment:checking '/home/loeder/Documents/BlueRov/bluerov_ws/src/install/autonomous_rov/lib/python3.10/site-packages'
[2.450s] Level 1:colcon.colcon_core.shell:create_environment_hook('autonomous_rov', 'pythonpath')
[2.450s] INFO:colcon.colcon_core.shell:Creating environment hook '/home/loeder/Documents/BlueRov/bluerov_ws/src/install/autonomous_rov/share/autonomous_rov/hook/pythonpath.ps1'
[2.451s] INFO:colcon.colcon_core.shell:Creating environment descriptor '/home/loeder/Documents/BlueRov/bluerov_ws/src/install/autonomous_rov/share/autonomous_rov/hook/pythonpath.dsv'
[2.451s] INFO:colcon.colcon_core.shell:Creating environment hook '/home/loeder/Documents/BlueRov/bluerov_ws/src/install/autonomous_rov/share/autonomous_rov/hook/pythonpath.sh'
[2.452s] Level 1:colcon.colcon_core.environment:checking '/home/loeder/Documents/BlueRov/bluerov_ws/src/install/autonomous_rov/bin'
[2.452s] Level 1:colcon.colcon_core.environment:create_environment_scripts_only(autonomous_rov)
[2.452s] INFO:colcon.colcon_core.shell:Creating package script '/home/loeder/Documents/BlueRov/bluerov_ws/src/install/autonomous_rov/share/autonomous_rov/package.ps1'
[2.453s] INFO:colcon.colcon_core.shell:Creating package descriptor '/home/loeder/Documents/BlueRov/bluerov_ws/src/install/autonomous_rov/share/autonomous_rov/package.dsv'
[2.453s] INFO:colcon.colcon_core.shell:Creating package script '/home/loeder/Documents/BlueRov/bluerov_ws/src/install/autonomous_rov/share/autonomous_rov/package.sh'
[2.454s] INFO:colcon.colcon_core.shell:Creating package script '/home/loeder/Documents/BlueRov/bluerov_ws/src/install/autonomous_rov/share/autonomous_rov/package.bash'
[2.455s] INFO:colcon.colcon_core.shell:Creating package script '/home/loeder/Documents/BlueRov/bluerov_ws/src/install/autonomous_rov/share/autonomous_rov/package.zsh'
[2.455s] Level 1:colcon.colcon_core.environment:create_file_with_runtime_dependencies(/home/loeder/Documents/BlueRov/bluerov_ws/src/install/autonomous_rov/share/colcon-core/packages/autonomous_rov)
[2.456s] DEBUG:colcon.colcon_parallel_executor.executor.parallel:closing loop
[2.456s] DEBUG:colcon.colcon_parallel_executor.executor.parallel:loop closed
[2.457s] DEBUG:colcon.colcon_parallel_executor.executor.parallel:run_until_complete finished with '0'
[2.457s] DEBUG:colcon.colcon_core.event_reactor:joining thread
[2.465s] INFO:colcon.colcon_core.plugin_system:Skipping extension 'colcon_notification.desktop_notification.terminal_notifier': Not used on non-Darwin systems
[2.465s] INFO:colcon.colcon_core.plugin_system:Skipping extension 'colcon_notification.desktop_notification.win32': Not used on non-Windows systems
[2.465s] INFO:colcon.colcon_notification.desktop_notification:Sending desktop notification using 'notify2'
[2.483s] DEBUG:colcon.colcon_core.event_reactor:joined thread
[2.484s] INFO:colcon.colcon_core.shell:Creating prefix script '/home/loeder/Documents/BlueRov/bluerov_ws/src/install/local_setup.ps1'
[2.485s] INFO:colcon.colcon_core.shell:Creating prefix util module '/home/loeder/Documents/BlueRov/bluerov_ws/src/install/_local_setup_util_ps1.py'
[2.487s] INFO:colcon.colcon_core.shell:Creating prefix chain script '/home/loeder/Documents/BlueRov/bluerov_ws/src/install/setup.ps1'
[2.490s] INFO:colcon.colcon_core.shell:Creating prefix script '/home/loeder/Documents/BlueRov/bluerov_ws/src/install/local_setup.sh'
[2.491s] INFO:colcon.colcon_core.shell:Creating prefix util module '/home/loeder/Documents/BlueRov/bluerov_ws/src/install/_local_setup_util_sh.py'
[2.491s] INFO:colcon.colcon_core.shell:Creating prefix chain script '/home/loeder/Documents/BlueRov/bluerov_ws/src/install/setup.sh'
[2.493s] INFO:colcon.colcon_core.shell:Creating prefix script '/home/loeder/Documents/BlueRov/bluerov_ws/src/install/local_setup.bash'
[2.494s] INFO:colcon.colcon_core.shell:Creating prefix chain script '/home/loeder/Documents/BlueRov/bluerov_ws/src/install/setup.bash'
[2.495s] INFO:colcon.colcon_core.shell:Creating prefix script '/home/loeder/Documents/BlueRov/bluerov_ws/src/install/local_setup.zsh'
[2.496s] INFO:colcon.colcon_core.shell:Creating prefix chain script '/home/loeder/Documents/BlueRov/bluerov_ws/src/install/setup.zsh'
