[1.242s] Invoking command in '/home/loeder/Documents/BlueRov/bluerov_ws/src/ping_sonar_ros-master': PYTHONPATH=/home/loeder/Documents/BlueRov/bluerov_ws/src/build/ping_sonar_ros/prefix_override:/usr/lib/python3/dist-packages/colcon_core/task/python/colcon_distutils_commands:/home/loeder/Documents/BlueRov/bluerov_ws/src/install/ping_sonar_ros/lib/python3.10/site-packages:${PYTHONPATH} VIRTUAL_ENV_PROMPT=(py_venv) /usr/bin/python3 -W ignore:setup.py install is deprecated setup.py egg_info --egg-base ../build/ping_sonar_ros build --build-base /home/loeder/Documents/BlueRov/bluerov_ws/src/build/ping_sonar_ros/build install --record /home/loeder/Documents/BlueRov/bluerov_ws/src/build/ping_sonar_ros/install.log --single-version-externally-managed install_data
[1.521s] running egg_info
[1.522s] writing ../build/ping_sonar_ros/ping_sonar_ros.egg-info/PKG-INFO
[1.522s] writing dependency_links to ../build/ping_sonar_ros/ping_sonar_ros.egg-info/dependency_links.txt
[1.522s] writing entry points to ../build/ping_sonar_ros/ping_sonar_ros.egg-info/entry_points.txt
[1.523s] writing requirements to ../build/ping_sonar_ros/ping_sonar_ros.egg-info/requires.txt
[1.523s] writing top-level names to ../build/ping_sonar_ros/ping_sonar_ros.egg-info/top_level.txt
[1.525s] reading manifest file '../build/ping_sonar_ros/ping_sonar_ros.egg-info/SOURCES.txt'
[1.525s] adding license file 'LICENSE'
[1.526s] writing manifest file '../build/ping_sonar_ros/ping_sonar_ros.egg-info/SOURCES.txt'
[1.526s] running build
[1.526s] running build_py
[1.527s] running install
[1.527s] running install_lib
[1.531s] running install_data
[1.531s] running install_egg_info
[1.535s] removing '/home/loeder/Documents/BlueRov/bluerov_ws/src/install/ping_sonar_ros/lib/python3.10/site-packages/ping_sonar_ros-0.0.0-py3.10.egg-info' (and everything under it)
[1.535s] Copying ../build/ping_sonar_ros/ping_sonar_ros.egg-info to /home/loeder/Documents/BlueRov/bluerov_ws/src/install/ping_sonar_ros/lib/python3.10/site-packages/ping_sonar_ros-0.0.0-py3.10.egg-info
[1.538s] running install_scripts
[1.566s] Installing ping1d_node script to /home/loeder/Documents/BlueRov/bluerov_ws/src/install/ping_sonar_ros/lib/ping_sonar_ros
[1.566s] Installing range_node script to /home/loeder/Documents/BlueRov/bluerov_ws/src/install/ping_sonar_ros/lib/ping_sonar_ros
[1.566s] writing list of installed files to '/home/loeder/Documents/BlueRov/bluerov_ws/src/build/ping_sonar_ros/install.log'
[1.644s] Invoked command in '/home/loeder/Documents/BlueRov/bluerov_ws/src/ping_sonar_ros-master' returned '0': PYTHONPATH=/home/loeder/Documents/BlueRov/bluerov_ws/src/build/ping_sonar_ros/prefix_override:/usr/lib/python3/dist-packages/colcon_core/task/python/colcon_distutils_commands:/home/loeder/Documents/BlueRov/bluerov_ws/src/install/ping_sonar_ros/lib/python3.10/site-packages:${PYTHONPATH} VIRTUAL_ENV_PROMPT=(py_venv) /usr/bin/python3 -W ignore:setup.py install is deprecated setup.py egg_info --egg-base ../build/ping_sonar_ros build --build-base /home/loeder/Documents/BlueRov/bluerov_ws/src/build/ping_sonar_ros/build install --record /home/loeder/Documents/BlueRov/bluerov_ws/src/build/ping_sonar_ros/install.log --single-version-externally-managed install_data
