[0.771s] Invoking command in '/home/loeder/Documents/BlueRov/bluerov_ws/src/ping_sonar_ros-master': PYTHONPATH=/home/loeder/Documents/BlueRov/bluerov_ws/src/build/ping_sonar_ros/prefix_override:/usr/lib/python3/dist-packages/colcon_core/task/python/colcon_distutils_commands:/home/loeder/Documents/BlueRov/bluerov_ws/src/install/ping_sonar_ros/lib/python3.10/site-packages:${PYTHONPATH} /usr/bin/python3 -W ignore:setup.py install is deprecated setup.py egg_info --egg-base ../build/ping_sonar_ros build --build-base /home/loeder/Documents/BlueRov/bluerov_ws/src/build/ping_sonar_ros/build install --record /home/loeder/Documents/BlueRov/bluerov_ws/src/build/ping_sonar_ros/install.log --single-version-externally-managed install_data
[0.961s] running egg_info
[0.962s] creating ../build/ping_sonar_ros/ping_sonar_ros.egg-info
[0.962s] writing ../build/ping_sonar_ros/ping_sonar_ros.egg-info/PKG-INFO
[0.962s] writing dependency_links to ../build/ping_sonar_ros/ping_sonar_ros.egg-info/dependency_links.txt
[0.962s] writing entry points to ../build/ping_sonar_ros/ping_sonar_ros.egg-info/entry_points.txt
[0.962s] writing requirements to ../build/ping_sonar_ros/ping_sonar_ros.egg-info/requires.txt
[0.963s] writing top-level names to ../build/ping_sonar_ros/ping_sonar_ros.egg-info/top_level.txt
[0.963s] writing manifest file '../build/ping_sonar_ros/ping_sonar_ros.egg-info/SOURCES.txt'
[0.971s] reading manifest file '../build/ping_sonar_ros/ping_sonar_ros.egg-info/SOURCES.txt'
[0.971s] adding license file 'LICENSE'
[0.972s] writing manifest file '../build/ping_sonar_ros/ping_sonar_ros.egg-info/SOURCES.txt'
[0.972s] running build
[0.972s] running build_py
[0.972s] creating /home/loeder/Documents/BlueRov/bluerov_ws/src/build/ping_sonar_ros/build
[0.972s] creating /home/loeder/Documents/BlueRov/bluerov_ws/src/build/ping_sonar_ros/build/lib
[0.972s] creating /home/loeder/Documents/BlueRov/bluerov_ws/src/build/ping_sonar_ros/build/lib/ping_sonar_ros
[0.972s] copying ping_sonar_ros/range_pub_node.py -> /home/loeder/Documents/BlueRov/bluerov_ws/src/build/ping_sonar_ros/build/lib/ping_sonar_ros
[0.973s] copying ping_sonar_ros/__init__.py -> /home/loeder/Documents/BlueRov/bluerov_ws/src/build/ping_sonar_ros/build/lib/ping_sonar_ros
[0.973s] copying ping_sonar_ros/range_pub_component.py -> /home/loeder/Documents/BlueRov/bluerov_ws/src/build/ping_sonar_ros/build/lib/ping_sonar_ros
[0.973s] copying ping_sonar_ros/ping1d_node.py -> /home/loeder/Documents/BlueRov/bluerov_ws/src/build/ping_sonar_ros/build/lib/ping_sonar_ros
[0.973s] copying ping_sonar_ros/ping1d_component.py -> /home/loeder/Documents/BlueRov/bluerov_ws/src/build/ping_sonar_ros/build/lib/ping_sonar_ros
[0.973s] creating /home/loeder/Documents/BlueRov/bluerov_ws/src/build/ping_sonar_ros/build/lib/ping_sonar_ros/ping-python
[0.973s] creating /home/loeder/Documents/BlueRov/bluerov_ws/src/build/ping_sonar_ros/build/lib/ping_sonar_ros/ping-python/brping
[0.973s] copying ping_sonar_ros/ping-python/brping/__init__.py -> /home/loeder/Documents/BlueRov/bluerov_ws/src/build/ping_sonar_ros/build/lib/ping_sonar_ros/ping-python/brping
[0.974s] copying ping_sonar_ros/ping-python/brping/ping360.py -> /home/loeder/Documents/BlueRov/bluerov_ws/src/build/ping_sonar_ros/build/lib/ping_sonar_ros/ping-python/brping
[0.974s] copying ping_sonar_ros/ping-python/brping/ping1d.py -> /home/loeder/Documents/BlueRov/bluerov_ws/src/build/ping_sonar_ros/build/lib/ping_sonar_ros/ping-python/brping
[0.974s] copying ping_sonar_ros/ping-python/brping/definitions.py -> /home/loeder/Documents/BlueRov/bluerov_ws/src/build/ping_sonar_ros/build/lib/ping_sonar_ros/ping-python/brping
[0.974s] copying ping_sonar_ros/ping-python/brping/device.py -> /home/loeder/Documents/BlueRov/bluerov_ws/src/build/ping_sonar_ros/build/lib/ping_sonar_ros/ping-python/brping
[0.975s] copying ping_sonar_ros/ping-python/brping/pingmessage.py -> /home/loeder/Documents/BlueRov/bluerov_ws/src/build/ping_sonar_ros/build/lib/ping_sonar_ros/ping-python/brping
[0.975s] running install
[0.975s] running install_lib
[0.976s] creating /home/loeder/Documents/BlueRov/bluerov_ws/src/install/ping_sonar_ros/lib/python3.10/site-packages/ping_sonar_ros
[0.976s] copying /home/loeder/Documents/BlueRov/bluerov_ws/src/build/ping_sonar_ros/build/lib/ping_sonar_ros/range_pub_node.py -> /home/loeder/Documents/BlueRov/bluerov_ws/src/install/ping_sonar_ros/lib/python3.10/site-packages/ping_sonar_ros
[0.977s] copying /home/loeder/Documents/BlueRov/bluerov_ws/src/build/ping_sonar_ros/build/lib/ping_sonar_ros/__init__.py -> /home/loeder/Documents/BlueRov/bluerov_ws/src/install/ping_sonar_ros/lib/python3.10/site-packages/ping_sonar_ros
[0.977s] copying /home/loeder/Documents/BlueRov/bluerov_ws/src/build/ping_sonar_ros/build/lib/ping_sonar_ros/range_pub_component.py -> /home/loeder/Documents/BlueRov/bluerov_ws/src/install/ping_sonar_ros/lib/python3.10/site-packages/ping_sonar_ros
[0.977s] copying /home/loeder/Documents/BlueRov/bluerov_ws/src/build/ping_sonar_ros/build/lib/ping_sonar_ros/ping1d_node.py -> /home/loeder/Documents/BlueRov/bluerov_ws/src/install/ping_sonar_ros/lib/python3.10/site-packages/ping_sonar_ros
[0.977s] creating /home/loeder/Documents/BlueRov/bluerov_ws/src/install/ping_sonar_ros/lib/python3.10/site-packages/ping_sonar_ros/ping-python
[0.977s] creating /home/loeder/Documents/BlueRov/bluerov_ws/src/install/ping_sonar_ros/lib/python3.10/site-packages/ping_sonar_ros/ping-python/brping
[0.977s] copying /home/loeder/Documents/BlueRov/bluerov_ws/src/build/ping_sonar_ros/build/lib/ping_sonar_ros/ping-python/brping/__init__.py -> /home/loeder/Documents/BlueRov/bluerov_ws/src/install/ping_sonar_ros/lib/python3.10/site-packages/ping_sonar_ros/ping-python/brping
[0.977s] copying /home/loeder/Documents/BlueRov/bluerov_ws/src/build/ping_sonar_ros/build/lib/ping_sonar_ros/ping-python/brping/ping360.py -> /home/loeder/Documents/BlueRov/bluerov_ws/src/install/ping_sonar_ros/lib/python3.10/site-packages/ping_sonar_ros/ping-python/brping
[0.977s] copying /home/loeder/Documents/BlueRov/bluerov_ws/src/build/ping_sonar_ros/build/lib/ping_sonar_ros/ping-python/brping/ping1d.py -> /home/loeder/Documents/BlueRov/bluerov_ws/src/install/ping_sonar_ros/lib/python3.10/site-packages/ping_sonar_ros/ping-python/brping
[0.977s] copying /home/loeder/Documents/BlueRov/bluerov_ws/src/build/ping_sonar_ros/build/lib/ping_sonar_ros/ping-python/brping/definitions.py -> /home/loeder/Documents/BlueRov/bluerov_ws/src/install/ping_sonar_ros/lib/python3.10/site-packages/ping_sonar_ros/ping-python/brping
[0.978s] copying /home/loeder/Documents/BlueRov/bluerov_ws/src/build/ping_sonar_ros/build/lib/ping_sonar_ros/ping-python/brping/device.py -> /home/loeder/Documents/BlueRov/bluerov_ws/src/install/ping_sonar_ros/lib/python3.10/site-packages/ping_sonar_ros/ping-python/brping
[0.978s] copying /home/loeder/Documents/BlueRov/bluerov_ws/src/build/ping_sonar_ros/build/lib/ping_sonar_ros/ping-python/brping/pingmessage.py -> /home/loeder/Documents/BlueRov/bluerov_ws/src/install/ping_sonar_ros/lib/python3.10/site-packages/ping_sonar_ros/ping-python/brping
[0.978s] copying /home/loeder/Documents/BlueRov/bluerov_ws/src/build/ping_sonar_ros/build/lib/ping_sonar_ros/ping1d_component.py -> /home/loeder/Documents/BlueRov/bluerov_ws/src/install/ping_sonar_ros/lib/python3.10/site-packages/ping_sonar_ros
[0.978s] byte-compiling /home/loeder/Documents/BlueRov/bluerov_ws/src/install/ping_sonar_ros/lib/python3.10/site-packages/ping_sonar_ros/range_pub_node.py to range_pub_node.cpython-310.pyc
[0.978s] byte-compiling /home/loeder/Documents/BlueRov/bluerov_ws/src/install/ping_sonar_ros/lib/python3.10/site-packages/ping_sonar_ros/__init__.py to __init__.cpython-310.pyc
[0.979s] byte-compiling /home/loeder/Documents/BlueRov/bluerov_ws/src/install/ping_sonar_ros/lib/python3.10/site-packages/ping_sonar_ros/range_pub_component.py to range_pub_component.cpython-310.pyc
[0.979s] byte-compiling /home/loeder/Documents/BlueRov/bluerov_ws/src/install/ping_sonar_ros/lib/python3.10/site-packages/ping_sonar_ros/ping1d_node.py to ping1d_node.cpython-310.pyc
[0.979s] byte-compiling /home/loeder/Documents/BlueRov/bluerov_ws/src/install/ping_sonar_ros/lib/python3.10/site-packages/ping_sonar_ros/ping-python/brping/__init__.py to __init__.cpython-310.pyc
[0.979s] byte-compiling /home/loeder/Documents/BlueRov/bluerov_ws/src/install/ping_sonar_ros/lib/python3.10/site-packages/ping_sonar_ros/ping-python/brping/ping360.py to ping360.cpython-310.pyc
[0.981s] byte-compiling /home/loeder/Documents/BlueRov/bluerov_ws/src/install/ping_sonar_ros/lib/python3.10/site-packages/ping_sonar_ros/ping-python/brping/ping1d.py to ping1d.cpython-310.pyc
[0.982s] byte-compiling /home/loeder/Documents/BlueRov/bluerov_ws/src/install/ping_sonar_ros/lib/python3.10/site-packages/ping_sonar_ros/ping-python/brping/definitions.py to definitions.cpython-310.pyc
[0.983s] byte-compiling /home/loeder/Documents/BlueRov/bluerov_ws/src/install/ping_sonar_ros/lib/python3.10/site-packages/ping_sonar_ros/ping-python/brping/device.py to device.cpython-310.pyc
[0.984s] byte-compiling /home/loeder/Documents/BlueRov/bluerov_ws/src/install/ping_sonar_ros/lib/python3.10/site-packages/ping_sonar_ros/ping-python/brping/pingmessage.py to pingmessage.cpython-310.pyc
[0.985s] byte-compiling /home/loeder/Documents/BlueRov/bluerov_ws/src/install/ping_sonar_ros/lib/python3.10/site-packages/ping_sonar_ros/ping1d_component.py to ping1d_component.cpython-310.pyc
[0.986s] running install_data
[0.986s] creating /home/loeder/Documents/BlueRov/bluerov_ws/src/install/ping_sonar_ros/share/ament_index
[0.986s] creating /home/loeder/Documents/BlueRov/bluerov_ws/src/install/ping_sonar_ros/share/ament_index/resource_index
[0.986s] creating /home/loeder/Documents/BlueRov/bluerov_ws/src/install/ping_sonar_ros/share/ament_index/resource_index/packages
[0.986s] copying resource/ping_sonar_ros -> /home/loeder/Documents/BlueRov/bluerov_ws/src/install/ping_sonar_ros/share/ament_index/resource_index/packages
[0.986s] copying package.xml -> /home/loeder/Documents/BlueRov/bluerov_ws/src/install/ping_sonar_ros/share/ping_sonar_ros
[0.986s] creating /home/loeder/Documents/BlueRov/bluerov_ws/src/install/ping_sonar_ros/share/ping_sonar_ros/launch
[0.986s] copying launch/ping_sonar.launch.py -> /home/loeder/Documents/BlueRov/bluerov_ws/src/install/ping_sonar_ros/share/ping_sonar_ros/launch/
[0.987s] copying launch/run_pinger.launch -> /home/loeder/Documents/BlueRov/bluerov_ws/src/install/ping_sonar_ros/share/ping_sonar_ros/launch/
[0.987s] creating /home/loeder/Documents/BlueRov/bluerov_ws/src/install/ping_sonar_ros/share/ping_sonar_ros/rviz
[0.987s] copying rviz/ping_sonar.rviz -> /home/loeder/Documents/BlueRov/bluerov_ws/src/install/ping_sonar_ros/share/ping_sonar_ros/rviz/
[0.987s] running install_egg_info
[0.989s] Copying ../build/ping_sonar_ros/ping_sonar_ros.egg-info to /home/loeder/Documents/BlueRov/bluerov_ws/src/install/ping_sonar_ros/lib/python3.10/site-packages/ping_sonar_ros-0.0.0-py3.10.egg-info
[0.989s] running install_scripts
[1.006s] Installing ping1d_node script to /home/loeder/Documents/BlueRov/bluerov_ws/src/install/ping_sonar_ros/lib/ping_sonar_ros
[1.006s] Installing range_node script to /home/loeder/Documents/BlueRov/bluerov_ws/src/install/ping_sonar_ros/lib/ping_sonar_ros
[1.007s] writing list of installed files to '/home/loeder/Documents/BlueRov/bluerov_ws/src/build/ping_sonar_ros/install.log'
[1.047s] Invoked command in '/home/loeder/Documents/BlueRov/bluerov_ws/src/ping_sonar_ros-master' returned '0': PYTHONPATH=/home/loeder/Documents/BlueRov/bluerov_ws/src/build/ping_sonar_ros/prefix_override:/usr/lib/python3/dist-packages/colcon_core/task/python/colcon_distutils_commands:/home/loeder/Documents/BlueRov/bluerov_ws/src/install/ping_sonar_ros/lib/python3.10/site-packages:${PYTHONPATH} /usr/bin/python3 -W ignore:setup.py install is deprecated setup.py egg_info --egg-base ../build/ping_sonar_ros build --build-base /home/loeder/Documents/BlueRov/bluerov_ws/src/build/ping_sonar_ros/build install --record /home/loeder/Documents/BlueRov/bluerov_ws/src/build/ping_sonar_ros/install.log --single-version-externally-managed install_data
