[1.047s] Invoking command in '/home/loeder/Documents/BlueRov/bluerov_ws/src/ping_sonar_ros-master': PYTHONPATH=/home/loeder/Documents/BlueRov/bluerov_ws/src/build/ping_sonar_ros/prefix_override:/usr/lib/python3/dist-packages/colcon_core/task/python/colcon_distutils_commands:/home/loeder/Documents/BlueRov/bluerov_ws/src/install/ping_sonar_ros/lib/python3.10/site-packages:${PYTHONPATH} /usr/bin/python3 -W ignore:setup.py install is deprecated setup.py egg_info --egg-base ../build/ping_sonar_ros build --build-base /home/loeder/Documents/BlueRov/bluerov_ws/src/build/ping_sonar_ros/build install --record /home/loeder/Documents/BlueRov/bluerov_ws/src/build/ping_sonar_ros/install.log --single-version-externally-managed install_data
[1.284s] running egg_info
[1.285s] writing ../build/ping_sonar_ros/ping_sonar_ros.egg-info/PKG-INFO
[1.285s] writing dependency_links to ../build/ping_sonar_ros/ping_sonar_ros.egg-info/dependency_links.txt
[1.285s] writing entry points to ../build/ping_sonar_ros/ping_sonar_ros.egg-info/entry_points.txt
[1.286s] writing requirements to ../build/ping_sonar_ros/ping_sonar_ros.egg-info/requires.txt
[1.286s] writing top-level names to ../build/ping_sonar_ros/ping_sonar_ros.egg-info/top_level.txt
[1.288s] reading manifest file '../build/ping_sonar_ros/ping_sonar_ros.egg-info/SOURCES.txt'
[1.288s] adding license file 'LICENSE'
[1.289s] writing manifest file '../build/ping_sonar_ros/ping_sonar_ros.egg-info/SOURCES.txt'
[1.289s] running build
[1.289s] running build_py
[1.290s] running install
[1.291s] running install_lib
[1.296s] running install_data
[1.296s] running install_egg_info
[1.298s] removing '/home/loeder/Documents/BlueRov/bluerov_ws/src/install/ping_sonar_ros/lib/python3.10/site-packages/ping_sonar_ros-0.0.0-py3.10.egg-info' (and everything under it)
[1.298s] Copying ../build/ping_sonar_ros/ping_sonar_ros.egg-info to /home/loeder/Documents/BlueRov/bluerov_ws/src/install/ping_sonar_ros/lib/python3.10/site-packages/ping_sonar_ros-0.0.0-py3.10.egg-info
[1.299s] running install_scripts
[1.320s] Installing ping1d_node script to /home/loeder/Documents/BlueRov/bluerov_ws/src/install/ping_sonar_ros/lib/ping_sonar_ros
[1.321s] Installing range_node script to /home/loeder/Documents/BlueRov/bluerov_ws/src/install/ping_sonar_ros/lib/ping_sonar_ros
[1.321s] writing list of installed files to '/home/loeder/Documents/BlueRov/bluerov_ws/src/build/ping_sonar_ros/install.log'
[1.407s] Invoked command in '/home/loeder/Documents/BlueRov/bluerov_ws/src/ping_sonar_ros-master' returned '0': PYTHONPATH=/home/loeder/Documents/BlueRov/bluerov_ws/src/build/ping_sonar_ros/prefix_override:/usr/lib/python3/dist-packages/colcon_core/task/python/colcon_distutils_commands:/home/loeder/Documents/BlueRov/bluerov_ws/src/install/ping_sonar_ros/lib/python3.10/site-packages:${PYTHONPATH} /usr/bin/python3 -W ignore:setup.py install is deprecated setup.py egg_info --egg-base ../build/ping_sonar_ros build --build-base /home/loeder/Documents/BlueRov/bluerov_ws/src/build/ping_sonar_ros/build install --record /home/loeder/Documents/BlueRov/bluerov_ws/src/build/ping_sonar_ros/install.log --single-version-externally-managed install_data
