[0.776s] Invoking command in '/home/loeder/Documents/BlueRov/bluerov_ws/src/autonomous_rov': PYTHONPATH=/home/loeder/Documents/BlueRov/bluerov_ws/src/build/autonomous_rov/prefix_override:/usr/lib/python3/dist-packages/colcon_core/task/python/colcon_distutils_commands:/home/loeder/Documents/BlueRov/bluerov_ws/src/install/autonomous_rov/lib/python3.10/site-packages:${PYTHONPATH} /usr/bin/python3 -W ignore:setup.py install is deprecated setup.py egg_info --egg-base ../build/autonomous_rov build --build-base /home/loeder/Documents/BlueRov/bluerov_ws/src/build/autonomous_rov/build install --record /home/loeder/Documents/BlueRov/bluerov_ws/src/build/autonomous_rov/install.log --single-version-externally-managed install_data
[0.971s] running egg_info
[0.972s] creating ../build/autonomous_rov/autonomous_rov.egg-info
[0.972s] writing ../build/autonomous_rov/autonomous_rov.egg-info/PKG-INFO
[0.972s] writing dependency_links to ../build/autonomous_rov/autonomous_rov.egg-info/dependency_links.txt
[0.972s] writing entry points to ../build/autonomous_rov/autonomous_rov.egg-info/entry_points.txt
[0.972s] writing requirements to ../build/autonomous_rov/autonomous_rov.egg-info/requires.txt
[0.972s] writing top-level names to ../build/autonomous_rov/autonomous_rov.egg-info/top_level.txt
[0.972s] writing manifest file '../build/autonomous_rov/autonomous_rov.egg-info/SOURCES.txt'
[0.974s] reading manifest file '../build/autonomous_rov/autonomous_rov.egg-info/SOURCES.txt'
[0.975s] writing manifest file '../build/autonomous_rov/autonomous_rov.egg-info/SOURCES.txt'
[0.975s] running build
[0.975s] running build_py
[0.976s] creating /home/loeder/Documents/BlueRov/bluerov_ws/src/build/autonomous_rov/build
[0.976s] creating /home/loeder/Documents/BlueRov/bluerov_ws/src/build/autonomous_rov/build/lib
[0.976s] creating /home/loeder/Documents/BlueRov/bluerov_ws/src/build/autonomous_rov/build/lib/autonomous_rov
[0.976s] copying autonomous_rov/__init__.py -> /home/loeder/Documents/BlueRov/bluerov_ws/src/build/autonomous_rov/build/lib/autonomous_rov
[0.976s] copying autonomous_rov/listenerMIR.py -> /home/loeder/Documents/BlueRov/bluerov_ws/src/build/autonomous_rov/build/lib/autonomous_rov
[0.978s] copying autonomous_rov/listenerMIR-old.py -> /home/loeder/Documents/BlueRov/bluerov_ws/src/build/autonomous_rov/build/lib/autonomous_rov
[0.978s] copying autonomous_rov/video.py -> /home/loeder/Documents/BlueRov/bluerov_ws/src/build/autonomous_rov/build/lib/autonomous_rov
[0.978s] copying autonomous_rov/pinger_node.py -> /home/loeder/Documents/BlueRov/bluerov_ws/src/build/autonomous_rov/build/lib/autonomous_rov
[0.979s] copying autonomous_rov/image_processing_mir_ROS1.py -> /home/loeder/Documents/BlueRov/bluerov_ws/src/build/autonomous_rov/build/lib/autonomous_rov
[0.979s] copying autonomous_rov/image_processing_tracker_DUNE.py -> /home/loeder/Documents/BlueRov/bluerov_ws/src/build/autonomous_rov/build/lib/autonomous_rov
[0.979s] copying autonomous_rov/linstenerMir-original.py -> /home/loeder/Documents/BlueRov/bluerov_ws/src/build/autonomous_rov/build/lib/autonomous_rov
[0.979s] copying autonomous_rov/camera_parameters.py -> /home/loeder/Documents/BlueRov/bluerov_ws/src/build/autonomous_rov/build/lib/autonomous_rov
[0.980s] copying autonomous_rov/image_processing_mir.py -> /home/loeder/Documents/BlueRov/bluerov_ws/src/build/autonomous_rov/build/lib/autonomous_rov
[0.980s] copying autonomous_rov/linstenerMir-original copy.py -> /home/loeder/Documents/BlueRov/bluerov_ws/src/build/autonomous_rov/build/lib/autonomous_rov
[0.981s] running install
[0.981s] running install_lib
[0.982s] creating /home/loeder/Documents/BlueRov/bluerov_ws/src/install/autonomous_rov/lib/python3.10/site-packages/autonomous_rov
[0.982s] copying /home/loeder/Documents/BlueRov/bluerov_ws/src/build/autonomous_rov/build/lib/autonomous_rov/__init__.py -> /home/loeder/Documents/BlueRov/bluerov_ws/src/install/autonomous_rov/lib/python3.10/site-packages/autonomous_rov
[0.983s] copying /home/loeder/Documents/BlueRov/bluerov_ws/src/build/autonomous_rov/build/lib/autonomous_rov/listenerMIR.py -> /home/loeder/Documents/BlueRov/bluerov_ws/src/install/autonomous_rov/lib/python3.10/site-packages/autonomous_rov
[0.983s] copying /home/loeder/Documents/BlueRov/bluerov_ws/src/build/autonomous_rov/build/lib/autonomous_rov/listenerMIR-old.py -> /home/loeder/Documents/BlueRov/bluerov_ws/src/install/autonomous_rov/lib/python3.10/site-packages/autonomous_rov
[0.983s] copying /home/loeder/Documents/BlueRov/bluerov_ws/src/build/autonomous_rov/build/lib/autonomous_rov/video.py -> /home/loeder/Documents/BlueRov/bluerov_ws/src/install/autonomous_rov/lib/python3.10/site-packages/autonomous_rov
[0.983s] copying /home/loeder/Documents/BlueRov/bluerov_ws/src/build/autonomous_rov/build/lib/autonomous_rov/pinger_node.py -> /home/loeder/Documents/BlueRov/bluerov_ws/src/install/autonomous_rov/lib/python3.10/site-packages/autonomous_rov
[0.984s] copying /home/loeder/Documents/BlueRov/bluerov_ws/src/build/autonomous_rov/build/lib/autonomous_rov/image_processing_mir_ROS1.py -> /home/loeder/Documents/BlueRov/bluerov_ws/src/install/autonomous_rov/lib/python3.10/site-packages/autonomous_rov
[0.984s] copying /home/loeder/Documents/BlueRov/bluerov_ws/src/build/autonomous_rov/build/lib/autonomous_rov/image_processing_tracker_DUNE.py -> /home/loeder/Documents/BlueRov/bluerov_ws/src/install/autonomous_rov/lib/python3.10/site-packages/autonomous_rov
[0.984s] copying /home/loeder/Documents/BlueRov/bluerov_ws/src/build/autonomous_rov/build/lib/autonomous_rov/linstenerMir-original.py -> /home/loeder/Documents/BlueRov/bluerov_ws/src/install/autonomous_rov/lib/python3.10/site-packages/autonomous_rov
[0.984s] copying /home/loeder/Documents/BlueRov/bluerov_ws/src/build/autonomous_rov/build/lib/autonomous_rov/camera_parameters.py -> /home/loeder/Documents/BlueRov/bluerov_ws/src/install/autonomous_rov/lib/python3.10/site-packages/autonomous_rov
[0.984s] copying /home/loeder/Documents/BlueRov/bluerov_ws/src/build/autonomous_rov/build/lib/autonomous_rov/image_processing_mir.py -> /home/loeder/Documents/BlueRov/bluerov_ws/src/install/autonomous_rov/lib/python3.10/site-packages/autonomous_rov
[0.984s] copying /home/loeder/Documents/BlueRov/bluerov_ws/src/build/autonomous_rov/build/lib/autonomous_rov/linstenerMir-original copy.py -> /home/loeder/Documents/BlueRov/bluerov_ws/src/install/autonomous_rov/lib/python3.10/site-packages/autonomous_rov
[0.984s] byte-compiling /home/loeder/Documents/BlueRov/bluerov_ws/src/install/autonomous_rov/lib/python3.10/site-packages/autonomous_rov/__init__.py to __init__.cpython-310.pyc
[0.985s] byte-compiling /home/loeder/Documents/BlueRov/bluerov_ws/src/install/autonomous_rov/lib/python3.10/site-packages/autonomous_rov/listenerMIR.py to listenerMIR.cpython-310.pyc
[0.989s] byte-compiling /home/loeder/Documents/BlueRov/bluerov_ws/src/install/autonomous_rov/lib/python3.10/site-packages/autonomous_rov/listenerMIR-old.py to listenerMIR-old.cpython-310.pyc
[0.990s] byte-compiling /home/loeder/Documents/BlueRov/bluerov_ws/src/install/autonomous_rov/lib/python3.10/site-packages/autonomous_rov/video.py to video.cpython-310.pyc
[0.991s] byte-compiling /home/loeder/Documents/BlueRov/bluerov_ws/src/install/autonomous_rov/lib/python3.10/site-packages/autonomous_rov/pinger_node.py to pinger_node.cpython-310.pyc
[0.991s] byte-compiling /home/loeder/Documents/BlueRov/bluerov_ws/src/install/autonomous_rov/lib/python3.10/site-packages/autonomous_rov/image_processing_mir_ROS1.py to image_processing_mir_ROS1.cpython-310.pyc
[0.991s] Sorry: TabError: inconsistent use of tabs and spaces in indentation (image_processing_mir_ROS1.py, line 23)
[0.991s] byte-compiling /home/loeder/Documents/BlueRov/bluerov_ws/src/install/autonomous_rov/lib/python3.10/site-packages/autonomous_rov/image_processing_tracker_DUNE.py to image_processing_tracker_DUNE.cpython-310.pyc
[0.992s] byte-compiling /home/loeder/Documents/BlueRov/bluerov_ws/src/install/autonomous_rov/lib/python3.10/site-packages/autonomous_rov/linstenerMir-original.py to linstenerMir-original.cpython-310.pyc
[0.994s] byte-compiling /home/loeder/Documents/BlueRov/bluerov_ws/src/install/autonomous_rov/lib/python3.10/site-packages/autonomous_rov/camera_parameters.py to camera_parameters.cpython-310.pyc
[0.994s] byte-compiling /home/loeder/Documents/BlueRov/bluerov_ws/src/install/autonomous_rov/lib/python3.10/site-packages/autonomous_rov/image_processing_mir.py to image_processing_mir.cpython-310.pyc
[0.994s] byte-compiling /home/loeder/Documents/BlueRov/bluerov_ws/src/install/autonomous_rov/lib/python3.10/site-packages/autonomous_rov/linstenerMir-original copy.py to linstenerMir-original copy.cpython-310.pyc
[0.996s] running install_data
[0.996s] creating /home/loeder/Documents/BlueRov/bluerov_ws/src/install/autonomous_rov/share/ament_index
[0.996s] creating /home/loeder/Documents/BlueRov/bluerov_ws/src/install/autonomous_rov/share/ament_index/resource_index
[0.996s] creating /home/loeder/Documents/BlueRov/bluerov_ws/src/install/autonomous_rov/share/ament_index/resource_index/packages
[0.996s] copying resource/autonomous_rov -> /home/loeder/Documents/BlueRov/bluerov_ws/src/install/autonomous_rov/share/ament_index/resource_index/packages
[0.996s] copying package.xml -> /home/loeder/Documents/BlueRov/bluerov_ws/src/install/autonomous_rov/share/autonomous_rov
[0.996s] creating /home/loeder/Documents/BlueRov/bluerov_ws/src/install/autonomous_rov/share/autonomous_rov/launch
[0.997s] copying launch/run_image_processing.launch -> /home/loeder/Documents/BlueRov/bluerov_ws/src/install/autonomous_rov/share/autonomous_rov/launch
[0.997s] copying launch/run_listener_MIR_joy.launch -> /home/loeder/Documents/BlueRov/bluerov_ws/src/install/autonomous_rov/share/autonomous_rov/launch
[0.997s] copying launch/run_mavros.launch -> /home/loeder/Documents/BlueRov/bluerov_ws/src/install/autonomous_rov/share/autonomous_rov/launch
[0.997s] copying launch/run_video.launch -> /home/loeder/Documents/BlueRov/bluerov_ws/src/install/autonomous_rov/share/autonomous_rov/launch
[0.997s] copying launch/bluerov.launch -> /home/loeder/Documents/BlueRov/bluerov_ws/src/install/autonomous_rov/share/autonomous_rov/launch
[0.997s] copying launch/run_listener_MIR.launch -> /home/loeder/Documents/BlueRov/bluerov_ws/src/install/autonomous_rov/share/autonomous_rov/launch
[0.998s] copying launch/run_gamepad.launch -> /home/loeder/Documents/BlueRov/bluerov_ws/src/install/autonomous_rov/share/autonomous_rov/launch
[0.998s] creating /home/loeder/Documents/BlueRov/bluerov_ws/src/install/autonomous_rov/share/autonomous_rov/config
[0.998s] copying config/xbox.config.yaml -> /home/loeder/Documents/BlueRov/bluerov_ws/src/install/autonomous_rov/share/autonomous_rov/config
[0.998s] creating /home/loeder/Documents/BlueRov/bluerov_ws/src/install/autonomous_rov/share/autonomous_rov/lib
[0.998s] copying setup.py -> /home/loeder/Documents/BlueRov/bluerov_ws/src/install/autonomous_rov/share/autonomous_rov/lib
[0.998s] running install_egg_info
[1.000s] Copying ../build/autonomous_rov/autonomous_rov.egg-info to /home/loeder/Documents/BlueRov/bluerov_ws/src/install/autonomous_rov/lib/python3.10/site-packages/autonomous_rov-0.0.0-py3.10.egg-info
[1.001s] running install_scripts
[1.017s] Installing image_processing_tracker script to /home/loeder/Documents/BlueRov/bluerov_ws/src/install/autonomous_rov/lib/autonomous_rov
[1.017s] Installing listenerMIR script to /home/loeder/Documents/BlueRov/bluerov_ws/src/install/autonomous_rov/lib/autonomous_rov
[1.017s] Installing pinger_node script to /home/loeder/Documents/BlueRov/bluerov_ws/src/install/autonomous_rov/lib/autonomous_rov
[1.017s] Installing video script to /home/loeder/Documents/BlueRov/bluerov_ws/src/install/autonomous_rov/lib/autonomous_rov
[1.018s] writing list of installed files to '/home/loeder/Documents/BlueRov/bluerov_ws/src/build/autonomous_rov/install.log'
[1.067s] Invoked command in '/home/loeder/Documents/BlueRov/bluerov_ws/src/autonomous_rov' returned '0': PYTHONPATH=/home/loeder/Documents/BlueRov/bluerov_ws/src/build/autonomous_rov/prefix_override:/usr/lib/python3/dist-packages/colcon_core/task/python/colcon_distutils_commands:/home/loeder/Documents/BlueRov/bluerov_ws/src/install/autonomous_rov/lib/python3.10/site-packages:${PYTHONPATH} /usr/bin/python3 -W ignore:setup.py install is deprecated setup.py egg_info --egg-base ../build/autonomous_rov build --build-base /home/loeder/Documents/BlueRov/bluerov_ws/src/build/autonomous_rov/build install --record /home/loeder/Documents/BlueRov/bluerov_ws/src/build/autonomous_rov/install.log --single-version-externally-managed install_data
