/home/loeder/Documents/BlueRov/bluerov_ws/src/install/ping_sonar_ros/lib/python3.10/site-packages/ping_sonar_ros/range_pub_node.py
/home/loeder/Documents/BlueRov/bluerov_ws/src/install/ping_sonar_ros/lib/python3.10/site-packages/ping_sonar_ros/__init__.py
/home/loeder/Documents/BlueRov/bluerov_ws/src/install/ping_sonar_ros/lib/python3.10/site-packages/ping_sonar_ros/range_pub_component.py
/home/loeder/Documents/BlueRov/bluerov_ws/src/install/ping_sonar_ros/lib/python3.10/site-packages/ping_sonar_ros/ping1d_node.py
/home/loeder/Documents/BlueRov/bluerov_ws/src/install/ping_sonar_ros/lib/python3.10/site-packages/ping_sonar_ros/ping1d_component.py
/home/loeder/Documents/BlueRov/bluerov_ws/src/install/ping_sonar_ros/lib/python3.10/site-packages/ping_sonar_ros/ping-python/brping/__init__.py
/home/loeder/Documents/BlueRov/bluerov_ws/src/install/ping_sonar_ros/lib/python3.10/site-packages/ping_sonar_ros/ping-python/brping/ping360.py
/home/loeder/Documents/BlueRov/bluerov_ws/src/install/ping_sonar_ros/lib/python3.10/site-packages/ping_sonar_ros/ping-python/brping/ping1d.py
/home/loeder/Documents/BlueRov/bluerov_ws/src/install/ping_sonar_ros/lib/python3.10/site-packages/ping_sonar_ros/ping-python/brping/definitions.py
/home/loeder/Documents/BlueRov/bluerov_ws/src/install/ping_sonar_ros/lib/python3.10/site-packages/ping_sonar_ros/ping-python/brping/device.py
/home/loeder/Documents/BlueRov/bluerov_ws/src/install/ping_sonar_ros/lib/python3.10/site-packages/ping_sonar_ros/ping-python/brping/pingmessage.py
/home/loeder/Documents/BlueRov/bluerov_ws/src/install/ping_sonar_ros/lib/python3.10/site-packages/ping_sonar_ros/__pycache__/range_pub_node.cpython-310.pyc
/home/loeder/Documents/BlueRov/bluerov_ws/src/install/ping_sonar_ros/lib/python3.10/site-packages/ping_sonar_ros/__pycache__/__init__.cpython-310.pyc
/home/loeder/Documents/BlueRov/bluerov_ws/src/install/ping_sonar_ros/lib/python3.10/site-packages/ping_sonar_ros/__pycache__/range_pub_component.cpython-310.pyc
/home/loeder/Documents/BlueRov/bluerov_ws/src/install/ping_sonar_ros/lib/python3.10/site-packages/ping_sonar_ros/__pycache__/ping1d_node.cpython-310.pyc
/home/loeder/Documents/BlueRov/bluerov_ws/src/install/ping_sonar_ros/lib/python3.10/site-packages/ping_sonar_ros/__pycache__/ping1d_component.cpython-310.pyc
/home/loeder/Documents/BlueRov/bluerov_ws/src/install/ping_sonar_ros/lib/python3.10/site-packages/ping_sonar_ros/ping-python/brping/__pycache__/__init__.cpython-310.pyc
/home/loeder/Documents/BlueRov/bluerov_ws/src/install/ping_sonar_ros/lib/python3.10/site-packages/ping_sonar_ros/ping-python/brping/__pycache__/ping360.cpython-310.pyc
/home/loeder/Documents/BlueRov/bluerov_ws/src/install/ping_sonar_ros/lib/python3.10/site-packages/ping_sonar_ros/ping-python/brping/__pycache__/ping1d.cpython-310.pyc
/home/loeder/Documents/BlueRov/bluerov_ws/src/install/ping_sonar_ros/lib/python3.10/site-packages/ping_sonar_ros/ping-python/brping/__pycache__/definitions.cpython-310.pyc
/home/loeder/Documents/BlueRov/bluerov_ws/src/install/ping_sonar_ros/lib/python3.10/site-packages/ping_sonar_ros/ping-python/brping/__pycache__/device.cpython-310.pyc
/home/loeder/Documents/BlueRov/bluerov_ws/src/install/ping_sonar_ros/lib/python3.10/site-packages/ping_sonar_ros/ping-python/brping/__pycache__/pingmessage.cpython-310.pyc
/home/loeder/Documents/BlueRov/bluerov_ws/src/install/ping_sonar_ros/share/ament_index/resource_index/packages/ping_sonar_ros
/home/loeder/Documents/BlueRov/bluerov_ws/src/install/ping_sonar_ros/share/ping_sonar_ros/package.xml
/home/loeder/Documents/BlueRov/bluerov_ws/src/install/ping_sonar_ros/share/ping_sonar_ros/launch/ping_sonar.launch.py
/home/loeder/Documents/BlueRov/bluerov_ws/src/install/ping_sonar_ros/share/ping_sonar_ros/launch/run_pinger.launch
/home/loeder/Documents/BlueRov/bluerov_ws/src/install/ping_sonar_ros/share/ping_sonar_ros/rviz/ping_sonar.rviz
/home/loeder/Documents/BlueRov/bluerov_ws/src/install/ping_sonar_ros/lib/python3.10/site-packages/ping_sonar_ros-0.0.0-py3.10.egg-info/SOURCES.txt
/home/loeder/Documents/BlueRov/bluerov_ws/src/install/ping_sonar_ros/lib/python3.10/site-packages/ping_sonar_ros-0.0.0-py3.10.egg-info/entry_points.txt
/home/loeder/Documents/BlueRov/bluerov_ws/src/install/ping_sonar_ros/lib/python3.10/site-packages/ping_sonar_ros-0.0.0-py3.10.egg-info/top_level.txt
/home/loeder/Documents/BlueRov/bluerov_ws/src/install/ping_sonar_ros/lib/python3.10/site-packages/ping_sonar_ros-0.0.0-py3.10.egg-info/PKG-INFO
/home/loeder/Documents/BlueRov/bluerov_ws/src/install/ping_sonar_ros/lib/python3.10/site-packages/ping_sonar_ros-0.0.0-py3.10.egg-info/requires.txt
/home/loeder/Documents/BlueRov/bluerov_ws/src/install/ping_sonar_ros/lib/python3.10/site-packages/ping_sonar_ros-0.0.0-py3.10.egg-info/dependency_links.txt
/home/loeder/Documents/BlueRov/bluerov_ws/src/install/ping_sonar_ros/lib/python3.10/site-packages/ping_sonar_ros-0.0.0-py3.10.egg-info/zip-safe
/home/loeder/Documents/BlueRov/bluerov_ws/src/install/ping_sonar_ros/lib/ping_sonar_ros/ping1d_node
/home/loeder/Documents/BlueRov/bluerov_ws/src/install/ping_sonar_ros/lib/ping_sonar_ros/range_node
