[1.185s] Invoking command in '/home/loeder/Documents/BlueRov/bluerov_ws/src/autonomous_rov': PYTHONPATH=/home/loeder/Documents/BlueRov/bluerov_ws/src/build/autonomous_rov/prefix_override:/usr/lib/python3/dist-packages/colcon_core/task/python/colcon_distutils_commands:/home/loeder/Documents/BlueRov/bluerov_ws/src/install/autonomous_rov/lib/python3.10/site-packages:${PYTHONPATH} /usr/bin/python3 -W ignore:setup.py install is deprecated setup.py egg_info --egg-base ../build/autonomous_rov build --build-base /home/loeder/Documents/BlueRov/bluerov_ws/src/build/autonomous_rov/build install --record /home/loeder/Documents/BlueRov/bluerov_ws/src/build/autonomous_rov/install.log --single-version-externally-managed install_data
[1.478s] running egg_info
[1.478s] writing ../build/autonomous_rov/autonomous_rov.egg-info/PKG-INFO
[1.479s] writing dependency_links to ../build/autonomous_rov/autonomous_rov.egg-info/dependency_links.txt
[1.479s] writing entry points to ../build/autonomous_rov/autonomous_rov.egg-info/entry_points.txt
[1.479s] writing requirements to ../build/autonomous_rov/autonomous_rov.egg-info/requires.txt
[1.479s] writing top-level names to ../build/autonomous_rov/autonomous_rov.egg-info/top_level.txt
[1.482s] reading manifest file '../build/autonomous_rov/autonomous_rov.egg-info/SOURCES.txt'
[1.487s] writing manifest file '../build/autonomous_rov/autonomous_rov.egg-info/SOURCES.txt'
[1.488s] running build
[1.488s] running build_py
[1.488s] copying autonomous_rov/listenerMIR.py -> /home/loeder/Documents/BlueRov/bluerov_ws/src/build/autonomous_rov/build/lib/autonomous_rov
[1.489s] copying autonomous_rov/listenerMIR-depth-practise.py -> /home/loeder/Documents/BlueRov/bluerov_ws/src/build/autonomous_rov/build/lib/autonomous_rov
[1.489s] copying autonomous_rov/image_processing_tracker.py -> /home/loeder/Documents/BlueRov/bluerov_ws/src/build/autonomous_rov/build/lib/autonomous_rov
[1.490s] copying autonomous_rov/visual_servoing_MIR.py -> /home/loeder/Documents/BlueRov/bluerov_ws/src/build/autonomous_rov/build/lib/autonomous_rov
[1.493s] running install
[1.494s] running install_lib
[1.494s] copying /home/loeder/Documents/BlueRov/bluerov_ws/src/build/autonomous_rov/build/lib/autonomous_rov/listenerMIR.py -> /home/loeder/Documents/BlueRov/bluerov_ws/src/install/autonomous_rov/lib/python3.10/site-packages/autonomous_rov
[1.495s] copying /home/loeder/Documents/BlueRov/bluerov_ws/src/build/autonomous_rov/build/lib/autonomous_rov/listenerMIR-depth-practise.py -> /home/loeder/Documents/BlueRov/bluerov_ws/src/install/autonomous_rov/lib/python3.10/site-packages/autonomous_rov
[1.495s] copying /home/loeder/Documents/BlueRov/bluerov_ws/src/build/autonomous_rov/build/lib/autonomous_rov/image_processing_tracker.py -> /home/loeder/Documents/BlueRov/bluerov_ws/src/install/autonomous_rov/lib/python3.10/site-packages/autonomous_rov
[1.496s] copying /home/loeder/Documents/BlueRov/bluerov_ws/src/build/autonomous_rov/build/lib/autonomous_rov/visual_servoing_MIR.py -> /home/loeder/Documents/BlueRov/bluerov_ws/src/install/autonomous_rov/lib/python3.10/site-packages/autonomous_rov
[1.496s] byte-compiling /home/loeder/Documents/BlueRov/bluerov_ws/src/install/autonomous_rov/lib/python3.10/site-packages/autonomous_rov/listenerMIR.py to listenerMIR.cpython-310.pyc
[1.502s] byte-compiling /home/loeder/Documents/BlueRov/bluerov_ws/src/install/autonomous_rov/lib/python3.10/site-packages/autonomous_rov/image_processing_mir_ROS1.py to image_processing_mir_ROS1.cpython-310.pyc
[1.502s] Sorry: TabError: inconsistent use of tabs and spaces in indentation (image_processing_mir_ROS1.py, line 23)
[1.502s] byte-compiling /home/loeder/Documents/BlueRov/bluerov_ws/src/install/autonomous_rov/lib/python3.10/site-packages/autonomous_rov/listenerMIR-depth-practise.py to listenerMIR-depth-practise.cpython-310.pyc
[1.506s] byte-compiling /home/loeder/Documents/BlueRov/bluerov_ws/src/install/autonomous_rov/lib/python3.10/site-packages/autonomous_rov/image_processing_tracker.py to image_processing_tracker.cpython-310.pyc
[1.507s] byte-compiling /home/loeder/Documents/BlueRov/bluerov_ws/src/install/autonomous_rov/lib/python3.10/site-packages/autonomous_rov/visual_servoing_MIR.py to visual_servoing_MIR.cpython-310.pyc
[1.511s] running install_data
[1.511s] copying launch/visual_servoing.launch.py -> /home/loeder/Documents/BlueRov/bluerov_ws/src/install/autonomous_rov/share/autonomous_rov/launch
[1.512s] copying setup.py -> /home/loeder/Documents/BlueRov/bluerov_ws/src/install/autonomous_rov/share/autonomous_rov/lib
[1.512s] running install_egg_info
[1.514s] removing '/home/loeder/Documents/BlueRov/bluerov_ws/src/install/autonomous_rov/lib/python3.10/site-packages/autonomous_rov-0.0.0-py3.10.egg-info' (and everything under it)
[1.515s] Copying ../build/autonomous_rov/autonomous_rov.egg-info to /home/loeder/Documents/BlueRov/bluerov_ws/src/install/autonomous_rov/lib/python3.10/site-packages/autonomous_rov-0.0.0-py3.10.egg-info
[1.516s] running install_scripts
[1.543s] Installing image_processing_mir script to /home/loeder/Documents/BlueRov/bluerov_ws/src/install/autonomous_rov/lib/autonomous_rov
[1.543s] Installing image_processing_tracker script to /home/loeder/Documents/BlueRov/bluerov_ws/src/install/autonomous_rov/lib/autonomous_rov
[1.543s] Installing listenerMIR script to /home/loeder/Documents/BlueRov/bluerov_ws/src/install/autonomous_rov/lib/autonomous_rov
[1.543s] Installing pinger_node script to /home/loeder/Documents/BlueRov/bluerov_ws/src/install/autonomous_rov/lib/autonomous_rov
[1.543s] Installing video script to /home/loeder/Documents/BlueRov/bluerov_ws/src/install/autonomous_rov/lib/autonomous_rov
[1.544s] Installing visual_servoing_MIR script to /home/loeder/Documents/BlueRov/bluerov_ws/src/install/autonomous_rov/lib/autonomous_rov
[1.544s] Installing webcam_node script to /home/loeder/Documents/BlueRov/bluerov_ws/src/install/autonomous_rov/lib/autonomous_rov
[1.544s] writing list of installed files to '/home/loeder/Documents/BlueRov/bluerov_ws/src/build/autonomous_rov/install.log'
[1.589s] Invoked command in '/home/loeder/Documents/BlueRov/bluerov_ws/src/autonomous_rov' returned '0': PYTHONPATH=/home/loeder/Documents/BlueRov/bluerov_ws/src/build/autonomous_rov/prefix_override:/usr/lib/python3/dist-packages/colcon_core/task/python/colcon_distutils_commands:/home/loeder/Documents/BlueRov/bluerov_ws/src/install/autonomous_rov/lib/python3.10/site-packages:${PYTHONPATH} /usr/bin/python3 -W ignore:setup.py install is deprecated setup.py egg_info --egg-base ../build/autonomous_rov build --build-base /home/loeder/Documents/BlueRov/bluerov_ws/src/build/autonomous_rov/build install --record /home/loeder/Documents/BlueRov/bluerov_ws/src/build/autonomous_rov/install.log --single-version-externally-managed install_data
