[0.578s] Invoking command in '/home/loeder/Documents/BlueRov/bluerov_ws/src/ping_sonar_ros-master': PYTHONPATH=/home/loeder/Documents/BlueRov/bluerov_ws/src/ping_sonar_ros-master/build/ping_sonar_ros/prefix_override:/usr/lib/python3/dist-packages/colcon_core/task/python/colcon_distutils_commands:/home/loeder/Documents/BlueRov/bluerov_ws/src/ping_sonar_ros-master/install/ping_sonar_ros/lib/python3.10/site-packages:${PYTHONPATH} /usr/bin/python3 -W ignore:setup.py install is deprecated setup.py egg_info --egg-base build/ping_sonar_ros build --build-base /home/loeder/Documents/BlueRov/bluerov_ws/src/ping_sonar_ros-master/build/ping_sonar_ros/build install --record /home/loeder/Documents/BlueRov/bluerov_ws/src/ping_sonar_ros-master/build/ping_sonar_ros/install.log --single-version-externally-managed install_data
[0.791s] running egg_info
[0.791s] creating build/ping_sonar_ros/ping_sonar_ros.egg-info
[0.791s] writing build/ping_sonar_ros/ping_sonar_ros.egg-info/PKG-INFO
[0.792s] writing dependency_links to build/ping_sonar_ros/ping_sonar_ros.egg-info/dependency_links.txt
[0.792s] writing entry points to build/ping_sonar_ros/ping_sonar_ros.egg-info/entry_points.txt
[0.792s] writing requirements to build/ping_sonar_ros/ping_sonar_ros.egg-info/requires.txt
[0.792s] writing top-level names to build/ping_sonar_ros/ping_sonar_ros.egg-info/top_level.txt
[0.792s] writing manifest file 'build/ping_sonar_ros/ping_sonar_ros.egg-info/SOURCES.txt'
[0.794s] reading manifest file 'build/ping_sonar_ros/ping_sonar_ros.egg-info/SOURCES.txt'
[0.794s] adding license file 'LICENSE'
[0.794s] writing manifest file 'build/ping_sonar_ros/ping_sonar_ros.egg-info/SOURCES.txt'
[0.794s] running build
[0.794s] running build_py
[0.794s] creating /home/loeder/Documents/BlueRov/bluerov_ws/src/ping_sonar_ros-master/build/ping_sonar_ros/build
[0.795s] creating /home/loeder/Documents/BlueRov/bluerov_ws/src/ping_sonar_ros-master/build/ping_sonar_ros/build/lib
[0.795s] creating /home/loeder/Documents/BlueRov/bluerov_ws/src/ping_sonar_ros-master/build/ping_sonar_ros/build/lib/ping_sonar_ros
[0.795s] copying ping_sonar_ros/range_pub_node.py -> /home/loeder/Documents/BlueRov/bluerov_ws/src/ping_sonar_ros-master/build/ping_sonar_ros/build/lib/ping_sonar_ros
[0.795s] copying ping_sonar_ros/__init__.py -> /home/loeder/Documents/BlueRov/bluerov_ws/src/ping_sonar_ros-master/build/ping_sonar_ros/build/lib/ping_sonar_ros
[0.795s] copying ping_sonar_ros/range_pub_component.py -> /home/loeder/Documents/BlueRov/bluerov_ws/src/ping_sonar_ros-master/build/ping_sonar_ros/build/lib/ping_sonar_ros
[0.795s] copying ping_sonar_ros/ping1d_node.py -> /home/loeder/Documents/BlueRov/bluerov_ws/src/ping_sonar_ros-master/build/ping_sonar_ros/build/lib/ping_sonar_ros
[0.795s] copying ping_sonar_ros/ping1d_component.py -> /home/loeder/Documents/BlueRov/bluerov_ws/src/ping_sonar_ros-master/build/ping_sonar_ros/build/lib/ping_sonar_ros
[0.795s] creating /home/loeder/Documents/BlueRov/bluerov_ws/src/ping_sonar_ros-master/build/ping_sonar_ros/build/lib/ping_sonar_ros/ping-python
[0.795s] creating /home/loeder/Documents/BlueRov/bluerov_ws/src/ping_sonar_ros-master/build/ping_sonar_ros/build/lib/ping_sonar_ros/ping-python/brping
[0.795s] copying ping_sonar_ros/ping-python/brping/__init__.py -> /home/loeder/Documents/BlueRov/bluerov_ws/src/ping_sonar_ros-master/build/ping_sonar_ros/build/lib/ping_sonar_ros/ping-python/brping
[0.795s] copying ping_sonar_ros/ping-python/brping/ping360.py -> /home/loeder/Documents/BlueRov/bluerov_ws/src/ping_sonar_ros-master/build/ping_sonar_ros/build/lib/ping_sonar_ros/ping-python/brping
[0.796s] copying ping_sonar_ros/ping-python/brping/ping1d.py -> /home/loeder/Documents/BlueRov/bluerov_ws/src/ping_sonar_ros-master/build/ping_sonar_ros/build/lib/ping_sonar_ros/ping-python/brping
[0.796s] copying ping_sonar_ros/ping-python/brping/definitions.py -> /home/loeder/Documents/BlueRov/bluerov_ws/src/ping_sonar_ros-master/build/ping_sonar_ros/build/lib/ping_sonar_ros/ping-python/brping
[0.796s] copying ping_sonar_ros/ping-python/brping/device.py -> /home/loeder/Documents/BlueRov/bluerov_ws/src/ping_sonar_ros-master/build/ping_sonar_ros/build/lib/ping_sonar_ros/ping-python/brping
[0.796s] copying ping_sonar_ros/ping-python/brping/pingmessage.py -> /home/loeder/Documents/BlueRov/bluerov_ws/src/ping_sonar_ros-master/build/ping_sonar_ros/build/lib/ping_sonar_ros/ping-python/brping
[0.796s] running install
[0.796s] running install_lib
[0.798s] creating /home/loeder/Documents/BlueRov/bluerov_ws/src/ping_sonar_ros-master/install/ping_sonar_ros/lib/python3.10/site-packages/ping_sonar_ros
[0.798s] copying /home/loeder/Documents/BlueRov/bluerov_ws/src/ping_sonar_ros-master/build/ping_sonar_ros/build/lib/ping_sonar_ros/range_pub_node.py -> /home/loeder/Documents/BlueRov/bluerov_ws/src/ping_sonar_ros-master/install/ping_sonar_ros/lib/python3.10/site-packages/ping_sonar_ros
[0.798s] copying /home/loeder/Documents/BlueRov/bluerov_ws/src/ping_sonar_ros-master/build/ping_sonar_ros/build/lib/ping_sonar_ros/__init__.py -> /home/loeder/Documents/BlueRov/bluerov_ws/src/ping_sonar_ros-master/install/ping_sonar_ros/lib/python3.10/site-packages/ping_sonar_ros
[0.799s] copying /home/loeder/Documents/BlueRov/bluerov_ws/src/ping_sonar_ros-master/build/ping_sonar_ros/build/lib/ping_sonar_ros/range_pub_component.py -> /home/loeder/Documents/BlueRov/bluerov_ws/src/ping_sonar_ros-master/install/ping_sonar_ros/lib/python3.10/site-packages/ping_sonar_ros
[0.799s] copying /home/loeder/Documents/BlueRov/bluerov_ws/src/ping_sonar_ros-master/build/ping_sonar_ros/build/lib/ping_sonar_ros/ping1d_node.py -> /home/loeder/Documents/BlueRov/bluerov_ws/src/ping_sonar_ros-master/install/ping_sonar_ros/lib/python3.10/site-packages/ping_sonar_ros
[0.799s] creating /home/loeder/Documents/BlueRov/bluerov_ws/src/ping_sonar_ros-master/install/ping_sonar_ros/lib/python3.10/site-packages/ping_sonar_ros/ping-python
[0.799s] creating /home/loeder/Documents/BlueRov/bluerov_ws/src/ping_sonar_ros-master/install/ping_sonar_ros/lib/python3.10/site-packages/ping_sonar_ros/ping-python/brping
[0.799s] copying /home/loeder/Documents/BlueRov/bluerov_ws/src/ping_sonar_ros-master/build/ping_sonar_ros/build/lib/ping_sonar_ros/ping-python/brping/__init__.py -> /home/loeder/Documents/BlueRov/bluerov_ws/src/ping_sonar_ros-master/install/ping_sonar_ros/lib/python3.10/site-packages/ping_sonar_ros/ping-python/brping
[0.799s] copying /home/loeder/Documents/BlueRov/bluerov_ws/src/ping_sonar_ros-master/build/ping_sonar_ros/build/lib/ping_sonar_ros/ping-python/brping/ping360.py -> /home/loeder/Documents/BlueRov/bluerov_ws/src/ping_sonar_ros-master/install/ping_sonar_ros/lib/python3.10/site-packages/ping_sonar_ros/ping-python/brping
[0.799s] copying /home/loeder/Documents/BlueRov/bluerov_ws/src/ping_sonar_ros-master/build/ping_sonar_ros/build/lib/ping_sonar_ros/ping-python/brping/ping1d.py -> /home/loeder/Documents/BlueRov/bluerov_ws/src/ping_sonar_ros-master/install/ping_sonar_ros/lib/python3.10/site-packages/ping_sonar_ros/ping-python/brping
[0.799s] copying /home/loeder/Documents/BlueRov/bluerov_ws/src/ping_sonar_ros-master/build/ping_sonar_ros/build/lib/ping_sonar_ros/ping-python/brping/definitions.py -> /home/loeder/Documents/BlueRov/bluerov_ws/src/ping_sonar_ros-master/install/ping_sonar_ros/lib/python3.10/site-packages/ping_sonar_ros/ping-python/brping
[0.799s] copying /home/loeder/Documents/BlueRov/bluerov_ws/src/ping_sonar_ros-master/build/ping_sonar_ros/build/lib/ping_sonar_ros/ping-python/brping/device.py -> /home/loeder/Documents/BlueRov/bluerov_ws/src/ping_sonar_ros-master/install/ping_sonar_ros/lib/python3.10/site-packages/ping_sonar_ros/ping-python/brping
[0.799s] copying /home/loeder/Documents/BlueRov/bluerov_ws/src/ping_sonar_ros-master/build/ping_sonar_ros/build/lib/ping_sonar_ros/ping-python/brping/pingmessage.py -> /home/loeder/Documents/BlueRov/bluerov_ws/src/ping_sonar_ros-master/install/ping_sonar_ros/lib/python3.10/site-packages/ping_sonar_ros/ping-python/brping
[0.800s] copying /home/loeder/Documents/BlueRov/bluerov_ws/src/ping_sonar_ros-master/build/ping_sonar_ros/build/lib/ping_sonar_ros/ping1d_component.py -> /home/loeder/Documents/BlueRov/bluerov_ws/src/ping_sonar_ros-master/install/ping_sonar_ros/lib/python3.10/site-packages/ping_sonar_ros
[0.800s] byte-compiling /home/loeder/Documents/BlueRov/bluerov_ws/src/ping_sonar_ros-master/install/ping_sonar_ros/lib/python3.10/site-packages/ping_sonar_ros/range_pub_node.py to range_pub_node.cpython-310.pyc
[0.801s] byte-compiling /home/loeder/Documents/BlueRov/bluerov_ws/src/ping_sonar_ros-master/install/ping_sonar_ros/lib/python3.10/site-packages/ping_sonar_ros/__init__.py to __init__.cpython-310.pyc
[0.801s] byte-compiling /home/loeder/Documents/BlueRov/bluerov_ws/src/ping_sonar_ros-master/install/ping_sonar_ros/lib/python3.10/site-packages/ping_sonar_ros/range_pub_component.py to range_pub_component.cpython-310.pyc
[0.801s] byte-compiling /home/loeder/Documents/BlueRov/bluerov_ws/src/ping_sonar_ros-master/install/ping_sonar_ros/lib/python3.10/site-packages/ping_sonar_ros/ping1d_node.py to ping1d_node.cpython-310.pyc
[0.801s] byte-compiling /home/loeder/Documents/BlueRov/bluerov_ws/src/ping_sonar_ros-master/install/ping_sonar_ros/lib/python3.10/site-packages/ping_sonar_ros/ping-python/brping/__init__.py to __init__.cpython-310.pyc
[0.802s] byte-compiling /home/loeder/Documents/BlueRov/bluerov_ws/src/ping_sonar_ros-master/install/ping_sonar_ros/lib/python3.10/site-packages/ping_sonar_ros/ping-python/brping/ping360.py to ping360.cpython-310.pyc
[0.803s] byte-compiling /home/loeder/Documents/BlueRov/bluerov_ws/src/ping_sonar_ros-master/install/ping_sonar_ros/lib/python3.10/site-packages/ping_sonar_ros/ping-python/brping/ping1d.py to ping1d.cpython-310.pyc
[0.804s] byte-compiling /home/loeder/Documents/BlueRov/bluerov_ws/src/ping_sonar_ros-master/install/ping_sonar_ros/lib/python3.10/site-packages/ping_sonar_ros/ping-python/brping/definitions.py to definitions.cpython-310.pyc
[0.805s] byte-compiling /home/loeder/Documents/BlueRov/bluerov_ws/src/ping_sonar_ros-master/install/ping_sonar_ros/lib/python3.10/site-packages/ping_sonar_ros/ping-python/brping/device.py to device.cpython-310.pyc
[0.806s] byte-compiling /home/loeder/Documents/BlueRov/bluerov_ws/src/ping_sonar_ros-master/install/ping_sonar_ros/lib/python3.10/site-packages/ping_sonar_ros/ping-python/brping/pingmessage.py to pingmessage.cpython-310.pyc
[0.807s] byte-compiling /home/loeder/Documents/BlueRov/bluerov_ws/src/ping_sonar_ros-master/install/ping_sonar_ros/lib/python3.10/site-packages/ping_sonar_ros/ping1d_component.py to ping1d_component.cpython-310.pyc
[0.808s] running install_data
[0.808s] creating /home/loeder/Documents/BlueRov/bluerov_ws/src/ping_sonar_ros-master/install/ping_sonar_ros/share/ament_index
[0.808s] creating /home/loeder/Documents/BlueRov/bluerov_ws/src/ping_sonar_ros-master/install/ping_sonar_ros/share/ament_index/resource_index
[0.808s] creating /home/loeder/Documents/BlueRov/bluerov_ws/src/ping_sonar_ros-master/install/ping_sonar_ros/share/ament_index/resource_index/packages
[0.809s] copying resource/ping_sonar_ros -> /home/loeder/Documents/BlueRov/bluerov_ws/src/ping_sonar_ros-master/install/ping_sonar_ros/share/ament_index/resource_index/packages
[0.809s] copying package.xml -> /home/loeder/Documents/BlueRov/bluerov_ws/src/ping_sonar_ros-master/install/ping_sonar_ros/share/ping_sonar_ros
[0.809s] creating /home/loeder/Documents/BlueRov/bluerov_ws/src/ping_sonar_ros-master/install/ping_sonar_ros/share/ping_sonar_ros/launch
[0.809s] copying launch/ping_sonar.launch.py -> /home/loeder/Documents/BlueRov/bluerov_ws/src/ping_sonar_ros-master/install/ping_sonar_ros/share/ping_sonar_ros/launch/
[0.809s] copying launch/run_pinger.launch -> /home/loeder/Documents/BlueRov/bluerov_ws/src/ping_sonar_ros-master/install/ping_sonar_ros/share/ping_sonar_ros/launch/
[0.809s] creating /home/loeder/Documents/BlueRov/bluerov_ws/src/ping_sonar_ros-master/install/ping_sonar_ros/share/ping_sonar_ros/rviz
[0.809s] copying rviz/ping_sonar.rviz -> /home/loeder/Documents/BlueRov/bluerov_ws/src/ping_sonar_ros-master/install/ping_sonar_ros/share/ping_sonar_ros/rviz/
[0.809s] running install_egg_info
[0.811s] Copying build/ping_sonar_ros/ping_sonar_ros.egg-info to /home/loeder/Documents/BlueRov/bluerov_ws/src/ping_sonar_ros-master/install/ping_sonar_ros/lib/python3.10/site-packages/ping_sonar_ros-0.0.0-py3.10.egg-info
[0.812s] running install_scripts
[0.830s] Installing ping1d_node script to /home/loeder/Documents/BlueRov/bluerov_ws/src/ping_sonar_ros-master/install/ping_sonar_ros/lib/ping_sonar_ros
[0.830s] Installing range_node script to /home/loeder/Documents/BlueRov/bluerov_ws/src/ping_sonar_ros-master/install/ping_sonar_ros/lib/ping_sonar_ros
[0.830s] writing list of installed files to '/home/loeder/Documents/BlueRov/bluerov_ws/src/ping_sonar_ros-master/build/ping_sonar_ros/install.log'
[0.863s] Invoked command in '/home/loeder/Documents/BlueRov/bluerov_ws/src/ping_sonar_ros-master' returned '0': PYTHONPATH=/home/loeder/Documents/BlueRov/bluerov_ws/src/ping_sonar_ros-master/build/ping_sonar_ros/prefix_override:/usr/lib/python3/dist-packages/colcon_core/task/python/colcon_distutils_commands:/home/loeder/Documents/BlueRov/bluerov_ws/src/ping_sonar_ros-master/install/ping_sonar_ros/lib/python3.10/site-packages:${PYTHONPATH} /usr/bin/python3 -W ignore:setup.py install is deprecated setup.py egg_info --egg-base build/ping_sonar_ros build --build-base /home/loeder/Documents/BlueRov/bluerov_ws/src/ping_sonar_ros-master/build/ping_sonar_ros/build install --record /home/loeder/Documents/BlueRov/bluerov_ws/src/ping_sonar_ros-master/build/ping_sonar_ros/install.log --single-version-externally-managed install_data
