[1.056s] Invoking command in '/home/loeder/Documents/BlueRov/bluerov_ws/src/autonomous_rov': PYTHONPATH=/home/loeder/Documents/BlueRov/bluerov_ws/src/build/autonomous_rov/prefix_override:/usr/lib/python3/dist-packages/colcon_core/task/python/colcon_distutils_commands:/home/loeder/Documents/BlueRov/bluerov_ws/src/install/autonomous_rov/lib/python3.10/site-packages:${PYTHONPATH} /usr/bin/python3 -W ignore:setup.py install is deprecated setup.py egg_info --egg-base ../build/autonomous_rov build --build-base /home/loeder/Documents/BlueRov/bluerov_ws/src/build/autonomous_rov/build install --record /home/loeder/Documents/BlueRov/bluerov_ws/src/build/autonomous_rov/install.log --single-version-externally-managed install_data
[1.317s] running egg_info
[1.318s] writing ../build/autonomous_rov/autonomous_rov.egg-info/PKG-INFO
[1.318s] writing dependency_links to ../build/autonomous_rov/autonomous_rov.egg-info/dependency_links.txt
[1.318s] writing entry points to ../build/autonomous_rov/autonomous_rov.egg-info/entry_points.txt
[1.318s] writing requirements to ../build/autonomous_rov/autonomous_rov.egg-info/requires.txt
[1.318s] writing top-level names to ../build/autonomous_rov/autonomous_rov.egg-info/top_level.txt
[1.325s] reading manifest file '../build/autonomous_rov/autonomous_rov.egg-info/SOURCES.txt'
[1.326s] writing manifest file '../build/autonomous_rov/autonomous_rov.egg-info/SOURCES.txt'
[1.326s] running build
[1.326s] running build_py
[1.327s] copying autonomous_rov/image_processing_tracker.py -> /home/loeder/Documents/BlueRov/bluerov_ws/src/build/autonomous_rov/build/lib/autonomous_rov
[1.327s] running install
[1.328s] running install_lib
[1.330s] copying /home/loeder/Documents/BlueRov/bluerov_ws/src/build/autonomous_rov/build/lib/autonomous_rov/image_processing_tracker.py -> /home/loeder/Documents/BlueRov/bluerov_ws/src/install/autonomous_rov/lib/python3.10/site-packages/autonomous_rov
[1.331s] byte-compiling /home/loeder/Documents/BlueRov/bluerov_ws/src/install/autonomous_rov/lib/python3.10/site-packages/autonomous_rov/image_processing_mir_ROS1.py to image_processing_mir_ROS1.cpython-310.pyc
[1.331s] Sorry: TabError: inconsistent use of tabs and spaces in indentation (image_processing_mir_ROS1.py, line 23)
[1.332s] byte-compiling /home/loeder/Documents/BlueRov/bluerov_ws/src/install/autonomous_rov/lib/python3.10/site-packages/autonomous_rov/image_processing_tracker.py to image_processing_tracker.cpython-310.pyc
[1.334s] running install_data
[1.335s] running install_egg_info
[1.340s] removing '/home/loeder/Documents/BlueRov/bluerov_ws/src/install/autonomous_rov/lib/python3.10/site-packages/autonomous_rov-0.0.0-py3.10.egg-info' (and everything under it)
[1.340s] Copying ../build/autonomous_rov/autonomous_rov.egg-info to /home/loeder/Documents/BlueRov/bluerov_ws/src/install/autonomous_rov/lib/python3.10/site-packages/autonomous_rov-0.0.0-py3.10.egg-info
[1.342s] running install_scripts
[1.366s] Installing image_processing_mir script to /home/loeder/Documents/BlueRov/bluerov_ws/src/install/autonomous_rov/lib/autonomous_rov
[1.366s] Installing image_processing_tracker script to /home/loeder/Documents/BlueRov/bluerov_ws/src/install/autonomous_rov/lib/autonomous_rov
[1.367s] Installing listenerMIR script to /home/loeder/Documents/BlueRov/bluerov_ws/src/install/autonomous_rov/lib/autonomous_rov
[1.367s] Installing pinger_node script to /home/loeder/Documents/BlueRov/bluerov_ws/src/install/autonomous_rov/lib/autonomous_rov
[1.367s] Installing video script to /home/loeder/Documents/BlueRov/bluerov_ws/src/install/autonomous_rov/lib/autonomous_rov
[1.367s] Installing webcam_node script to /home/loeder/Documents/BlueRov/bluerov_ws/src/install/autonomous_rov/lib/autonomous_rov
[1.368s] writing list of installed files to '/home/loeder/Documents/BlueRov/bluerov_ws/src/build/autonomous_rov/install.log'
[1.415s] Invoked command in '/home/loeder/Documents/BlueRov/bluerov_ws/src/autonomous_rov' returned '0': PYTHONPATH=/home/loeder/Documents/BlueRov/bluerov_ws/src/build/autonomous_rov/prefix_override:/usr/lib/python3/dist-packages/colcon_core/task/python/colcon_distutils_commands:/home/loeder/Documents/BlueRov/bluerov_ws/src/install/autonomous_rov/lib/python3.10/site-packages:${PYTHONPATH} /usr/bin/python3 -W ignore:setup.py install is deprecated setup.py egg_info --egg-base ../build/autonomous_rov build --build-base /home/loeder/Documents/BlueRov/bluerov_ws/src/build/autonomous_rov/build install --record /home/loeder/Documents/BlueRov/bluerov_ws/src/build/autonomous_rov/install.log --single-version-externally-managed install_data
