[1.001s] Invoking command in '/home/loeder/Documents/BlueRov/bluerov_ws/src/autonomous_rov': PYTHONPATH=/home/loeder/Documents/BlueRov/bluerov_ws/src/build/autonomous_rov/prefix_override:/usr/lib/python3/dist-packages/colcon_core/task/python/colcon_distutils_commands:/home/loeder/Documents/BlueRov/bluerov_ws/src/install/autonomous_rov/lib/python3.10/site-packages:${PYTHONPATH} /usr/bin/python3 -W ignore:setup.py install is deprecated setup.py egg_info --egg-base ../build/autonomous_rov build --build-base /home/loeder/Documents/BlueRov/bluerov_ws/src/build/autonomous_rov/build install --record /home/loeder/Documents/BlueRov/bluerov_ws/src/build/autonomous_rov/install.log --single-version-externally-managed install_data
[1.261s] running egg_info
[1.262s] creating ../build/autonomous_rov/autonomous_rov.egg-info
[1.262s] writing ../build/autonomous_rov/autonomous_rov.egg-info/PKG-INFO
[1.262s] writing dependency_links to ../build/autonomous_rov/autonomous_rov.egg-info/dependency_links.txt
[1.263s] writing entry points to ../build/autonomous_rov/autonomous_rov.egg-info/entry_points.txt
[1.263s] writing requirements to ../build/autonomous_rov/autonomous_rov.egg-info/requires.txt
[1.263s] writing top-level names to ../build/autonomous_rov/autonomous_rov.egg-info/top_level.txt
[1.263s] writing manifest file '../build/autonomous_rov/autonomous_rov.egg-info/SOURCES.txt'
[1.265s] reading manifest file '../build/autonomous_rov/autonomous_rov.egg-info/SOURCES.txt'
[1.265s] writing manifest file '../build/autonomous_rov/autonomous_rov.egg-info/SOURCES.txt'
[1.265s] running build
[1.265s] running build_py
[1.266s] creating /home/loeder/Documents/BlueRov/bluerov_ws/src/build/autonomous_rov/build
[1.266s] creating /home/loeder/Documents/BlueRov/bluerov_ws/src/build/autonomous_rov/build/lib
[1.266s] creating /home/loeder/Documents/BlueRov/bluerov_ws/src/build/autonomous_rov/build/lib/autonomous_rov
[1.266s] copying autonomous_rov/__init__.py -> /home/loeder/Documents/BlueRov/bluerov_ws/src/build/autonomous_rov/build/lib/autonomous_rov
[1.266s] copying autonomous_rov/listenerMIR.py -> /home/loeder/Documents/BlueRov/bluerov_ws/src/build/autonomous_rov/build/lib/autonomous_rov
[1.266s] copying autonomous_rov/listenerMIR-old.py -> /home/loeder/Documents/BlueRov/bluerov_ws/src/build/autonomous_rov/build/lib/autonomous_rov
[1.266s] copying autonomous_rov/video.py -> /home/loeder/Documents/BlueRov/bluerov_ws/src/build/autonomous_rov/build/lib/autonomous_rov
[1.267s] copying autonomous_rov/pinger_node.py -> /home/loeder/Documents/BlueRov/bluerov_ws/src/build/autonomous_rov/build/lib/autonomous_rov
[1.267s] copying autonomous_rov/listenerMIR-depth-practise.py -> /home/loeder/Documents/BlueRov/bluerov_ws/src/build/autonomous_rov/build/lib/autonomous_rov
[1.267s] copying autonomous_rov/image_processing_tracker_DUNE.py -> /home/loeder/Documents/BlueRov/bluerov_ws/src/build/autonomous_rov/build/lib/autonomous_rov
[1.267s] copying autonomous_rov/linstenerMir-original.py -> /home/loeder/Documents/BlueRov/bluerov_ws/src/build/autonomous_rov/build/lib/autonomous_rov
[1.268s] copying autonomous_rov/image_processing_tracker.py -> /home/loeder/Documents/BlueRov/bluerov_ws/src/build/autonomous_rov/build/lib/autonomous_rov
[1.268s] copying autonomous_rov/camera_parameters.py -> /home/loeder/Documents/BlueRov/bluerov_ws/src/build/autonomous_rov/build/lib/autonomous_rov
[1.268s] copying autonomous_rov/webcam_node.py -> /home/loeder/Documents/BlueRov/bluerov_ws/src/build/autonomous_rov/build/lib/autonomous_rov
[1.268s] copying autonomous_rov/image_processing_mir.py -> /home/loeder/Documents/BlueRov/bluerov_ws/src/build/autonomous_rov/build/lib/autonomous_rov
[1.269s] copying autonomous_rov/visual_servoing_MIR.py -> /home/loeder/Documents/BlueRov/bluerov_ws/src/build/autonomous_rov/build/lib/autonomous_rov
[1.269s] copying autonomous_rov/listenerMIR-visual-servoing.py -> /home/loeder/Documents/BlueRov/bluerov_ws/src/build/autonomous_rov/build/lib/autonomous_rov
[1.270s] running install
[1.271s] running install_lib
[1.273s] creating /home/loeder/Documents/BlueRov/bluerov_ws/src/install/autonomous_rov/lib/python3.10/site-packages/autonomous_rov
[1.273s] copying /home/loeder/Documents/BlueRov/bluerov_ws/src/build/autonomous_rov/build/lib/autonomous_rov/__init__.py -> /home/loeder/Documents/BlueRov/bluerov_ws/src/install/autonomous_rov/lib/python3.10/site-packages/autonomous_rov
[1.274s] copying /home/loeder/Documents/BlueRov/bluerov_ws/src/build/autonomous_rov/build/lib/autonomous_rov/listenerMIR.py -> /home/loeder/Documents/BlueRov/bluerov_ws/src/install/autonomous_rov/lib/python3.10/site-packages/autonomous_rov
[1.274s] copying /home/loeder/Documents/BlueRov/bluerov_ws/src/build/autonomous_rov/build/lib/autonomous_rov/listenerMIR-old.py -> /home/loeder/Documents/BlueRov/bluerov_ws/src/install/autonomous_rov/lib/python3.10/site-packages/autonomous_rov
[1.274s] copying /home/loeder/Documents/BlueRov/bluerov_ws/src/build/autonomous_rov/build/lib/autonomous_rov/video.py -> /home/loeder/Documents/BlueRov/bluerov_ws/src/install/autonomous_rov/lib/python3.10/site-packages/autonomous_rov
[1.274s] copying /home/loeder/Documents/BlueRov/bluerov_ws/src/build/autonomous_rov/build/lib/autonomous_rov/pinger_node.py -> /home/loeder/Documents/BlueRov/bluerov_ws/src/install/autonomous_rov/lib/python3.10/site-packages/autonomous_rov
[1.274s] copying /home/loeder/Documents/BlueRov/bluerov_ws/src/build/autonomous_rov/build/lib/autonomous_rov/listenerMIR-depth-practise.py -> /home/loeder/Documents/BlueRov/bluerov_ws/src/install/autonomous_rov/lib/python3.10/site-packages/autonomous_rov
[1.274s] copying /home/loeder/Documents/BlueRov/bluerov_ws/src/build/autonomous_rov/build/lib/autonomous_rov/image_processing_tracker_DUNE.py -> /home/loeder/Documents/BlueRov/bluerov_ws/src/install/autonomous_rov/lib/python3.10/site-packages/autonomous_rov
[1.274s] copying /home/loeder/Documents/BlueRov/bluerov_ws/src/build/autonomous_rov/build/lib/autonomous_rov/linstenerMir-original.py -> /home/loeder/Documents/BlueRov/bluerov_ws/src/install/autonomous_rov/lib/python3.10/site-packages/autonomous_rov
[1.274s] copying /home/loeder/Documents/BlueRov/bluerov_ws/src/build/autonomous_rov/build/lib/autonomous_rov/image_processing_tracker.py -> /home/loeder/Documents/BlueRov/bluerov_ws/src/install/autonomous_rov/lib/python3.10/site-packages/autonomous_rov
[1.274s] copying /home/loeder/Documents/BlueRov/bluerov_ws/src/build/autonomous_rov/build/lib/autonomous_rov/camera_parameters.py -> /home/loeder/Documents/BlueRov/bluerov_ws/src/install/autonomous_rov/lib/python3.10/site-packages/autonomous_rov
[1.274s] copying /home/loeder/Documents/BlueRov/bluerov_ws/src/build/autonomous_rov/build/lib/autonomous_rov/webcam_node.py -> /home/loeder/Documents/BlueRov/bluerov_ws/src/install/autonomous_rov/lib/python3.10/site-packages/autonomous_rov
[1.274s] copying /home/loeder/Documents/BlueRov/bluerov_ws/src/build/autonomous_rov/build/lib/autonomous_rov/image_processing_mir.py -> /home/loeder/Documents/BlueRov/bluerov_ws/src/install/autonomous_rov/lib/python3.10/site-packages/autonomous_rov
[1.275s] copying /home/loeder/Documents/BlueRov/bluerov_ws/src/build/autonomous_rov/build/lib/autonomous_rov/visual_servoing_MIR.py -> /home/loeder/Documents/BlueRov/bluerov_ws/src/install/autonomous_rov/lib/python3.10/site-packages/autonomous_rov
[1.275s] copying /home/loeder/Documents/BlueRov/bluerov_ws/src/build/autonomous_rov/build/lib/autonomous_rov/listenerMIR-visual-servoing.py -> /home/loeder/Documents/BlueRov/bluerov_ws/src/install/autonomous_rov/lib/python3.10/site-packages/autonomous_rov
[1.275s] byte-compiling /home/loeder/Documents/BlueRov/bluerov_ws/src/install/autonomous_rov/lib/python3.10/site-packages/autonomous_rov/__init__.py to __init__.cpython-310.pyc
[1.276s] byte-compiling /home/loeder/Documents/BlueRov/bluerov_ws/src/install/autonomous_rov/lib/python3.10/site-packages/autonomous_rov/listenerMIR.py to listenerMIR.cpython-310.pyc
[1.279s] byte-compiling /home/loeder/Documents/BlueRov/bluerov_ws/src/install/autonomous_rov/lib/python3.10/site-packages/autonomous_rov/listenerMIR-old.py to listenerMIR-old.cpython-310.pyc
[1.281s] byte-compiling /home/loeder/Documents/BlueRov/bluerov_ws/src/install/autonomous_rov/lib/python3.10/site-packages/autonomous_rov/video.py to video.cpython-310.pyc
[1.282s] byte-compiling /home/loeder/Documents/BlueRov/bluerov_ws/src/install/autonomous_rov/lib/python3.10/site-packages/autonomous_rov/pinger_node.py to pinger_node.cpython-310.pyc
[1.282s] byte-compiling /home/loeder/Documents/BlueRov/bluerov_ws/src/install/autonomous_rov/lib/python3.10/site-packages/autonomous_rov/listenerMIR-depth-practise.py to listenerMIR-depth-practise.cpython-310.pyc
[1.285s] byte-compiling /home/loeder/Documents/BlueRov/bluerov_ws/src/install/autonomous_rov/lib/python3.10/site-packages/autonomous_rov/image_processing_tracker_DUNE.py to image_processing_tracker_DUNE.cpython-310.pyc
[1.287s] byte-compiling /home/loeder/Documents/BlueRov/bluerov_ws/src/install/autonomous_rov/lib/python3.10/site-packages/autonomous_rov/linstenerMir-original.py to linstenerMir-original.cpython-310.pyc
[1.289s] byte-compiling /home/loeder/Documents/BlueRov/bluerov_ws/src/install/autonomous_rov/lib/python3.10/site-packages/autonomous_rov/image_processing_tracker.py to image_processing_tracker.cpython-310.pyc
[1.290s] byte-compiling /home/loeder/Documents/BlueRov/bluerov_ws/src/install/autonomous_rov/lib/python3.10/site-packages/autonomous_rov/camera_parameters.py to camera_parameters.cpython-310.pyc
[1.291s] byte-compiling /home/loeder/Documents/BlueRov/bluerov_ws/src/install/autonomous_rov/lib/python3.10/site-packages/autonomous_rov/webcam_node.py to webcam_node.cpython-310.pyc
[1.291s] byte-compiling /home/loeder/Documents/BlueRov/bluerov_ws/src/install/autonomous_rov/lib/python3.10/site-packages/autonomous_rov/image_processing_mir.py to image_processing_mir.cpython-310.pyc
[1.292s] byte-compiling /home/loeder/Documents/BlueRov/bluerov_ws/src/install/autonomous_rov/lib/python3.10/site-packages/autonomous_rov/visual_servoing_MIR.py to visual_servoing_MIR.cpython-310.pyc
[1.295s] byte-compiling /home/loeder/Documents/BlueRov/bluerov_ws/src/install/autonomous_rov/lib/python3.10/site-packages/autonomous_rov/listenerMIR-visual-servoing.py to listenerMIR-visual-servoing.cpython-310.pyc
[1.298s] running install_data
[1.299s] creating /home/loeder/Documents/BlueRov/bluerov_ws/src/install/autonomous_rov/share/ament_index
[1.299s] creating /home/loeder/Documents/BlueRov/bluerov_ws/src/install/autonomous_rov/share/ament_index/resource_index
[1.299s] creating /home/loeder/Documents/BlueRov/bluerov_ws/src/install/autonomous_rov/share/ament_index/resource_index/packages
[1.299s] copying resource/autonomous_rov -> /home/loeder/Documents/BlueRov/bluerov_ws/src/install/autonomous_rov/share/ament_index/resource_index/packages
[1.299s] copying package.xml -> /home/loeder/Documents/BlueRov/bluerov_ws/src/install/autonomous_rov/share/autonomous_rov
[1.299s] creating /home/loeder/Documents/BlueRov/bluerov_ws/src/install/autonomous_rov/share/autonomous_rov/launch
[1.299s] copying launch/visual_servoing.launch.py -> /home/loeder/Documents/BlueRov/bluerov_ws/src/install/autonomous_rov/share/autonomous_rov/launch
[1.299s] copying launch/run_image_processing.launch -> /home/loeder/Documents/BlueRov/bluerov_ws/src/install/autonomous_rov/share/autonomous_rov/launch
[1.299s] copying launch/run_listener_MIR_joy.launch -> /home/loeder/Documents/BlueRov/bluerov_ws/src/install/autonomous_rov/share/autonomous_rov/launch
[1.299s] copying launch/run_mavros.launch -> /home/loeder/Documents/BlueRov/bluerov_ws/src/install/autonomous_rov/share/autonomous_rov/launch
[1.300s] copying launch/run_video.launch -> /home/loeder/Documents/BlueRov/bluerov_ws/src/install/autonomous_rov/share/autonomous_rov/launch
[1.300s] copying launch/bluerov.launch -> /home/loeder/Documents/BlueRov/bluerov_ws/src/install/autonomous_rov/share/autonomous_rov/launch
[1.300s] copying launch/run_listener_MIR.launch -> /home/loeder/Documents/BlueRov/bluerov_ws/src/install/autonomous_rov/share/autonomous_rov/launch
[1.300s] copying launch/run_gamepad.launch -> /home/loeder/Documents/BlueRov/bluerov_ws/src/install/autonomous_rov/share/autonomous_rov/launch
[1.300s] creating /home/loeder/Documents/BlueRov/bluerov_ws/src/install/autonomous_rov/share/autonomous_rov/config
[1.301s] copying config/xbox.config.yaml -> /home/loeder/Documents/BlueRov/bluerov_ws/src/install/autonomous_rov/share/autonomous_rov/config
[1.301s] creating /home/loeder/Documents/BlueRov/bluerov_ws/src/install/autonomous_rov/share/autonomous_rov/lib
[1.301s] copying setup.py -> /home/loeder/Documents/BlueRov/bluerov_ws/src/install/autonomous_rov/share/autonomous_rov/lib
[1.301s] running install_egg_info
[1.305s] Copying ../build/autonomous_rov/autonomous_rov.egg-info to /home/loeder/Documents/BlueRov/bluerov_ws/src/install/autonomous_rov/lib/python3.10/site-packages/autonomous_rov-0.0.0-py3.10.egg-info
[1.306s] running install_scripts
[1.328s] Installing image_processing_mir script to /home/loeder/Documents/BlueRov/bluerov_ws/src/install/autonomous_rov/lib/autonomous_rov
[1.328s] Installing image_processing_tracker script to /home/loeder/Documents/BlueRov/bluerov_ws/src/install/autonomous_rov/lib/autonomous_rov
[1.328s] Installing listenerMIR script to /home/loeder/Documents/BlueRov/bluerov_ws/src/install/autonomous_rov/lib/autonomous_rov
[1.328s] Installing pinger_node script to /home/loeder/Documents/BlueRov/bluerov_ws/src/install/autonomous_rov/lib/autonomous_rov
[1.328s] Installing video script to /home/loeder/Documents/BlueRov/bluerov_ws/src/install/autonomous_rov/lib/autonomous_rov
[1.328s] Installing visual_servoing_MIR script to /home/loeder/Documents/BlueRov/bluerov_ws/src/install/autonomous_rov/lib/autonomous_rov
[1.328s] Installing webcam_node script to /home/loeder/Documents/BlueRov/bluerov_ws/src/install/autonomous_rov/lib/autonomous_rov
[1.329s] writing list of installed files to '/home/loeder/Documents/BlueRov/bluerov_ws/src/build/autonomous_rov/install.log'
[1.384s] Invoked command in '/home/loeder/Documents/BlueRov/bluerov_ws/src/autonomous_rov' returned '0': PYTHONPATH=/home/loeder/Documents/BlueRov/bluerov_ws/src/build/autonomous_rov/prefix_override:/usr/lib/python3/dist-packages/colcon_core/task/python/colcon_distutils_commands:/home/loeder/Documents/BlueRov/bluerov_ws/src/install/autonomous_rov/lib/python3.10/site-packages:${PYTHONPATH} /usr/bin/python3 -W ignore:setup.py install is deprecated setup.py egg_info --egg-base ../build/autonomous_rov build --build-base /home/loeder/Documents/BlueRov/bluerov_ws/src/build/autonomous_rov/build install --record /home/loeder/Documents/BlueRov/bluerov_ws/src/build/autonomous_rov/install.log --single-version-externally-managed install_data
