[0.209s] DEBUG:colcon:Command line arguments: ['/usr/bin/colcon', 'build']
[0.209s] DEBUG:colcon:Parsed command line arguments: Namespace(log_base=None, log_level=None, verb_name='build', build_base='build', install_base='install', merge_install=False, symlink_install=False, test_result_base=None, continue_on_error=False, executor='parallel', parallel_workers=8, event_handlers=None, ignore_user_meta=False, metas=['./colcon.meta'], base_paths=['.'], packages_ignore=None, packages_ignore_regex=None, paths=None, packages_up_to=None, packages_up_to_regex=None, packages_above=None, packages_above_and_dependencies=None, packages_above_depth=None, packages_select_by_dep=None, packages_skip_by_dep=None, packages_skip_up_to=None, packages_select_build_failed=False, packages_skip_build_finished=False, packages_select_test_failures=False, packages_skip_test_passed=False, packages_select=None, packages_skip=None, packages_select_regex=None, packages_skip_regex=None, packages_start=None, packages_end=None, allow_overriding=[], cmake_args=None, cmake_target=None, cmake_target_skip_unavailable=False, cmake_clean_cache=False, cmake_clean_first=False, cmake_force_configure=False, ament_cmake_args=None, catkin_cmake_args=None, catkin_skip_building_tests=False, mixin_files=None, mixin=None, verb_parser=<colcon_mixin.mixin.mixin_argument.MixinArgumentDecorator object at 0x7465a975dea0>, verb_extension=<colcon_core.verb.build.BuildVerb object at 0x7465a986a4d0>, main=<bound method BuildVerb.main of <colcon_core.verb.build.BuildVerb object at 0x7465a986a4d0>>, mixin_verb=('build',))
[0.402s] Level 1:colcon.colcon_core.package_discovery:discover_packages(colcon_meta) check parameters
[0.402s] Level 1:colcon.colcon_core.package_discovery:discover_packages(recursive) check parameters
[0.402s] Level 1:colcon.colcon_core.package_discovery:discover_packages(ignore) check parameters
[0.402s] Level 1:colcon.colcon_core.package_discovery:discover_packages(path) check parameters
[0.402s] Level 1:colcon.colcon_core.package_discovery:discover_packages(colcon_meta) discover
[0.402s] Level 1:colcon.colcon_core.package_discovery:discover_packages(recursive) discover
[0.402s] INFO:colcon.colcon_core.package_discovery:Crawling recursively for packages in '/home/loeder/Documents/BlueRov/bluerov_ws/src'
[0.402s] Level 1:colcon.colcon_core.package_identification:_identify(.) by extensions ['ignore', 'ignore_ament_install']
[0.402s] Level 1:colcon.colcon_core.package_identification:_identify(.) by extension 'ignore'
[0.402s] Level 1:colcon.colcon_core.package_identification:_identify(.) by extension 'ignore_ament_install'
[0.402s] Level 1:colcon.colcon_core.package_identification:_identify(.) by extensions ['colcon_pkg']
[0.402s] Level 1:colcon.colcon_core.package_identification:_identify(.) by extension 'colcon_pkg'
[0.402s] Level 1:colcon.colcon_core.package_identification:_identify(.) by extensions ['colcon_meta']
[0.402s] Level 1:colcon.colcon_core.package_identification:_identify(.) by extension 'colcon_meta'
[0.402s] Level 1:colcon.colcon_core.package_identification:_identify(.) by extensions ['ros']
[0.403s] Level 1:colcon.colcon_core.package_identification:_identify(.) by extension 'ros'
[0.414s] Level 1:colcon.colcon_core.package_identification:_identify(.) by extensions ['cmake', 'python']
[0.414s] Level 1:colcon.colcon_core.package_identification:_identify(.) by extension 'cmake'
[0.414s] Level 1:colcon.colcon_core.package_identification:_identify(.) by extension 'python'
[0.414s] Level 1:colcon.colcon_core.package_identification:_identify(.) by extensions ['python_setup_py']
[0.414s] Level 1:colcon.colcon_core.package_identification:_identify(.) by extension 'python_setup_py'
[0.414s] Level 1:colcon.colcon_core.package_identification:_identify(autonomous_rov) by extensions ['ignore', 'ignore_ament_install']
[0.414s] Level 1:colcon.colcon_core.package_identification:_identify(autonomous_rov) by extension 'ignore'
[0.414s] Level 1:colcon.colcon_core.package_identification:_identify(autonomous_rov) by extension 'ignore_ament_install'
[0.414s] Level 1:colcon.colcon_core.package_identification:_identify(autonomous_rov) by extensions ['colcon_pkg']
[0.414s] Level 1:colcon.colcon_core.package_identification:_identify(autonomous_rov) by extension 'colcon_pkg'
[0.414s] Level 1:colcon.colcon_core.package_identification:_identify(autonomous_rov) by extensions ['colcon_meta']
[0.414s] Level 1:colcon.colcon_core.package_identification:_identify(autonomous_rov) by extension 'colcon_meta'
[0.414s] Level 1:colcon.colcon_core.package_identification:_identify(autonomous_rov) by extensions ['ros']
[0.414s] Level 1:colcon.colcon_core.package_identification:_identify(autonomous_rov) by extension 'ros'
[0.417s] DEBUG:colcon.colcon_core.package_identification:Package 'autonomous_rov' with type 'ros.ament_python' and name 'autonomous_rov'
[0.417s] Level 1:colcon.colcon_core.package_identification:_identify(build) by extensions ['ignore', 'ignore_ament_install']
[0.417s] Level 1:colcon.colcon_core.package_identification:_identify(build) by extension 'ignore'
[0.417s] Level 1:colcon.colcon_core.package_identification:_identify(build) ignored
[0.417s] Level 1:colcon.colcon_core.package_identification:_identify(depth_control_docs) by extensions ['ignore', 'ignore_ament_install']
[0.417s] Level 1:colcon.colcon_core.package_identification:_identify(depth_control_docs) by extension 'ignore'
[0.417s] Level 1:colcon.colcon_core.package_identification:_identify(depth_control_docs) by extension 'ignore_ament_install'
[0.417s] Level 1:colcon.colcon_core.package_identification:_identify(depth_control_docs) by extensions ['colcon_pkg']
[0.417s] Level 1:colcon.colcon_core.package_identification:_identify(depth_control_docs) by extension 'colcon_pkg'
[0.417s] Level 1:colcon.colcon_core.package_identification:_identify(depth_control_docs) by extensions ['colcon_meta']
[0.417s] Level 1:colcon.colcon_core.package_identification:_identify(depth_control_docs) by extension 'colcon_meta'
[0.417s] Level 1:colcon.colcon_core.package_identification:_identify(depth_control_docs) by extensions ['ros']
[0.417s] Level 1:colcon.colcon_core.package_identification:_identify(depth_control_docs) by extension 'ros'
[0.417s] Level 1:colcon.colcon_core.package_identification:_identify(depth_control_docs) by extensions ['cmake', 'python']
[0.417s] Level 1:colcon.colcon_core.package_identification:_identify(depth_control_docs) by extension 'cmake'
[0.417s] Level 1:colcon.colcon_core.package_identification:_identify(depth_control_docs) by extension 'python'
[0.417s] Level 1:colcon.colcon_core.package_identification:_identify(depth_control_docs) by extensions ['python_setup_py']
[0.417s] Level 1:colcon.colcon_core.package_identification:_identify(depth_control_docs) by extension 'python_setup_py'
[0.418s] Level 1:colcon.colcon_core.package_identification:_identify(install) by extensions ['ignore', 'ignore_ament_install']
[0.418s] Level 1:colcon.colcon_core.package_identification:_identify(install) by extension 'ignore'
[0.418s] Level 1:colcon.colcon_core.package_identification:_identify(install) ignored
[0.418s] Level 1:colcon.colcon_core.package_identification:_identify(log) by extensions ['ignore', 'ignore_ament_install']
[0.418s] Level 1:colcon.colcon_core.package_identification:_identify(log) by extension 'ignore'
[0.418s] Level 1:colcon.colcon_core.package_identification:_identify(log) ignored
[0.418s] Level 1:colcon.colcon_core.package_identification:_identify(ping_sonar_ros-master) by extensions ['ignore', 'ignore_ament_install']
[0.418s] Level 1:colcon.colcon_core.package_identification:_identify(ping_sonar_ros-master) by extension 'ignore'
[0.418s] Level 1:colcon.colcon_core.package_identification:_identify(ping_sonar_ros-master) by extension 'ignore_ament_install'
[0.418s] Level 1:colcon.colcon_core.package_identification:_identify(ping_sonar_ros-master) by extensions ['colcon_pkg']
[0.418s] Level 1:colcon.colcon_core.package_identification:_identify(ping_sonar_ros-master) by extension 'colcon_pkg'
[0.418s] Level 1:colcon.colcon_core.package_identification:_identify(ping_sonar_ros-master) by extensions ['colcon_meta']
[0.418s] Level 1:colcon.colcon_core.package_identification:_identify(ping_sonar_ros-master) by extension 'colcon_meta'
[0.418s] Level 1:colcon.colcon_core.package_identification:_identify(ping_sonar_ros-master) by extensions ['ros']
[0.418s] Level 1:colcon.colcon_core.package_identification:_identify(ping_sonar_ros-master) by extension 'ros'
[0.419s] DEBUG:colcon.colcon_core.package_identification:Package 'ping_sonar_ros-master' with type 'ros.ament_python' and name 'ping_sonar_ros'
[0.419s] Level 1:colcon.colcon_core.package_discovery:discover_packages(recursive) using defaults
[0.419s] Level 1:colcon.colcon_core.package_discovery:discover_packages(ignore) discover
[0.419s] Level 1:colcon.colcon_core.package_discovery:discover_packages(ignore) using defaults
[0.419s] Level 1:colcon.colcon_core.package_discovery:discover_packages(path) discover
[0.419s] Level 1:colcon.colcon_core.package_discovery:discover_packages(path) using defaults
[0.441s] Level 1:colcon.colcon_core.package_discovery:discover_packages(prefix_path) check parameters
[0.441s] Level 1:colcon.colcon_core.package_discovery:discover_packages(prefix_path) discover
[0.444s] DEBUG:colcon.colcon_installed_package_information.package_discovery:Found 2 installed packages in /home/loeder/Documents/BlueRov/bluerov_ws/install
[0.445s] DEBUG:colcon.colcon_installed_package_information.package_discovery:Found 2 installed packages in /home/loeder/ros2_ws/install
[0.447s] DEBUG:colcon.colcon_installed_package_information.package_discovery:Found 280 installed packages in /opt/ros/humble
[0.460s] Level 1:colcon.colcon_core.package_discovery:discover_packages(prefix_path) using defaults
[0.514s] Level 5:colcon.colcon_core.verb:set package 'autonomous_rov' build argument 'cmake_args' from command line to 'None'
[0.514s] Level 5:colcon.colcon_core.verb:set package 'autonomous_rov' build argument 'cmake_target' from command line to 'None'
[0.514s] Level 5:colcon.colcon_core.verb:set package 'autonomous_rov' build argument 'cmake_target_skip_unavailable' from command line to 'False'
[0.514s] Level 5:colcon.colcon_core.verb:set package 'autonomous_rov' build argument 'cmake_clean_cache' from command line to 'False'
[0.514s] Level 5:colcon.colcon_core.verb:set package 'autonomous_rov' build argument 'cmake_clean_first' from command line to 'False'
[0.514s] Level 5:colcon.colcon_core.verb:set package 'autonomous_rov' build argument 'cmake_force_configure' from command line to 'False'
[0.514s] Level 5:colcon.colcon_core.verb:set package 'autonomous_rov' build argument 'ament_cmake_args' from command line to 'None'
[0.514s] Level 5:colcon.colcon_core.verb:set package 'autonomous_rov' build argument 'catkin_cmake_args' from command line to 'None'
[0.514s] Level 5:colcon.colcon_core.verb:set package 'autonomous_rov' build argument 'catkin_skip_building_tests' from command line to 'False'
[0.514s] DEBUG:colcon.colcon_core.verb:Building package 'autonomous_rov' with the following arguments: {'ament_cmake_args': None, 'build_base': '/home/loeder/Documents/BlueRov/bluerov_ws/src/build/autonomous_rov', 'catkin_cmake_args': None, 'catkin_skip_building_tests': False, 'cmake_args': None, 'cmake_clean_cache': False, 'cmake_clean_first': False, 'cmake_force_configure': False, 'cmake_target': None, 'cmake_target_skip_unavailable': False, 'install_base': '/home/loeder/Documents/BlueRov/bluerov_ws/src/install/autonomous_rov', 'merge_install': False, 'path': '/home/loeder/Documents/BlueRov/bluerov_ws/src/autonomous_rov', 'symlink_install': False, 'test_result_base': None}
[0.515s] Level 5:colcon.colcon_core.verb:set package 'ping_sonar_ros' build argument 'cmake_args' from command line to 'None'
[0.515s] Level 5:colcon.colcon_core.verb:set package 'ping_sonar_ros' build argument 'cmake_target' from command line to 'None'
[0.515s] Level 5:colcon.colcon_core.verb:set package 'ping_sonar_ros' build argument 'cmake_target_skip_unavailable' from command line to 'False'
[0.515s] Level 5:colcon.colcon_core.verb:set package 'ping_sonar_ros' build argument 'cmake_clean_cache' from command line to 'False'
[0.515s] Level 5:colcon.colcon_core.verb:set package 'ping_sonar_ros' build argument 'cmake_clean_first' from command line to 'False'
[0.515s] Level 5:colcon.colcon_core.verb:set package 'ping_sonar_ros' build argument 'cmake_force_configure' from command line to 'False'
[0.515s] Level 5:colcon.colcon_core.verb:set package 'ping_sonar_ros' build argument 'ament_cmake_args' from command line to 'None'
[0.515s] Level 5:colcon.colcon_core.verb:set package 'ping_sonar_ros' build argument 'catkin_cmake_args' from command line to 'None'
[0.515s] Level 5:colcon.colcon_core.verb:set package 'ping_sonar_ros' build argument 'catkin_skip_building_tests' from command line to 'False'
[0.515s] DEBUG:colcon.colcon_core.verb:Building package 'ping_sonar_ros' with the following arguments: {'ament_cmake_args': None, 'build_base': '/home/loeder/Documents/BlueRov/bluerov_ws/src/build/ping_sonar_ros', 'catkin_cmake_args': None, 'catkin_skip_building_tests': False, 'cmake_args': None, 'cmake_clean_cache': False, 'cmake_clean_first': False, 'cmake_force_configure': False, 'cmake_target': None, 'cmake_target_skip_unavailable': False, 'install_base': '/home/loeder/Documents/BlueRov/bluerov_ws/src/install/ping_sonar_ros', 'merge_install': False, 'path': '/home/loeder/Documents/BlueRov/bluerov_ws/src/ping_sonar_ros-master', 'symlink_install': False, 'test_result_base': None}
[0.515s] INFO:colcon.colcon_core.executor:Executing jobs using 'parallel' executor
[0.516s] DEBUG:colcon.colcon_parallel_executor.executor.parallel:run_until_complete
[0.516s] INFO:colcon.colcon_ros.task.ament_python.build:Building ROS package in '/home/loeder/Documents/BlueRov/bluerov_ws/src/autonomous_rov' with build type 'ament_python'
[0.516s] Level 1:colcon.colcon_core.shell:create_environment_hook('autonomous_rov', 'ament_prefix_path')
[0.520s] INFO:colcon.colcon_core.plugin_system:Skipping extension 'colcon_core.shell.bat': Not used on non-Windows systems
[0.520s] INFO:colcon.colcon_core.shell:Creating environment hook '/home/loeder/Documents/BlueRov/bluerov_ws/src/install/autonomous_rov/share/autonomous_rov/hook/ament_prefix_path.ps1'
[0.521s] INFO:colcon.colcon_core.shell:Creating environment descriptor '/home/loeder/Documents/BlueRov/bluerov_ws/src/install/autonomous_rov/share/autonomous_rov/hook/ament_prefix_path.dsv'
[0.521s] INFO:colcon.colcon_core.shell:Creating environment hook '/home/loeder/Documents/BlueRov/bluerov_ws/src/install/autonomous_rov/share/autonomous_rov/hook/ament_prefix_path.sh'
[0.522s] INFO:colcon.colcon_core.shell:Skip shell extension 'powershell' for command environment: Not usable outside of PowerShell
[0.522s] DEBUG:colcon.colcon_core.shell:Skip shell extension 'dsv' for command environment
[0.525s] INFO:colcon.colcon_ros.task.ament_python.build:Building ROS package in '/home/loeder/Documents/BlueRov/bluerov_ws/src/ping_sonar_ros-master' with build type 'ament_python'
[0.525s] Level 1:colcon.colcon_core.shell:create_environment_hook('ping_sonar_ros', 'ament_prefix_path')
[0.525s] INFO:colcon.colcon_core.shell:Creating environment hook '/home/loeder/Documents/BlueRov/bluerov_ws/src/install/ping_sonar_ros/share/ping_sonar_ros/hook/ament_prefix_path.ps1'
[0.526s] INFO:colcon.colcon_core.shell:Creating environment descriptor '/home/loeder/Documents/BlueRov/bluerov_ws/src/install/ping_sonar_ros/share/ping_sonar_ros/hook/ament_prefix_path.dsv'
[0.526s] INFO:colcon.colcon_core.shell:Creating environment hook '/home/loeder/Documents/BlueRov/bluerov_ws/src/install/ping_sonar_ros/share/ping_sonar_ros/hook/ament_prefix_path.sh'
[0.526s] INFO:colcon.colcon_core.shell:Skip shell extension 'powershell' for command environment: Not usable outside of PowerShell
[0.526s] DEBUG:colcon.colcon_core.shell:Skip shell extension 'dsv' for command environment
[0.748s] INFO:colcon.colcon_core.task.python.build:Building Python package in '/home/loeder/Documents/BlueRov/bluerov_ws/src/autonomous_rov'
[0.748s] INFO:colcon.colcon_core.shell:Skip shell extension 'powershell' for command environment: Not usable outside of PowerShell
[0.748s] DEBUG:colcon.colcon_core.shell:Skip shell extension 'dsv' for command environment
[0.970s] INFO:colcon.colcon_core.task.python.build:Building Python package in '/home/loeder/Documents/BlueRov/bluerov_ws/src/ping_sonar_ros-master'
[0.970s] INFO:colcon.colcon_core.shell:Skip shell extension 'powershell' for command environment: Not usable outside of PowerShell
[0.970s] DEBUG:colcon.colcon_core.shell:Skip shell extension 'dsv' for command environment
[1.292s] DEBUG:colcon.colcon_core.event_handler.log_command:Invoking command in '/home/loeder/Documents/BlueRov/bluerov_ws/src/autonomous_rov': PYTHONPATH=/home/loeder/Documents/BlueRov/bluerov_ws/src/build/autonomous_rov/prefix_override:/usr/lib/python3/dist-packages/colcon_core/task/python/colcon_distutils_commands:/home/loeder/Documents/BlueRov/bluerov_ws/src/install/autonomous_rov/lib/python3.10/site-packages:${PYTHONPATH} /usr/bin/python3 -W ignore:setup.py install is deprecated setup.py egg_info --egg-base ../build/autonomous_rov build --build-base /home/loeder/Documents/BlueRov/bluerov_ws/src/build/autonomous_rov/build install --record /home/loeder/Documents/BlueRov/bluerov_ws/src/build/autonomous_rov/install.log --single-version-externally-managed install_data
[1.297s] DEBUG:colcon.colcon_core.event_handler.log_command:Invoking command in '/home/loeder/Documents/BlueRov/bluerov_ws/src/ping_sonar_ros-master': PYTHONPATH=/home/loeder/Documents/BlueRov/bluerov_ws/src/build/ping_sonar_ros/prefix_override:/usr/lib/python3/dist-packages/colcon_core/task/python/colcon_distutils_commands:/home/loeder/Documents/BlueRov/bluerov_ws/src/install/ping_sonar_ros/lib/python3.10/site-packages:${PYTHONPATH} /usr/bin/python3 -W ignore:setup.py install is deprecated setup.py egg_info --egg-base ../build/ping_sonar_ros build --build-base /home/loeder/Documents/BlueRov/bluerov_ws/src/build/ping_sonar_ros/build install --record /home/loeder/Documents/BlueRov/bluerov_ws/src/build/ping_sonar_ros/install.log --single-version-externally-managed install_data
[1.572s] DEBUG:colcon.colcon_core.event_handler.log_command:Invoked command in '/home/loeder/Documents/BlueRov/bluerov_ws/src/ping_sonar_ros-master' returned '0': PYTHONPATH=/home/loeder/Documents/BlueRov/bluerov_ws/src/build/ping_sonar_ros/prefix_override:/usr/lib/python3/dist-packages/colcon_core/task/python/colcon_distutils_commands:/home/loeder/Documents/BlueRov/bluerov_ws/src/install/ping_sonar_ros/lib/python3.10/site-packages:${PYTHONPATH} /usr/bin/python3 -W ignore:setup.py install is deprecated setup.py egg_info --egg-base ../build/ping_sonar_ros build --build-base /home/loeder/Documents/BlueRov/bluerov_ws/src/build/ping_sonar_ros/build install --record /home/loeder/Documents/BlueRov/bluerov_ws/src/build/ping_sonar_ros/install.log --single-version-externally-managed install_data
[1.576s] Level 1:colcon.colcon_core.environment:checking '/home/loeder/Documents/BlueRov/bluerov_ws/src/install/ping_sonar_ros' for CMake module files
[1.576s] Level 1:colcon.colcon_core.environment:checking '/home/loeder/Documents/BlueRov/bluerov_ws/src/install/ping_sonar_ros' for CMake config files
[1.577s] Level 1:colcon.colcon_core.environment:checking '/home/loeder/Documents/BlueRov/bluerov_ws/src/install/ping_sonar_ros/lib'
[1.577s] Level 1:colcon.colcon_core.environment:checking '/home/loeder/Documents/BlueRov/bluerov_ws/src/install/ping_sonar_ros/bin'
[1.577s] Level 1:colcon.colcon_core.environment:checking '/home/loeder/Documents/BlueRov/bluerov_ws/src/install/ping_sonar_ros/lib/pkgconfig/ping_sonar_ros.pc'
[1.577s] Level 1:colcon.colcon_core.environment:checking '/home/loeder/Documents/BlueRov/bluerov_ws/src/install/ping_sonar_ros/lib/python3.10/site-packages'
[1.577s] Level 1:colcon.colcon_core.shell:create_environment_hook('ping_sonar_ros', 'pythonpath')
[1.578s] INFO:colcon.colcon_core.shell:Creating environment hook '/home/loeder/Documents/BlueRov/bluerov_ws/src/install/ping_sonar_ros/share/ping_sonar_ros/hook/pythonpath.ps1'
[1.578s] INFO:colcon.colcon_core.shell:Creating environment descriptor '/home/loeder/Documents/BlueRov/bluerov_ws/src/install/ping_sonar_ros/share/ping_sonar_ros/hook/pythonpath.dsv'
[1.578s] INFO:colcon.colcon_core.shell:Creating environment hook '/home/loeder/Documents/BlueRov/bluerov_ws/src/install/ping_sonar_ros/share/ping_sonar_ros/hook/pythonpath.sh'
[1.578s] Level 1:colcon.colcon_core.environment:checking '/home/loeder/Documents/BlueRov/bluerov_ws/src/install/ping_sonar_ros/bin'
[1.578s] Level 1:colcon.colcon_core.environment:create_environment_scripts_only(ping_sonar_ros)
[1.579s] INFO:colcon.colcon_core.shell:Creating package script '/home/loeder/Documents/BlueRov/bluerov_ws/src/install/ping_sonar_ros/share/ping_sonar_ros/package.ps1'
[1.579s] INFO:colcon.colcon_core.shell:Creating package descriptor '/home/loeder/Documents/BlueRov/bluerov_ws/src/install/ping_sonar_ros/share/ping_sonar_ros/package.dsv'
[1.580s] INFO:colcon.colcon_core.shell:Creating package script '/home/loeder/Documents/BlueRov/bluerov_ws/src/install/ping_sonar_ros/share/ping_sonar_ros/package.sh'
[1.580s] INFO:colcon.colcon_core.shell:Creating package script '/home/loeder/Documents/BlueRov/bluerov_ws/src/install/ping_sonar_ros/share/ping_sonar_ros/package.bash'
[1.581s] INFO:colcon.colcon_core.shell:Creating package script '/home/loeder/Documents/BlueRov/bluerov_ws/src/install/ping_sonar_ros/share/ping_sonar_ros/package.zsh'
[1.582s] Level 1:colcon.colcon_core.environment:create_file_with_runtime_dependencies(/home/loeder/Documents/BlueRov/bluerov_ws/src/install/ping_sonar_ros/share/colcon-core/packages/ping_sonar_ros)
[1.583s] Level 1:colcon.colcon_core.environment:checking '/home/loeder/Documents/BlueRov/bluerov_ws/src/install/autonomous_rov' for CMake module files
[1.583s] DEBUG:colcon.colcon_core.event_handler.log_command:Invoked command in '/home/loeder/Documents/BlueRov/bluerov_ws/src/autonomous_rov' returned '0': PYTHONPATH=/home/loeder/Documents/BlueRov/bluerov_ws/src/build/autonomous_rov/prefix_override:/usr/lib/python3/dist-packages/colcon_core/task/python/colcon_distutils_commands:/home/loeder/Documents/BlueRov/bluerov_ws/src/install/autonomous_rov/lib/python3.10/site-packages:${PYTHONPATH} /usr/bin/python3 -W ignore:setup.py install is deprecated setup.py egg_info --egg-base ../build/autonomous_rov build --build-base /home/loeder/Documents/BlueRov/bluerov_ws/src/build/autonomous_rov/build install --record /home/loeder/Documents/BlueRov/bluerov_ws/src/build/autonomous_rov/install.log --single-version-externally-managed install_data
[1.584s] Level 1:colcon.colcon_core.environment:checking '/home/loeder/Documents/BlueRov/bluerov_ws/src/install/autonomous_rov' for CMake config files
[1.584s] Level 1:colcon.colcon_core.environment:checking '/home/loeder/Documents/BlueRov/bluerov_ws/src/install/autonomous_rov/lib'
[1.584s] Level 1:colcon.colcon_core.environment:checking '/home/loeder/Documents/BlueRov/bluerov_ws/src/install/autonomous_rov/bin'
[1.584s] Level 1:colcon.colcon_core.environment:checking '/home/loeder/Documents/BlueRov/bluerov_ws/src/install/autonomous_rov/lib/pkgconfig/autonomous_rov.pc'
[1.584s] Level 1:colcon.colcon_core.environment:checking '/home/loeder/Documents/BlueRov/bluerov_ws/src/install/autonomous_rov/lib/python3.10/site-packages'
[1.584s] Level 1:colcon.colcon_core.shell:create_environment_hook('autonomous_rov', 'pythonpath')
[1.585s] INFO:colcon.colcon_core.shell:Creating environment hook '/home/loeder/Documents/BlueRov/bluerov_ws/src/install/autonomous_rov/share/autonomous_rov/hook/pythonpath.ps1'
[1.585s] INFO:colcon.colcon_core.shell:Creating environment descriptor '/home/loeder/Documents/BlueRov/bluerov_ws/src/install/autonomous_rov/share/autonomous_rov/hook/pythonpath.dsv'
[1.585s] INFO:colcon.colcon_core.shell:Creating environment hook '/home/loeder/Documents/BlueRov/bluerov_ws/src/install/autonomous_rov/share/autonomous_rov/hook/pythonpath.sh'
[1.585s] Level 1:colcon.colcon_core.environment:checking '/home/loeder/Documents/BlueRov/bluerov_ws/src/install/autonomous_rov/bin'
[1.585s] Level 1:colcon.colcon_core.environment:create_environment_scripts_only(autonomous_rov)
[1.586s] INFO:colcon.colcon_core.shell:Creating package script '/home/loeder/Documents/BlueRov/bluerov_ws/src/install/autonomous_rov/share/autonomous_rov/package.ps1'
[1.586s] INFO:colcon.colcon_core.shell:Creating package descriptor '/home/loeder/Documents/BlueRov/bluerov_ws/src/install/autonomous_rov/share/autonomous_rov/package.dsv'
[1.586s] INFO:colcon.colcon_core.shell:Creating package script '/home/loeder/Documents/BlueRov/bluerov_ws/src/install/autonomous_rov/share/autonomous_rov/package.sh'
[1.586s] INFO:colcon.colcon_core.shell:Creating package script '/home/loeder/Documents/BlueRov/bluerov_ws/src/install/autonomous_rov/share/autonomous_rov/package.bash'
[1.587s] INFO:colcon.colcon_core.shell:Creating package script '/home/loeder/Documents/BlueRov/bluerov_ws/src/install/autonomous_rov/share/autonomous_rov/package.zsh'
[1.587s] Level 1:colcon.colcon_core.environment:create_file_with_runtime_dependencies(/home/loeder/Documents/BlueRov/bluerov_ws/src/install/autonomous_rov/share/colcon-core/packages/autonomous_rov)
[1.587s] DEBUG:colcon.colcon_parallel_executor.executor.parallel:closing loop
[1.587s] DEBUG:colcon.colcon_parallel_executor.executor.parallel:loop closed
[1.587s] DEBUG:colcon.colcon_parallel_executor.executor.parallel:run_until_complete finished with '0'
[1.587s] DEBUG:colcon.colcon_core.event_reactor:joining thread
[1.596s] INFO:colcon.colcon_core.plugin_system:Skipping extension 'colcon_notification.desktop_notification.terminal_notifier': Not used on non-Darwin systems
[1.596s] INFO:colcon.colcon_core.plugin_system:Skipping extension 'colcon_notification.desktop_notification.win32': Not used on non-Windows systems
[1.596s] INFO:colcon.colcon_notification.desktop_notification:Sending desktop notification using 'notify2'
[1.624s] DEBUG:colcon.colcon_core.event_reactor:joined thread
[1.625s] INFO:colcon.colcon_core.shell:Creating prefix script '/home/loeder/Documents/BlueRov/bluerov_ws/src/install/local_setup.ps1'
[1.626s] INFO:colcon.colcon_core.shell:Creating prefix util module '/home/loeder/Documents/BlueRov/bluerov_ws/src/install/_local_setup_util_ps1.py'
[1.627s] INFO:colcon.colcon_core.shell:Creating prefix chain script '/home/loeder/Documents/BlueRov/bluerov_ws/src/install/setup.ps1'
[1.629s] INFO:colcon.colcon_core.shell:Creating prefix script '/home/loeder/Documents/BlueRov/bluerov_ws/src/install/local_setup.sh'
[1.629s] INFO:colcon.colcon_core.shell:Creating prefix util module '/home/loeder/Documents/BlueRov/bluerov_ws/src/install/_local_setup_util_sh.py'
[1.630s] INFO:colcon.colcon_core.shell:Creating prefix chain script '/home/loeder/Documents/BlueRov/bluerov_ws/src/install/setup.sh'
[1.631s] INFO:colcon.colcon_core.shell:Creating prefix script '/home/loeder/Documents/BlueRov/bluerov_ws/src/install/local_setup.bash'
[1.631s] INFO:colcon.colcon_core.shell:Creating prefix chain script '/home/loeder/Documents/BlueRov/bluerov_ws/src/install/setup.bash'
[1.632s] INFO:colcon.colcon_core.shell:Creating prefix script '/home/loeder/Documents/BlueRov/bluerov_ws/src/install/local_setup.zsh'
[1.632s] INFO:colcon.colcon_core.shell:Creating prefix chain script '/home/loeder/Documents/BlueRov/bluerov_ws/src/install/setup.zsh'
