[0.093s] DEBUG:colcon:Command line arguments: ['/usr/bin/colcon', 'build']
[0.093s] DEBUG:colcon:Parsed command line arguments: Namespace(log_base=None, log_level=None, verb_name='build', build_base='build', install_base='install', merge_install=False, symlink_install=False, test_result_base=None, continue_on_error=False, executor='parallel', parallel_workers=8, event_handlers=None, ignore_user_meta=False, metas=['./colcon.meta'], base_paths=['.'], packages_ignore=None, packages_ignore_regex=None, paths=None, packages_up_to=None, packages_up_to_regex=None, packages_above=None, packages_above_and_dependencies=None, packages_above_depth=None, packages_select_by_dep=None, packages_skip_by_dep=None, packages_skip_up_to=None, packages_select_build_failed=False, packages_skip_build_finished=False, packages_select_test_failures=False, packages_skip_test_passed=False, packages_select=None, packages_skip=None, packages_select_regex=None, packages_skip_regex=None, packages_start=None, packages_end=None, allow_overriding=[], cmake_args=None, cmake_target=None, cmake_target_skip_unavailable=False, cmake_clean_cache=False, cmake_clean_first=False, cmake_force_configure=False, ament_cmake_args=None, catkin_cmake_args=None, catkin_skip_building_tests=False, mixin_files=None, mixin=None, verb_parser=<colcon_mixin.mixin.mixin_argument.MixinArgumentDecorator object at 0x74b82f9523e0>, verb_extension=<colcon_core.verb.build.BuildVerb object at 0x74b82fa6ea10>, main=<bound method BuildVerb.main of <colcon_core.verb.build.BuildVerb object at 0x74b82fa6ea10>>, mixin_verb=('build',))
[0.229s] Level 1:colcon.colcon_core.package_discovery:discover_packages(colcon_meta) check parameters
[0.229s] Level 1:colcon.colcon_core.package_discovery:discover_packages(recursive) check parameters
[0.229s] Level 1:colcon.colcon_core.package_discovery:discover_packages(ignore) check parameters
[0.230s] Level 1:colcon.colcon_core.package_discovery:discover_packages(path) check parameters
[0.230s] Level 1:colcon.colcon_core.package_discovery:discover_packages(colcon_meta) discover
[0.230s] Level 1:colcon.colcon_core.package_discovery:discover_packages(recursive) discover
[0.230s] INFO:colcon.colcon_core.package_discovery:Crawling recursively for packages in '/home/loeder/Documents/BlueRov/bluerov_ws/src'
[0.230s] Level 1:colcon.colcon_core.package_identification:_identify(.) by extensions ['ignore', 'ignore_ament_install']
[0.230s] Level 1:colcon.colcon_core.package_identification:_identify(.) by extension 'ignore'
[0.230s] Level 1:colcon.colcon_core.package_identification:_identify(.) by extension 'ignore_ament_install'
[0.230s] Level 1:colcon.colcon_core.package_identification:_identify(.) by extensions ['colcon_pkg']
[0.230s] Level 1:colcon.colcon_core.package_identification:_identify(.) by extension 'colcon_pkg'
[0.230s] Level 1:colcon.colcon_core.package_identification:_identify(.) by extensions ['colcon_meta']
[0.230s] Level 1:colcon.colcon_core.package_identification:_identify(.) by extension 'colcon_meta'
[0.230s] Level 1:colcon.colcon_core.package_identification:_identify(.) by extensions ['ros']
[0.230s] Level 1:colcon.colcon_core.package_identification:_identify(.) by extension 'ros'
[0.240s] Level 1:colcon.colcon_core.package_identification:_identify(.) by extensions ['cmake', 'python']
[0.240s] Level 1:colcon.colcon_core.package_identification:_identify(.) by extension 'cmake'
[0.240s] Level 1:colcon.colcon_core.package_identification:_identify(.) by extension 'python'
[0.240s] Level 1:colcon.colcon_core.package_identification:_identify(.) by extensions ['python_setup_py']
[0.240s] Level 1:colcon.colcon_core.package_identification:_identify(.) by extension 'python_setup_py'
[0.240s] Level 1:colcon.colcon_core.package_identification:_identify(autonomous_rov) by extensions ['ignore', 'ignore_ament_install']
[0.240s] Level 1:colcon.colcon_core.package_identification:_identify(autonomous_rov) by extension 'ignore'
[0.240s] Level 1:colcon.colcon_core.package_identification:_identify(autonomous_rov) by extension 'ignore_ament_install'
[0.240s] Level 1:colcon.colcon_core.package_identification:_identify(autonomous_rov) by extensions ['colcon_pkg']
[0.240s] Level 1:colcon.colcon_core.package_identification:_identify(autonomous_rov) by extension 'colcon_pkg'
[0.240s] Level 1:colcon.colcon_core.package_identification:_identify(autonomous_rov) by extensions ['colcon_meta']
[0.240s] Level 1:colcon.colcon_core.package_identification:_identify(autonomous_rov) by extension 'colcon_meta'
[0.240s] Level 1:colcon.colcon_core.package_identification:_identify(autonomous_rov) by extensions ['ros']
[0.240s] Level 1:colcon.colcon_core.package_identification:_identify(autonomous_rov) by extension 'ros'
[0.242s] DEBUG:colcon.colcon_core.package_identification:Package 'autonomous_rov' with type 'ros.ament_python' and name 'autonomous_rov'
[0.242s] Level 1:colcon.colcon_core.package_identification:_identify(build) by extensions ['ignore', 'ignore_ament_install']
[0.242s] Level 1:colcon.colcon_core.package_identification:_identify(build) by extension 'ignore'
[0.242s] Level 1:colcon.colcon_core.package_identification:_identify(build) ignored
[0.242s] Level 1:colcon.colcon_core.package_identification:_identify(depth_control_docs) by extensions ['ignore', 'ignore_ament_install']
[0.242s] Level 1:colcon.colcon_core.package_identification:_identify(depth_control_docs) by extension 'ignore'
[0.243s] Level 1:colcon.colcon_core.package_identification:_identify(depth_control_docs) by extension 'ignore_ament_install'
[0.243s] Level 1:colcon.colcon_core.package_identification:_identify(depth_control_docs) by extensions ['colcon_pkg']
[0.243s] Level 1:colcon.colcon_core.package_identification:_identify(depth_control_docs) by extension 'colcon_pkg'
[0.243s] Level 1:colcon.colcon_core.package_identification:_identify(depth_control_docs) by extensions ['colcon_meta']
[0.243s] Level 1:colcon.colcon_core.package_identification:_identify(depth_control_docs) by extension 'colcon_meta'
[0.243s] Level 1:colcon.colcon_core.package_identification:_identify(depth_control_docs) by extensions ['ros']
[0.243s] Level 1:colcon.colcon_core.package_identification:_identify(depth_control_docs) by extension 'ros'
[0.243s] Level 1:colcon.colcon_core.package_identification:_identify(depth_control_docs) by extensions ['cmake', 'python']
[0.243s] Level 1:colcon.colcon_core.package_identification:_identify(depth_control_docs) by extension 'cmake'
[0.243s] Level 1:colcon.colcon_core.package_identification:_identify(depth_control_docs) by extension 'python'
[0.243s] Level 1:colcon.colcon_core.package_identification:_identify(depth_control_docs) by extensions ['python_setup_py']
[0.243s] Level 1:colcon.colcon_core.package_identification:_identify(depth_control_docs) by extension 'python_setup_py'
[0.243s] Level 1:colcon.colcon_core.package_identification:_identify(install) by extensions ['ignore', 'ignore_ament_install']
[0.243s] Level 1:colcon.colcon_core.package_identification:_identify(install) by extension 'ignore'
[0.243s] Level 1:colcon.colcon_core.package_identification:_identify(install) ignored
[0.243s] Level 1:colcon.colcon_core.package_identification:_identify(log) by extensions ['ignore', 'ignore_ament_install']
[0.243s] Level 1:colcon.colcon_core.package_identification:_identify(log) by extension 'ignore'
[0.243s] Level 1:colcon.colcon_core.package_identification:_identify(log) ignored
[0.243s] Level 1:colcon.colcon_core.package_identification:_identify(ping_sonar_ros-master) by extensions ['ignore', 'ignore_ament_install']
[0.243s] Level 1:colcon.colcon_core.package_identification:_identify(ping_sonar_ros-master) by extension 'ignore'
[0.243s] Level 1:colcon.colcon_core.package_identification:_identify(ping_sonar_ros-master) by extension 'ignore_ament_install'
[0.243s] Level 1:colcon.colcon_core.package_identification:_identify(ping_sonar_ros-master) by extensions ['colcon_pkg']
[0.243s] Level 1:colcon.colcon_core.package_identification:_identify(ping_sonar_ros-master) by extension 'colcon_pkg'
[0.243s] Level 1:colcon.colcon_core.package_identification:_identify(ping_sonar_ros-master) by extensions ['colcon_meta']
[0.244s] Level 1:colcon.colcon_core.package_identification:_identify(ping_sonar_ros-master) by extension 'colcon_meta'
[0.244s] Level 1:colcon.colcon_core.package_identification:_identify(ping_sonar_ros-master) by extensions ['ros']
[0.244s] Level 1:colcon.colcon_core.package_identification:_identify(ping_sonar_ros-master) by extension 'ros'
[0.244s] DEBUG:colcon.colcon_core.package_identification:Package 'ping_sonar_ros-master' with type 'ros.ament_python' and name 'ping_sonar_ros'
[0.244s] Level 1:colcon.colcon_core.package_discovery:discover_packages(recursive) using defaults
[0.244s] Level 1:colcon.colcon_core.package_discovery:discover_packages(ignore) discover
[0.244s] Level 1:colcon.colcon_core.package_discovery:discover_packages(ignore) using defaults
[0.244s] Level 1:colcon.colcon_core.package_discovery:discover_packages(path) discover
[0.244s] Level 1:colcon.colcon_core.package_discovery:discover_packages(path) using defaults
[0.261s] Level 1:colcon.colcon_core.package_discovery:discover_packages(prefix_path) check parameters
[0.261s] Level 1:colcon.colcon_core.package_discovery:discover_packages(prefix_path) discover
[0.263s] DEBUG:colcon.colcon_installed_package_information.package_discovery:Found 2 installed packages in /home/loeder/Documents/BlueRov/bluerov_ws/src/install
[0.263s] DEBUG:colcon.colcon_installed_package_information.package_discovery:Found 2 installed packages in /home/loeder/Documents/BlueRov/bluerov_ws/install
[0.264s] DEBUG:colcon.colcon_installed_package_information.package_discovery:Found 2 installed packages in /home/loeder/ros2_ws/install
[0.265s] DEBUG:colcon.colcon_installed_package_information.package_discovery:Found 280 installed packages in /opt/ros/humble
[0.280s] Level 1:colcon.colcon_core.package_discovery:discover_packages(prefix_path) using defaults
[0.311s] Level 5:colcon.colcon_core.verb:set package 'autonomous_rov' build argument 'cmake_args' from command line to 'None'
[0.311s] Level 5:colcon.colcon_core.verb:set package 'autonomous_rov' build argument 'cmake_target' from command line to 'None'
[0.311s] Level 5:colcon.colcon_core.verb:set package 'autonomous_rov' build argument 'cmake_target_skip_unavailable' from command line to 'False'
[0.311s] Level 5:colcon.colcon_core.verb:set package 'autonomous_rov' build argument 'cmake_clean_cache' from command line to 'False'
[0.311s] Level 5:colcon.colcon_core.verb:set package 'autonomous_rov' build argument 'cmake_clean_first' from command line to 'False'
[0.311s] Level 5:colcon.colcon_core.verb:set package 'autonomous_rov' build argument 'cmake_force_configure' from command line to 'False'
[0.311s] Level 5:colcon.colcon_core.verb:set package 'autonomous_rov' build argument 'ament_cmake_args' from command line to 'None'
[0.311s] Level 5:colcon.colcon_core.verb:set package 'autonomous_rov' build argument 'catkin_cmake_args' from command line to 'None'
[0.311s] Level 5:colcon.colcon_core.verb:set package 'autonomous_rov' build argument 'catkin_skip_building_tests' from command line to 'False'
[0.311s] DEBUG:colcon.colcon_core.verb:Building package 'autonomous_rov' with the following arguments: {'ament_cmake_args': None, 'build_base': '/home/loeder/Documents/BlueRov/bluerov_ws/src/build/autonomous_rov', 'catkin_cmake_args': None, 'catkin_skip_building_tests': False, 'cmake_args': None, 'cmake_clean_cache': False, 'cmake_clean_first': False, 'cmake_force_configure': False, 'cmake_target': None, 'cmake_target_skip_unavailable': False, 'install_base': '/home/loeder/Documents/BlueRov/bluerov_ws/src/install/autonomous_rov', 'merge_install': False, 'path': '/home/loeder/Documents/BlueRov/bluerov_ws/src/autonomous_rov', 'symlink_install': False, 'test_result_base': None}
[0.312s] Level 5:colcon.colcon_core.verb:set package 'ping_sonar_ros' build argument 'cmake_args' from command line to 'None'
[0.312s] Level 5:colcon.colcon_core.verb:set package 'ping_sonar_ros' build argument 'cmake_target' from command line to 'None'
[0.312s] Level 5:colcon.colcon_core.verb:set package 'ping_sonar_ros' build argument 'cmake_target_skip_unavailable' from command line to 'False'
[0.312s] Level 5:colcon.colcon_core.verb:set package 'ping_sonar_ros' build argument 'cmake_clean_cache' from command line to 'False'
[0.312s] Level 5:colcon.colcon_core.verb:set package 'ping_sonar_ros' build argument 'cmake_clean_first' from command line to 'False'
[0.312s] Level 5:colcon.colcon_core.verb:set package 'ping_sonar_ros' build argument 'cmake_force_configure' from command line to 'False'
[0.312s] Level 5:colcon.colcon_core.verb:set package 'ping_sonar_ros' build argument 'ament_cmake_args' from command line to 'None'
[0.312s] Level 5:colcon.colcon_core.verb:set package 'ping_sonar_ros' build argument 'catkin_cmake_args' from command line to 'None'
[0.312s] Level 5:colcon.colcon_core.verb:set package 'ping_sonar_ros' build argument 'catkin_skip_building_tests' from command line to 'False'
[0.312s] DEBUG:colcon.colcon_core.verb:Building package 'ping_sonar_ros' with the following arguments: {'ament_cmake_args': None, 'build_base': '/home/loeder/Documents/BlueRov/bluerov_ws/src/build/ping_sonar_ros', 'catkin_cmake_args': None, 'catkin_skip_building_tests': False, 'cmake_args': None, 'cmake_clean_cache': False, 'cmake_clean_first': False, 'cmake_force_configure': False, 'cmake_target': None, 'cmake_target_skip_unavailable': False, 'install_base': '/home/loeder/Documents/BlueRov/bluerov_ws/src/install/ping_sonar_ros', 'merge_install': False, 'path': '/home/loeder/Documents/BlueRov/bluerov_ws/src/ping_sonar_ros-master', 'symlink_install': False, 'test_result_base': None}
[0.312s] INFO:colcon.colcon_core.executor:Executing jobs using 'parallel' executor
[0.313s] DEBUG:colcon.colcon_parallel_executor.executor.parallel:run_until_complete
[0.313s] INFO:colcon.colcon_ros.task.ament_python.build:Building ROS package in '/home/loeder/Documents/BlueRov/bluerov_ws/src/autonomous_rov' with build type 'ament_python'
[0.313s] Level 1:colcon.colcon_core.shell:create_environment_hook('autonomous_rov', 'ament_prefix_path')
[0.315s] INFO:colcon.colcon_core.plugin_system:Skipping extension 'colcon_core.shell.bat': Not used on non-Windows systems
[0.315s] INFO:colcon.colcon_core.shell:Creating environment hook '/home/loeder/Documents/BlueRov/bluerov_ws/src/install/autonomous_rov/share/autonomous_rov/hook/ament_prefix_path.ps1'
[0.315s] INFO:colcon.colcon_core.shell:Creating environment descriptor '/home/loeder/Documents/BlueRov/bluerov_ws/src/install/autonomous_rov/share/autonomous_rov/hook/ament_prefix_path.dsv'
[0.316s] INFO:colcon.colcon_core.shell:Creating environment hook '/home/loeder/Documents/BlueRov/bluerov_ws/src/install/autonomous_rov/share/autonomous_rov/hook/ament_prefix_path.sh'
[0.316s] INFO:colcon.colcon_core.shell:Skip shell extension 'powershell' for command environment: Not usable outside of PowerShell
[0.316s] DEBUG:colcon.colcon_core.shell:Skip shell extension 'dsv' for command environment
[0.320s] INFO:colcon.colcon_ros.task.ament_python.build:Building ROS package in '/home/loeder/Documents/BlueRov/bluerov_ws/src/ping_sonar_ros-master' with build type 'ament_python'
[0.320s] Level 1:colcon.colcon_core.shell:create_environment_hook('ping_sonar_ros', 'ament_prefix_path')
[0.320s] INFO:colcon.colcon_core.shell:Creating environment hook '/home/loeder/Documents/BlueRov/bluerov_ws/src/install/ping_sonar_ros/share/ping_sonar_ros/hook/ament_prefix_path.ps1'
[0.320s] INFO:colcon.colcon_core.shell:Creating environment descriptor '/home/loeder/Documents/BlueRov/bluerov_ws/src/install/ping_sonar_ros/share/ping_sonar_ros/hook/ament_prefix_path.dsv'
[0.321s] INFO:colcon.colcon_core.shell:Creating environment hook '/home/loeder/Documents/BlueRov/bluerov_ws/src/install/ping_sonar_ros/share/ping_sonar_ros/hook/ament_prefix_path.sh'
[0.321s] INFO:colcon.colcon_core.shell:Skip shell extension 'powershell' for command environment: Not usable outside of PowerShell
[0.321s] DEBUG:colcon.colcon_core.shell:Skip shell extension 'dsv' for command environment
[0.563s] INFO:colcon.colcon_core.task.python.build:Building Python package in '/home/loeder/Documents/BlueRov/bluerov_ws/src/autonomous_rov'
[0.564s] INFO:colcon.colcon_core.shell:Skip shell extension 'powershell' for command environment: Not usable outside of PowerShell
[0.564s] DEBUG:colcon.colcon_core.shell:Skip shell extension 'dsv' for command environment
[0.807s] INFO:colcon.colcon_core.task.python.build:Building Python package in '/home/loeder/Documents/BlueRov/bluerov_ws/src/ping_sonar_ros-master'
[0.808s] INFO:colcon.colcon_core.shell:Skip shell extension 'powershell' for command environment: Not usable outside of PowerShell
[0.808s] DEBUG:colcon.colcon_core.shell:Skip shell extension 'dsv' for command environment
[1.148s] DEBUG:colcon.colcon_core.event_handler.log_command:Invoking command in '/home/loeder/Documents/BlueRov/bluerov_ws/src/autonomous_rov': PYTHONPATH=/home/loeder/Documents/BlueRov/bluerov_ws/src/build/autonomous_rov/prefix_override:/usr/lib/python3/dist-packages/colcon_core/task/python/colcon_distutils_commands:/home/loeder/Documents/BlueRov/bluerov_ws/src/install/autonomous_rov/lib/python3.10/site-packages:${PYTHONPATH} /usr/bin/python3 -W ignore:setup.py install is deprecated setup.py egg_info --egg-base ../build/autonomous_rov build --build-base /home/loeder/Documents/BlueRov/bluerov_ws/src/build/autonomous_rov/build install --record /home/loeder/Documents/BlueRov/bluerov_ws/src/build/autonomous_rov/install.log --single-version-externally-managed install_data
[1.178s] DEBUG:colcon.colcon_core.event_handler.log_command:Invoking command in '/home/loeder/Documents/BlueRov/bluerov_ws/src/ping_sonar_ros-master': PYTHONPATH=/home/loeder/Documents/BlueRov/bluerov_ws/src/build/ping_sonar_ros/prefix_override:/usr/lib/python3/dist-packages/colcon_core/task/python/colcon_distutils_commands:/home/loeder/Documents/BlueRov/bluerov_ws/src/install/ping_sonar_ros/lib/python3.10/site-packages:${PYTHONPATH} /usr/bin/python3 -W ignore:setup.py install is deprecated setup.py egg_info --egg-base ../build/ping_sonar_ros build --build-base /home/loeder/Documents/BlueRov/bluerov_ws/src/build/ping_sonar_ros/build install --record /home/loeder/Documents/BlueRov/bluerov_ws/src/build/ping_sonar_ros/install.log --single-version-externally-managed install_data
[1.462s] DEBUG:colcon.colcon_core.event_handler.log_command:Invoked command in '/home/loeder/Documents/BlueRov/bluerov_ws/src/autonomous_rov' returned '0': PYTHONPATH=/home/loeder/Documents/BlueRov/bluerov_ws/src/build/autonomous_rov/prefix_override:/usr/lib/python3/dist-packages/colcon_core/task/python/colcon_distutils_commands:/home/loeder/Documents/BlueRov/bluerov_ws/src/install/autonomous_rov/lib/python3.10/site-packages:${PYTHONPATH} /usr/bin/python3 -W ignore:setup.py install is deprecated setup.py egg_info --egg-base ../build/autonomous_rov build --build-base /home/loeder/Documents/BlueRov/bluerov_ws/src/build/autonomous_rov/build install --record /home/loeder/Documents/BlueRov/bluerov_ws/src/build/autonomous_rov/install.log --single-version-externally-managed install_data
[1.465s] Level 1:colcon.colcon_core.environment:checking '/home/loeder/Documents/BlueRov/bluerov_ws/src/install/autonomous_rov' for CMake module files
[1.465s] Level 1:colcon.colcon_core.environment:checking '/home/loeder/Documents/BlueRov/bluerov_ws/src/install/autonomous_rov' for CMake config files
[1.466s] Level 1:colcon.colcon_core.environment:checking '/home/loeder/Documents/BlueRov/bluerov_ws/src/install/autonomous_rov/lib'
[1.466s] Level 1:colcon.colcon_core.environment:checking '/home/loeder/Documents/BlueRov/bluerov_ws/src/install/autonomous_rov/bin'
[1.466s] Level 1:colcon.colcon_core.environment:checking '/home/loeder/Documents/BlueRov/bluerov_ws/src/install/autonomous_rov/lib/pkgconfig/autonomous_rov.pc'
[1.466s] Level 1:colcon.colcon_core.environment:checking '/home/loeder/Documents/BlueRov/bluerov_ws/src/install/autonomous_rov/lib/python3.10/site-packages'
[1.466s] Level 1:colcon.colcon_core.shell:create_environment_hook('autonomous_rov', 'pythonpath')
[1.467s] INFO:colcon.colcon_core.shell:Creating environment hook '/home/loeder/Documents/BlueRov/bluerov_ws/src/install/autonomous_rov/share/autonomous_rov/hook/pythonpath.ps1'
[1.467s] INFO:colcon.colcon_core.shell:Creating environment descriptor '/home/loeder/Documents/BlueRov/bluerov_ws/src/install/autonomous_rov/share/autonomous_rov/hook/pythonpath.dsv'
[1.467s] INFO:colcon.colcon_core.shell:Creating environment hook '/home/loeder/Documents/BlueRov/bluerov_ws/src/install/autonomous_rov/share/autonomous_rov/hook/pythonpath.sh'
[1.468s] Level 1:colcon.colcon_core.environment:checking '/home/loeder/Documents/BlueRov/bluerov_ws/src/install/autonomous_rov/bin'
[1.468s] Level 1:colcon.colcon_core.environment:create_environment_scripts_only(autonomous_rov)
[1.468s] INFO:colcon.colcon_core.shell:Creating package script '/home/loeder/Documents/BlueRov/bluerov_ws/src/install/autonomous_rov/share/autonomous_rov/package.ps1'
[1.469s] INFO:colcon.colcon_core.shell:Creating package descriptor '/home/loeder/Documents/BlueRov/bluerov_ws/src/install/autonomous_rov/share/autonomous_rov/package.dsv'
[1.469s] INFO:colcon.colcon_core.shell:Creating package script '/home/loeder/Documents/BlueRov/bluerov_ws/src/install/autonomous_rov/share/autonomous_rov/package.sh'
[1.470s] INFO:colcon.colcon_core.shell:Creating package script '/home/loeder/Documents/BlueRov/bluerov_ws/src/install/autonomous_rov/share/autonomous_rov/package.bash'
[1.471s] INFO:colcon.colcon_core.shell:Creating package script '/home/loeder/Documents/BlueRov/bluerov_ws/src/install/autonomous_rov/share/autonomous_rov/package.zsh'
[1.471s] Level 1:colcon.colcon_core.environment:create_file_with_runtime_dependencies(/home/loeder/Documents/BlueRov/bluerov_ws/src/install/autonomous_rov/share/colcon-core/packages/autonomous_rov)
[1.475s] Level 1:colcon.colcon_core.environment:checking '/home/loeder/Documents/BlueRov/bluerov_ws/src/install/ping_sonar_ros' for CMake module files
[1.476s] DEBUG:colcon.colcon_core.event_handler.log_command:Invoked command in '/home/loeder/Documents/BlueRov/bluerov_ws/src/ping_sonar_ros-master' returned '0': PYTHONPATH=/home/loeder/Documents/BlueRov/bluerov_ws/src/build/ping_sonar_ros/prefix_override:/usr/lib/python3/dist-packages/colcon_core/task/python/colcon_distutils_commands:/home/loeder/Documents/BlueRov/bluerov_ws/src/install/ping_sonar_ros/lib/python3.10/site-packages:${PYTHONPATH} /usr/bin/python3 -W ignore:setup.py install is deprecated setup.py egg_info --egg-base ../build/ping_sonar_ros build --build-base /home/loeder/Documents/BlueRov/bluerov_ws/src/build/ping_sonar_ros/build install --record /home/loeder/Documents/BlueRov/bluerov_ws/src/build/ping_sonar_ros/install.log --single-version-externally-managed install_data
[1.476s] Level 1:colcon.colcon_core.environment:checking '/home/loeder/Documents/BlueRov/bluerov_ws/src/install/ping_sonar_ros' for CMake config files
[1.477s] Level 1:colcon.colcon_core.environment:checking '/home/loeder/Documents/BlueRov/bluerov_ws/src/install/ping_sonar_ros/lib'
[1.477s] Level 1:colcon.colcon_core.environment:checking '/home/loeder/Documents/BlueRov/bluerov_ws/src/install/ping_sonar_ros/bin'
[1.477s] Level 1:colcon.colcon_core.environment:checking '/home/loeder/Documents/BlueRov/bluerov_ws/src/install/ping_sonar_ros/lib/pkgconfig/ping_sonar_ros.pc'
[1.477s] Level 1:colcon.colcon_core.environment:checking '/home/loeder/Documents/BlueRov/bluerov_ws/src/install/ping_sonar_ros/lib/python3.10/site-packages'
[1.477s] Level 1:colcon.colcon_core.shell:create_environment_hook('ping_sonar_ros', 'pythonpath')
[1.477s] INFO:colcon.colcon_core.shell:Creating environment hook '/home/loeder/Documents/BlueRov/bluerov_ws/src/install/ping_sonar_ros/share/ping_sonar_ros/hook/pythonpath.ps1'
[1.478s] INFO:colcon.colcon_core.shell:Creating environment descriptor '/home/loeder/Documents/BlueRov/bluerov_ws/src/install/ping_sonar_ros/share/ping_sonar_ros/hook/pythonpath.dsv'
[1.478s] INFO:colcon.colcon_core.shell:Creating environment hook '/home/loeder/Documents/BlueRov/bluerov_ws/src/install/ping_sonar_ros/share/ping_sonar_ros/hook/pythonpath.sh'
[1.478s] Level 1:colcon.colcon_core.environment:checking '/home/loeder/Documents/BlueRov/bluerov_ws/src/install/ping_sonar_ros/bin'
[1.478s] Level 1:colcon.colcon_core.environment:create_environment_scripts_only(ping_sonar_ros)
[1.479s] INFO:colcon.colcon_core.shell:Creating package script '/home/loeder/Documents/BlueRov/bluerov_ws/src/install/ping_sonar_ros/share/ping_sonar_ros/package.ps1'
[1.479s] INFO:colcon.colcon_core.shell:Creating package descriptor '/home/loeder/Documents/BlueRov/bluerov_ws/src/install/ping_sonar_ros/share/ping_sonar_ros/package.dsv'
[1.479s] INFO:colcon.colcon_core.shell:Creating package script '/home/loeder/Documents/BlueRov/bluerov_ws/src/install/ping_sonar_ros/share/ping_sonar_ros/package.sh'
[1.480s] INFO:colcon.colcon_core.shell:Creating package script '/home/loeder/Documents/BlueRov/bluerov_ws/src/install/ping_sonar_ros/share/ping_sonar_ros/package.bash'
[1.480s] INFO:colcon.colcon_core.shell:Creating package script '/home/loeder/Documents/BlueRov/bluerov_ws/src/install/ping_sonar_ros/share/ping_sonar_ros/package.zsh'
[1.480s] Level 1:colcon.colcon_core.environment:create_file_with_runtime_dependencies(/home/loeder/Documents/BlueRov/bluerov_ws/src/install/ping_sonar_ros/share/colcon-core/packages/ping_sonar_ros)
[1.480s] DEBUG:colcon.colcon_parallel_executor.executor.parallel:closing loop
[1.481s] DEBUG:colcon.colcon_parallel_executor.executor.parallel:loop closed
[1.481s] DEBUG:colcon.colcon_parallel_executor.executor.parallel:run_until_complete finished with '0'
[1.481s] DEBUG:colcon.colcon_core.event_reactor:joining thread
[1.485s] INFO:colcon.colcon_core.plugin_system:Skipping extension 'colcon_notification.desktop_notification.terminal_notifier': Not used on non-Darwin systems
[1.485s] INFO:colcon.colcon_core.plugin_system:Skipping extension 'colcon_notification.desktop_notification.win32': Not used on non-Windows systems
[1.485s] INFO:colcon.colcon_notification.desktop_notification:Sending desktop notification using 'notify2'
[1.497s] DEBUG:colcon.colcon_core.event_reactor:joined thread
[1.497s] INFO:colcon.colcon_core.shell:Creating prefix script '/home/loeder/Documents/BlueRov/bluerov_ws/src/install/local_setup.ps1'
[1.498s] INFO:colcon.colcon_core.shell:Creating prefix util module '/home/loeder/Documents/BlueRov/bluerov_ws/src/install/_local_setup_util_ps1.py'
[1.500s] INFO:colcon.colcon_core.shell:Creating prefix chain script '/home/loeder/Documents/BlueRov/bluerov_ws/src/install/setup.ps1'
[1.503s] INFO:colcon.colcon_core.shell:Creating prefix script '/home/loeder/Documents/BlueRov/bluerov_ws/src/install/local_setup.sh'
[1.504s] INFO:colcon.colcon_core.shell:Creating prefix util module '/home/loeder/Documents/BlueRov/bluerov_ws/src/install/_local_setup_util_sh.py'
[1.504s] INFO:colcon.colcon_core.shell:Creating prefix chain script '/home/loeder/Documents/BlueRov/bluerov_ws/src/install/setup.sh'
[1.505s] INFO:colcon.colcon_core.shell:Creating prefix script '/home/loeder/Documents/BlueRov/bluerov_ws/src/install/local_setup.bash'
[1.506s] INFO:colcon.colcon_core.shell:Creating prefix chain script '/home/loeder/Documents/BlueRov/bluerov_ws/src/install/setup.bash'
[1.507s] INFO:colcon.colcon_core.shell:Creating prefix script '/home/loeder/Documents/BlueRov/bluerov_ws/src/install/local_setup.zsh'
[1.507s] INFO:colcon.colcon_core.shell:Creating prefix chain script '/home/loeder/Documents/BlueRov/bluerov_ws/src/install/setup.zsh'
