[0.770s] Invoking command in '/home/loeder/Documents/BlueRov/bluerov_ws/src/autonomous_rov': PYTHONPATH=/home/loeder/Documents/BlueRov/bluerov_ws/src/build/autonomous_rov/prefix_override:/usr/lib/python3/dist-packages/colcon_core/task/python/colcon_distutils_commands:/home/loeder/Documents/BlueRov/bluerov_ws/src/install/autonomous_rov/lib/python3.10/site-packages:${PYTHONPATH} /usr/bin/python3 -W ignore:setup.py install is deprecated setup.py egg_info --egg-base ../build/autonomous_rov build --build-base /home/loeder/Documents/BlueRov/bluerov_ws/src/build/autonomous_rov/build install --record /home/loeder/Documents/BlueRov/bluerov_ws/src/build/autonomous_rov/install.log --single-version-externally-managed install_data
[0.967s] running egg_info
[0.968s] writing ../build/autonomous_rov/autonomous_rov.egg-info/PKG-INFO
[0.968s] writing dependency_links to ../build/autonomous_rov/autonomous_rov.egg-info/dependency_links.txt
[0.968s] writing entry points to ../build/autonomous_rov/autonomous_rov.egg-info/entry_points.txt
[0.968s] writing requirements to ../build/autonomous_rov/autonomous_rov.egg-info/requires.txt
[0.968s] writing top-level names to ../build/autonomous_rov/autonomous_rov.egg-info/top_level.txt
[0.970s] reading manifest file '../build/autonomous_rov/autonomous_rov.egg-info/SOURCES.txt'
[0.971s] writing manifest file '../build/autonomous_rov/autonomous_rov.egg-info/SOURCES.txt'
[0.971s] running build
[0.971s] running build_py
[0.971s] running install
[0.972s] running install_lib
[0.974s] byte-compiling /home/loeder/Documents/BlueRov/bluerov_ws/src/install/autonomous_rov/lib/python3.10/site-packages/autonomous_rov/image_processing_mir_ROS1.py to image_processing_mir_ROS1.cpython-310.pyc
[0.974s] Sorry: TabError: inconsistent use of tabs and spaces in indentation (image_processing_mir_ROS1.py, line 23)
[0.974s] running install_data
[0.974s] copying launch/run_video.launch -> /home/loeder/Documents/BlueRov/bluerov_ws/src/install/autonomous_rov/share/autonomous_rov/launch
[0.975s] running install_egg_info
[0.976s] removing '/home/loeder/Documents/BlueRov/bluerov_ws/src/install/autonomous_rov/lib/python3.10/site-packages/autonomous_rov-0.0.0-py3.10.egg-info' (and everything under it)
[0.976s] Copying ../build/autonomous_rov/autonomous_rov.egg-info to /home/loeder/Documents/BlueRov/bluerov_ws/src/install/autonomous_rov/lib/python3.10/site-packages/autonomous_rov-0.0.0-py3.10.egg-info
[0.977s] running install_scripts
[0.994s] Installing image_processing_tracker script to /home/loeder/Documents/BlueRov/bluerov_ws/src/install/autonomous_rov/lib/autonomous_rov
[0.994s] Installing listenerMIR script to /home/loeder/Documents/BlueRov/bluerov_ws/src/install/autonomous_rov/lib/autonomous_rov
[0.994s] Installing pinger_node script to /home/loeder/Documents/BlueRov/bluerov_ws/src/install/autonomous_rov/lib/autonomous_rov
[0.994s] Installing video script to /home/loeder/Documents/BlueRov/bluerov_ws/src/install/autonomous_rov/lib/autonomous_rov
[0.995s] writing list of installed files to '/home/loeder/Documents/BlueRov/bluerov_ws/src/build/autonomous_rov/install.log'
[1.047s] Invoked command in '/home/loeder/Documents/BlueRov/bluerov_ws/src/autonomous_rov' returned '0': PYTHONPATH=/home/loeder/Documents/BlueRov/bluerov_ws/src/build/autonomous_rov/prefix_override:/usr/lib/python3/dist-packages/colcon_core/task/python/colcon_distutils_commands:/home/loeder/Documents/BlueRov/bluerov_ws/src/install/autonomous_rov/lib/python3.10/site-packages:${PYTHONPATH} /usr/bin/python3 -W ignore:setup.py install is deprecated setup.py egg_info --egg-base ../build/autonomous_rov build --build-base /home/loeder/Documents/BlueRov/bluerov_ws/src/build/autonomous_rov/build install --record /home/loeder/Documents/BlueRov/bluerov_ws/src/build/autonomous_rov/install.log --single-version-externally-managed install_data
