[0.779s] Invoking command in '/home/loeder/Documents/BlueRov/bluerov_ws/src/ping_sonar_ros-master': PYTHONPATH=/home/loeder/Documents/BlueRov/bluerov_ws/src/build/ping_sonar_ros/prefix_override:/usr/lib/python3/dist-packages/colcon_core/task/python/colcon_distutils_commands:/home/loeder/Documents/BlueRov/bluerov_ws/src/install/ping_sonar_ros/lib/python3.10/site-packages:${PYTHONPATH} /usr/bin/python3 -W ignore:setup.py install is deprecated setup.py egg_info --egg-base ../build/ping_sonar_ros build --build-base /home/loeder/Documents/BlueRov/bluerov_ws/src/build/ping_sonar_ros/build install --record /home/loeder/Documents/BlueRov/bluerov_ws/src/build/ping_sonar_ros/install.log --single-version-externally-managed install_data
[0.985s] running egg_info
[0.986s] writing ../build/ping_sonar_ros/ping_sonar_ros.egg-info/PKG-INFO
[0.986s] writing dependency_links to ../build/ping_sonar_ros/ping_sonar_ros.egg-info/dependency_links.txt
[0.986s] writing entry points to ../build/ping_sonar_ros/ping_sonar_ros.egg-info/entry_points.txt
[0.987s] writing requirements to ../build/ping_sonar_ros/ping_sonar_ros.egg-info/requires.txt
[0.987s] writing top-level names to ../build/ping_sonar_ros/ping_sonar_ros.egg-info/top_level.txt
[0.988s] reading manifest file '../build/ping_sonar_ros/ping_sonar_ros.egg-info/SOURCES.txt'
[0.988s] adding license file 'LICENSE'
[0.989s] writing manifest file '../build/ping_sonar_ros/ping_sonar_ros.egg-info/SOURCES.txt'
[0.989s] running build
[0.989s] running build_py
[0.990s] running install
[0.990s] running install_lib
[0.993s] running install_data
[0.993s] running install_egg_info
[0.994s] removing '/home/loeder/Documents/BlueRov/bluerov_ws/src/install/ping_sonar_ros/lib/python3.10/site-packages/ping_sonar_ros-0.0.0-py3.10.egg-info' (and everything under it)
[0.995s] Copying ../build/ping_sonar_ros/ping_sonar_ros.egg-info to /home/loeder/Documents/BlueRov/bluerov_ws/src/install/ping_sonar_ros/lib/python3.10/site-packages/ping_sonar_ros-0.0.0-py3.10.egg-info
[0.996s] running install_scripts
[1.015s] Installing ping1d_node script to /home/loeder/Documents/BlueRov/bluerov_ws/src/install/ping_sonar_ros/lib/ping_sonar_ros
[1.015s] Installing range_node script to /home/loeder/Documents/BlueRov/bluerov_ws/src/install/ping_sonar_ros/lib/ping_sonar_ros
[1.015s] writing list of installed files to '/home/loeder/Documents/BlueRov/bluerov_ws/src/build/ping_sonar_ros/install.log'
[1.059s] Invoked command in '/home/loeder/Documents/BlueRov/bluerov_ws/src/ping_sonar_ros-master' returned '0': PYTHONPATH=/home/loeder/Documents/BlueRov/bluerov_ws/src/build/ping_sonar_ros/prefix_override:/usr/lib/python3/dist-packages/colcon_core/task/python/colcon_distutils_commands:/home/loeder/Documents/BlueRov/bluerov_ws/src/install/ping_sonar_ros/lib/python3.10/site-packages:${PYTHONPATH} /usr/bin/python3 -W ignore:setup.py install is deprecated setup.py egg_info --egg-base ../build/ping_sonar_ros build --build-base /home/loeder/Documents/BlueRov/bluerov_ws/src/build/ping_sonar_ros/build install --record /home/loeder/Documents/BlueRov/bluerov_ws/src/build/ping_sonar_ros/install.log --single-version-externally-managed install_data
