/home/loeder/Documents/BlueRov/bluerov_ws/src/install/autonomous_rov/lib/python3.10/site-packages/autonomous_rov/__init__.py
/home/loeder/Documents/BlueRov/bluerov_ws/src/install/autonomous_rov/lib/python3.10/site-packages/autonomous_rov/listenerMIR.py
/home/loeder/Documents/BlueRov/bluerov_ws/src/install/autonomous_rov/lib/python3.10/site-packages/autonomous_rov/listenerMIR-old.py
/home/loeder/Documents/BlueRov/bluerov_ws/src/install/autonomous_rov/lib/python3.10/site-packages/autonomous_rov/video.py
/home/loeder/Documents/BlueRov/bluerov_ws/src/install/autonomous_rov/lib/python3.10/site-packages/autonomous_rov/pinger_node.py
/home/loeder/Documents/BlueRov/bluerov_ws/src/install/autonomous_rov/lib/python3.10/site-packages/autonomous_rov/listenerMIR-depth-practise.py
/home/loeder/Documents/BlueRov/bluerov_ws/src/install/autonomous_rov/lib/python3.10/site-packages/autonomous_rov/image_processing_tracker_DUNE.py
/home/loeder/Documents/BlueRov/bluerov_ws/src/install/autonomous_rov/lib/python3.10/site-packages/autonomous_rov/linstenerMir-original.py
/home/loeder/Documents/BlueRov/bluerov_ws/src/install/autonomous_rov/lib/python3.10/site-packages/autonomous_rov/image_processing_tracker.py
/home/loeder/Documents/BlueRov/bluerov_ws/src/install/autonomous_rov/lib/python3.10/site-packages/autonomous_rov/camera_parameters.py
/home/loeder/Documents/BlueRov/bluerov_ws/src/install/autonomous_rov/lib/python3.10/site-packages/autonomous_rov/webcam_node.py
/home/loeder/Documents/BlueRov/bluerov_ws/src/install/autonomous_rov/lib/python3.10/site-packages/autonomous_rov/image_processing_mir.py
/home/loeder/Documents/BlueRov/bluerov_ws/src/install/autonomous_rov/lib/python3.10/site-packages/autonomous_rov/visual_servoing_MIR.py
/home/loeder/Documents/BlueRov/bluerov_ws/src/install/autonomous_rov/lib/python3.10/site-packages/autonomous_rov/listenerMIR-visual-servoing.py
/home/loeder/Documents/BlueRov/bluerov_ws/src/install/autonomous_rov/lib/python3.10/site-packages/autonomous_rov/__pycache__/__init__.cpython-310.pyc
/home/loeder/Documents/BlueRov/bluerov_ws/src/install/autonomous_rov/lib/python3.10/site-packages/autonomous_rov/__pycache__/listenerMIR.cpython-310.pyc
/home/loeder/Documents/BlueRov/bluerov_ws/src/install/autonomous_rov/lib/python3.10/site-packages/autonomous_rov/__pycache__/listenerMIR-old.cpython-310.pyc
/home/loeder/Documents/BlueRov/bluerov_ws/src/install/autonomous_rov/lib/python3.10/site-packages/autonomous_rov/__pycache__/video.cpython-310.pyc
/home/loeder/Documents/BlueRov/bluerov_ws/src/install/autonomous_rov/lib/python3.10/site-packages/autonomous_rov/__pycache__/pinger_node.cpython-310.pyc
/home/loeder/Documents/BlueRov/bluerov_ws/src/install/autonomous_rov/lib/python3.10/site-packages/autonomous_rov/__pycache__/listenerMIR-depth-practise.cpython-310.pyc
/home/loeder/Documents/BlueRov/bluerov_ws/src/install/autonomous_rov/lib/python3.10/site-packages/autonomous_rov/__pycache__/image_processing_tracker_DUNE.cpython-310.pyc
/home/loeder/Documents/BlueRov/bluerov_ws/src/install/autonomous_rov/lib/python3.10/site-packages/autonomous_rov/__pycache__/linstenerMir-original.cpython-310.pyc
/home/loeder/Documents/BlueRov/bluerov_ws/src/install/autonomous_rov/lib/python3.10/site-packages/autonomous_rov/__pycache__/image_processing_tracker.cpython-310.pyc
/home/loeder/Documents/BlueRov/bluerov_ws/src/install/autonomous_rov/lib/python3.10/site-packages/autonomous_rov/__pycache__/camera_parameters.cpython-310.pyc
/home/loeder/Documents/BlueRov/bluerov_ws/src/install/autonomous_rov/lib/python3.10/site-packages/autonomous_rov/__pycache__/webcam_node.cpython-310.pyc
/home/loeder/Documents/BlueRov/bluerov_ws/src/install/autonomous_rov/lib/python3.10/site-packages/autonomous_rov/__pycache__/image_processing_mir.cpython-310.pyc
/home/loeder/Documents/BlueRov/bluerov_ws/src/install/autonomous_rov/lib/python3.10/site-packages/autonomous_rov/__pycache__/visual_servoing_MIR.cpython-310.pyc
/home/loeder/Documents/BlueRov/bluerov_ws/src/install/autonomous_rov/lib/python3.10/site-packages/autonomous_rov/__pycache__/listenerMIR-visual-servoing.cpython-310.pyc
/home/loeder/Documents/BlueRov/bluerov_ws/src/install/autonomous_rov/share/ament_index/resource_index/packages/autonomous_rov
/home/loeder/Documents/BlueRov/bluerov_ws/src/install/autonomous_rov/share/autonomous_rov/package.xml
/home/loeder/Documents/BlueRov/bluerov_ws/src/install/autonomous_rov/share/autonomous_rov/launch/visual_servoing.launch.py
/home/loeder/Documents/BlueRov/bluerov_ws/src/install/autonomous_rov/share/autonomous_rov/launch/run_image_processing.launch
/home/loeder/Documents/BlueRov/bluerov_ws/src/install/autonomous_rov/share/autonomous_rov/launch/run_listener_MIR_joy.launch
/home/loeder/Documents/BlueRov/bluerov_ws/src/install/autonomous_rov/share/autonomous_rov/launch/run_mavros.launch
/home/loeder/Documents/BlueRov/bluerov_ws/src/install/autonomous_rov/share/autonomous_rov/launch/run_video.launch
/home/loeder/Documents/BlueRov/bluerov_ws/src/install/autonomous_rov/share/autonomous_rov/launch/bluerov.launch
/home/loeder/Documents/BlueRov/bluerov_ws/src/install/autonomous_rov/share/autonomous_rov/launch/run_listener_MIR.launch
/home/loeder/Documents/BlueRov/bluerov_ws/src/install/autonomous_rov/share/autonomous_rov/launch/run_gamepad.launch
/home/loeder/Documents/BlueRov/bluerov_ws/src/install/autonomous_rov/share/autonomous_rov/config/xbox.config.yaml
/home/loeder/Documents/BlueRov/bluerov_ws/src/install/autonomous_rov/share/autonomous_rov/lib/setup.py
/home/loeder/Documents/BlueRov/bluerov_ws/src/install/autonomous_rov/lib/python3.10/site-packages/autonomous_rov-0.0.0-py3.10.egg-info/SOURCES.txt
/home/loeder/Documents/BlueRov/bluerov_ws/src/install/autonomous_rov/lib/python3.10/site-packages/autonomous_rov-0.0.0-py3.10.egg-info/entry_points.txt
/home/loeder/Documents/BlueRov/bluerov_ws/src/install/autonomous_rov/lib/python3.10/site-packages/autonomous_rov-0.0.0-py3.10.egg-info/top_level.txt
/home/loeder/Documents/BlueRov/bluerov_ws/src/install/autonomous_rov/lib/python3.10/site-packages/autonomous_rov-0.0.0-py3.10.egg-info/PKG-INFO
/home/loeder/Documents/BlueRov/bluerov_ws/src/install/autonomous_rov/lib/python3.10/site-packages/autonomous_rov-0.0.0-py3.10.egg-info/requires.txt
/home/loeder/Documents/BlueRov/bluerov_ws/src/install/autonomous_rov/lib/python3.10/site-packages/autonomous_rov-0.0.0-py3.10.egg-info/dependency_links.txt
/home/loeder/Documents/BlueRov/bluerov_ws/src/install/autonomous_rov/lib/python3.10/site-packages/autonomous_rov-0.0.0-py3.10.egg-info/zip-safe
/home/loeder/Documents/BlueRov/bluerov_ws/src/install/autonomous_rov/lib/autonomous_rov/image_processing_mir
/home/loeder/Documents/BlueRov/bluerov_ws/src/install/autonomous_rov/lib/autonomous_rov/image_processing_tracker
/home/loeder/Documents/BlueRov/bluerov_ws/src/install/autonomous_rov/lib/autonomous_rov/listenerMIR
/home/loeder/Documents/BlueRov/bluerov_ws/src/install/autonomous_rov/lib/autonomous_rov/pinger_node
/home/loeder/Documents/BlueRov/bluerov_ws/src/install/autonomous_rov/lib/autonomous_rov/video
/home/loeder/Documents/BlueRov/bluerov_ws/src/install/autonomous_rov/lib/autonomous_rov/visual_servoing_MIR
/home/loeder/Documents/BlueRov/bluerov_ws/src/install/autonomous_rov/lib/autonomous_rov/webcam_node
